Archive member included to satisfy reference by file (symbol)

/Applications/ArmGNUToolchain/12.3.rel1/arm-none-eabi/bin/../lib/gcc/arm-none-eabi/12.3.1/thumb/v6-m/nofp/libgcc.a(_dvmd_tls.o)
                              CMakeFiles/dreamdrivecast_mcu2.dir/Users/kaili/Code/pico-sdk/src/rp2_common/pico_divider/divider.S.obj (__aeabi_idiv0)
/Applications/ArmGNUToolchain/12.3.rel1/arm-none-eabi/bin/../lib/gcc/arm-none-eabi/12.3.1/../../../../arm-none-eabi/lib/thumb/v6-m/nofp/libg.a(libc_a-calloc.o)
                              CMakeFiles/dreamdrivecast_mcu2.dir/Users/kaili/Code/pico-sdk/src/rp2_common/pico_malloc/pico_malloc.c.obj (calloc)
/Applications/ArmGNUToolchain/12.3.rel1/arm-none-eabi/bin/../lib/gcc/arm-none-eabi/12.3.1/../../../../arm-none-eabi/lib/thumb/v6-m/nofp/libg.a(libc_a-callocr.o)
                              /Applications/ArmGNUToolchain/12.3.rel1/arm-none-eabi/bin/../lib/gcc/arm-none-eabi/12.3.1/../../../../arm-none-eabi/lib/thumb/v6-m/nofp/libg.a(libc_a-calloc.o) (_calloc_r)
/Applications/ArmGNUToolchain/12.3.rel1/arm-none-eabi/bin/../lib/gcc/arm-none-eabi/12.3.1/../../../../arm-none-eabi/lib/thumb/v6-m/nofp/libg.a(libc_a-malloc.o)
                              CMakeFiles/dreamdrivecast_mcu2.dir/Users/kaili/Code/pico-sdk/src/rp2_common/pico_malloc/pico_malloc.c.obj (malloc)
/Applications/ArmGNUToolchain/12.3.rel1/arm-none-eabi/bin/../lib/gcc/arm-none-eabi/12.3.1/../../../../arm-none-eabi/lib/thumb/v6-m/nofp/libg.a(libc_a-mallocr.o)
                              /Applications/ArmGNUToolchain/12.3.rel1/arm-none-eabi/bin/../lib/gcc/arm-none-eabi/12.3.1/../../../../arm-none-eabi/lib/thumb/v6-m/nofp/libg.a(libc_a-callocr.o) (_malloc_r)
/Applications/ArmGNUToolchain/12.3.rel1/arm-none-eabi/bin/../lib/gcc/arm-none-eabi/12.3.1/../../../../arm-none-eabi/lib/thumb/v6-m/nofp/libg.a(libc_a-mlock.o)
                              /Applications/ArmGNUToolchain/12.3.rel1/arm-none-eabi/bin/../lib/gcc/arm-none-eabi/12.3.1/../../../../arm-none-eabi/lib/thumb/v6-m/nofp/libg.a(libc_a-mallocr.o) (__malloc_lock)
/Applications/ArmGNUToolchain/12.3.rel1/arm-none-eabi/bin/../lib/gcc/arm-none-eabi/12.3.1/../../../../arm-none-eabi/lib/thumb/v6-m/nofp/libg.a(libc_a-realloc.o)
                              CMakeFiles/dreamdrivecast_mcu2.dir/Users/kaili/Code/pico-sdk/src/rp2_common/pico_malloc/pico_malloc.c.obj (realloc)
/Applications/ArmGNUToolchain/12.3.rel1/arm-none-eabi/bin/../lib/gcc/arm-none-eabi/12.3.1/../../../../arm-none-eabi/lib/thumb/v6-m/nofp/libg.a(libc_a-reallocr.o)
                              /Applications/ArmGNUToolchain/12.3.rel1/arm-none-eabi/bin/../lib/gcc/arm-none-eabi/12.3.1/../../../../arm-none-eabi/lib/thumb/v6-m/nofp/libg.a(libc_a-realloc.o) (_realloc_r)
/Applications/ArmGNUToolchain/12.3.rel1/arm-none-eabi/bin/../lib/gcc/arm-none-eabi/12.3.1/../../../../arm-none-eabi/lib/thumb/v6-m/nofp/libg.a(libc_a-memmove.o)
                              /Applications/ArmGNUToolchain/12.3.rel1/arm-none-eabi/bin/../lib/gcc/arm-none-eabi/12.3.1/../../../../arm-none-eabi/lib/thumb/v6-m/nofp/libg.a(libc_a-reallocr.o) (memmove)
/Applications/ArmGNUToolchain/12.3.rel1/arm-none-eabi/bin/../lib/gcc/arm-none-eabi/12.3.1/../../../../arm-none-eabi/lib/thumb/v6-m/nofp/libg.a(libc_a-impure.o)
                              /Applications/ArmGNUToolchain/12.3.rel1/arm-none-eabi/bin/../lib/gcc/arm-none-eabi/12.3.1/../../../../arm-none-eabi/lib/thumb/v6-m/nofp/libg.a(libc_a-calloc.o) (_impure_ptr)
/Applications/ArmGNUToolchain/12.3.rel1/arm-none-eabi/bin/../lib/gcc/arm-none-eabi/12.3.1/../../../../arm-none-eabi/lib/thumb/v6-m/nofp/libg.a(libc_a-sbrkr.o)
                              /Applications/ArmGNUToolchain/12.3.rel1/arm-none-eabi/bin/../lib/gcc/arm-none-eabi/12.3.1/../../../../arm-none-eabi/lib/thumb/v6-m/nofp/libg.a(libc_a-mallocr.o) (_sbrk_r)
/Applications/ArmGNUToolchain/12.3.rel1/arm-none-eabi/bin/../lib/gcc/arm-none-eabi/12.3.1/../../../../arm-none-eabi/lib/thumb/v6-m/nofp/libg.a(libc_a-errno.o)
                              /Applications/ArmGNUToolchain/12.3.rel1/arm-none-eabi/bin/../lib/gcc/arm-none-eabi/12.3.1/../../../../arm-none-eabi/lib/thumb/v6-m/nofp/libg.a(libc_a-callocr.o) (__errno)
/Applications/ArmGNUToolchain/12.3.rel1/arm-none-eabi/bin/../lib/gcc/arm-none-eabi/12.3.1/../../../../arm-none-eabi/lib/thumb/v6-m/nofp/libg.a(libc_a-sysconf.o)
                              /Applications/ArmGNUToolchain/12.3.rel1/arm-none-eabi/bin/../lib/gcc/arm-none-eabi/12.3.1/../../../../arm-none-eabi/lib/thumb/v6-m/nofp/libg.a(libc_a-mallocr.o) (sysconf)
/Applications/ArmGNUToolchain/12.3.rel1/arm-none-eabi/bin/../lib/gcc/arm-none-eabi/12.3.1/../../../../arm-none-eabi/lib/thumb/v6-m/nofp/libg.a(libc_a-init.o)
                              /Applications/ArmGNUToolchain/12.3.rel1/arm-none-eabi/bin/../lib/gcc/arm-none-eabi/12.3.1/../../../../arm-none-eabi/lib/thumb/v6-m/nofp/crt0.o (__libc_init_array)
[...]
Memory Configuration

Name             Origin             Length             Attributes
FLASH            0x10000000         0x00200000         xr
RAM              0x20000000         0x00040000         xrw
SCRATCH_X        0x20040000         0x00001000         xrw
SCRATCH_Y        0x20041000         0x00001000         xrw
*default*        0x00000000         0xffffffff

Linker script and memory map

LOAD /Applications/ArmGNUToolchain/12.3.rel1/arm-none-eabi/bin/../lib/gcc/arm-none-eabi/12.3.1/thumb/v6-m/nofp/crti.o
LOAD /Applications/ArmGNUToolchain/12.3.rel1/arm-none-eabi/bin/../lib/gcc/arm-none-eabi/12.3.1/thumb/v6-m/nofp/crtbegin.o
LOAD /Applications/ArmGNUToolchain/12.3.rel1/arm-none-eabi/bin/../lib/gcc/arm-none-eabi/12.3.1/../../../../arm-none-eabi/lib/thumb/v6-m/nofp/crt0.o

.flash_begin    0x10000000        0x0
                0x10000000                        __flash_binary_start = .

.boot2          0x10000000      0x100
                0x10000000                        __boot2_start__ = .
 *(.boot2)
 .boot2         0x10000000      0x100 /var/folders/5y/px2877xx33d0yvkdr4tby6nw0000gn/T//ccLb1rVa.o
                0x10000100                        __boot2_end__ = .
                0x00000001                        ASSERT (((__boot2_end__ - __boot2_start__) == 0x100), ERROR: Pico second stage bootloader must be 256 bytes in size)

.flashtext      0x10000100      0x1d8
                0x10000100                        __logical_binary_start = .
 *(.vectors)
 .vectors       0x10000100       0xd4 CMakeFiles/dreamdrivecast_mcu2.dir/Users/kaili/Code/pico-sdk/src/rp2_common/pico_standard_link/crt0.S.obj
                0x10000100                __VECTOR_TABLE
                0x10000100                __vectors
                0x100001c0                __default_isrs_start
                0x100001c0                isr_invalid
                0x100001c2                isr_nmi
                0x100001c4                isr_hardfault
                0x100001c6                isr_svcall
                0x100001c8                isr_pendsv
                0x100001ca                isr_systick
                0x100001cc                isr_irq28
                0x100001cc                isr_irq19
                0x100001cc                isr_irq0
                0x100001cc                isr_irq6
                0x100001cc                isr_irq22
                0x100001cc                isr_irq17
                0x100001cc                isr_irq14
                0x100001cc                isr_irq2
                0x100001cc                isr_irq10
                0x100001cc                isr_irq8
                0x100001cc                isr_irq24
                0x100001cc                isr_irq1
                0x100001cc                isr_irq7
                0x100001cc                isr_irq21
                0x100001cc                isr_irq20
                0x100001cc                isr_irq15
                0x100001cc                isr_irq25
                0x100001cc                isr_irq4
                0x100001cc                isr_irq16
                0x100001cc                isr_irq29
                0x100001cc                isr_irq26
                0x100001cc                __default_isrs_end
                0x100001cc                isr_irq3
                0x100001cc                isr_irq9
                0x100001cc                __unhandled_user_irq
                0x100001cc                isr_irq13
                0x100001cc                isr_irq27
                0x100001cc                isr_irq31
                0x100001cc                isr_irq5
                0x100001cc                isr_irq11
                0x100001cc                isr_irq23
                0x100001cc                isr_irq18
                0x100001cc                isr_irq30
                0x100001cc                isr_irq12
                0x100001d2                unhandled_user_irq_num_in_r0
 *(.binary_info_header)
 .binary_info_header
                0x100001d4       0x14 CMakeFiles/dreamdrivecast_mcu2.dir/Users/kaili/Code/pico-sdk/src/rp2_common/pico_standard_link/crt0.S.obj
                0x100001e8                        __binary_info_header_end = .
 *(.reset)
 .reset         0x100001e8       0xac CMakeFiles/dreamdrivecast_mcu2.dir/Users/kaili/Code/pico-sdk/src/rp2_common/pico_standard_link/crt0.S.obj
                0x100001e8                _entry_point
 *fill*         0x10000294        0x4 
 .reset.__stub  0x10000298       0x10 linker stubs
 .reset         0x100002a8       0x30 CMakeFiles/dreamdrivecast_mcu2.dir/Users/kaili/Code/pico-sdk/src/rp2_common/pico_standard_link/binary_info.c.obj

.rodata         0x100002d8        0x0
 *(SORT_BY_ALIGNMENT(SORT_BY_NAME(.flashdata*)))
                0x100002d8                        . = ALIGN (0x4)

.ARM.extab
 *(.ARM.extab* .gnu.linkonce.armextab.*)
                0x100002d8                        __exidx_start = .

.ARM.exidx
 *(.ARM.exidx* .gnu.linkonce.armexidx.*)
                0x100002d8                        __exidx_end = .
                0x100002d8                        . = ALIGN (0x4)
                0x100002d8                        __binary_info_start = .

.binary_info    0x100002d8       0x20
 *(.binary_info.keep.*)
 .binary_info.keep.__bi_ptr22
                0x100002d8        0x4 CMakeFiles/dreamdrivecast_mcu2.dir/Users/kaili/Code/pico-sdk/src/rp2_common/pico_standard_link/binary_info.c.obj
 .binary_info.keep.__bi_ptr30
                0x100002dc        0x4 CMakeFiles/dreamdrivecast_mcu2.dir/Users/kaili/Code/pico-sdk/src/rp2_common/pico_standard_link/binary_info.c.obj
 .binary_info.keep.__bi_ptr38
                0x100002e0        0x4 CMakeFiles/dreamdrivecast_mcu2.dir/Users/kaili/Code/pico-sdk/src/rp2_common/pico_standard_link/binary_info.c.obj
 .binary_info.keep.__bi_ptr44
                0x100002e4        0x4 CMakeFiles/dreamdrivecast_mcu2.dir/Users/kaili/Code/pico-sdk/src/rp2_common/pico_standard_link/binary_info.c.obj
 .binary_info.keep.__bi_ptr50
                0x100002e8        0x4 CMakeFiles/dreamdrivecast_mcu2.dir/Users/kaili/Code/pico-sdk/src/rp2_common/pico_standard_link/binary_info.c.obj
 .binary_info.keep.__bi_ptr75
                0x100002ec        0x4 CMakeFiles/dreamdrivecast_mcu2.dir/Users/kaili/Code/pico-sdk/src/rp2_common/pico_standard_link/binary_info.c.obj
 .binary_info.keep.__bi_ptr81
                0x100002f0        0x4 CMakeFiles/dreamdrivecast_mcu2.dir/Users/kaili/Code/pico-sdk/src/rp2_common/pico_standard_link/binary_info.c.obj
 *(.binary_info.*)
 .binary_info.__bi_ptr182
                0x100002f4        0x4 CMakeFiles/dreamdrivecast_mcu2.dir/Users/kaili/Code/pico-sdk/src/rp2_common/pico_stdio_usb/stdio_usb.c.obj
                0x100002f8                        __binary_info_end = .
                0x100002f8                        . = ALIGN (0x4)

.ram_vector_table
                0x20000000       0xc0
 *(.ram_vector_table)
 .ram_vector_table
                0x20000000       0xc0 CMakeFiles/dreamdrivecast_mcu2.dir/Users/kaili/Code/pico-sdk/src/rp2_common/pico_runtime/runtime.c.obj
                0x20000000                ram_vector_table

.text           0x200000c0     0x98f0 load address 0x100002f8
                0x200000c0                        __ram_text_start__ = .
 *(.init)
 .init          0x200000c0        0x4 /Applications/ArmGNUToolchain/12.3.rel1/arm-none-eabi/bin/../lib/gcc/arm-none-eabi/12.3.1/thumb/v6-m/nofp/crti.o
                0x200000c0                _init
 *(.text*)
 .text.register_tm_clones
                0x200000c4       0x28 /Applications/ArmGNUToolchain/12.3.rel1/arm-none-eabi/bin/../lib/gcc/arm-none-eabi/12.3.1/thumb/v6-m/nofp/crtbegin.o
 .text.frame_dummy
                0x200000ec       0x24 /Applications/ArmGNUToolchain/12.3.rel1/arm-none-eabi/bin/../lib/gcc/arm-none-eabi/12.3.1/thumb/v6-m/nofp/crtbegin.o
 .text.gpio_set_dir_out_masked
                0x20000110       0x18 CMakeFiles/dreamdrivecast_mcu2.dir/mcu2.c.obj
 .text.gpio_set_dir_in_masked
                0x20000128       0x18 CMakeFiles/dreamdrivecast_mcu2.dir/mcu2.c.obj
 .text.gpio_set_dir
                0x20000140       0x3a CMakeFiles/dreamdrivecast_mcu2.dir/mcu2.c.obj
 *fill*         0x2000017a        0x2 
 .text.set_sys_clock_khz
                0x2000017c       0x58 CMakeFiles/dreamdrivecast_mcu2.dir/mcu2.c.obj
 .text.check_sm_param
                0x200001d4       0x10 CMakeFiles/dreamdrivecast_mcu2.dir/mcu2.c.obj
 .text.check_pio_param
                0x200001e4       0x10 CMakeFiles/dreamdrivecast_mcu2.dir/mcu2.c.obj
 .text.sm_config_set_out_pins
                0x200001f4       0x30 CMakeFiles/dreamdrivecast_mcu2.dir/mcu2.c.obj
 .text.sm_config_set_in_pins
                0x20000224       0x28 CMakeFiles/dreamdrivecast_mcu2.dir/mcu2.c.obj
 .text.sm_config_set_clkdiv_int_frac
                0x2000024c       0x32 CMakeFiles/dreamdrivecast_mcu2.dir/mcu2.c.obj
 *fill*         0x2000027e        0x2 
 .text.sm_config_set_wrap
                0x20000280       0x30 CMakeFiles/dreamdrivecast_mcu2.dir/mcu2.c.obj
 .text.sm_config_set_jmp_pin
                0x200002b0       0x28 CMakeFiles/dreamdrivecast_mcu2.dir/mcu2.c.obj
 .text.sm_config_set_in_shift
                0x200002d8       0x68 CMakeFiles/dreamdrivecast_mcu2.dir/mcu2.c.obj
 .text.sm_config_set_out_shift
                0x20000340       0x68 CMakeFiles/dreamdrivecast_mcu2.dir/mcu2.c.obj
 .text.pio_get_default_sm_config
                0x200003a8       0x5c CMakeFiles/dreamdrivecast_mcu2.dir/mcu2.c.obj
 .text.pio_gpio_init
                0x20000404       0x38 CMakeFiles/dreamdrivecast_mcu2.dir/mcu2.c.obj
 .text.pio_sm_set_enabled
                0x2000043c       0x48 CMakeFiles/dreamdrivecast_mcu2.dir/mcu2.c.obj
 .text.mcu_databus_read_write_program_get_default_config
                0x20000484       0x38 CMakeFiles/dreamdrivecast_mcu2.dir/mcu2.c.obj
 .text.setup_read_write_combined_program
                0x200004bc       0x80 CMakeFiles/dreamdrivecast_mcu2.dir/mcu2.c.obj
                0x200004bc                setup_read_write_combined_program
 .text.setup_interconnect
                0x2000053c       0x4c CMakeFiles/dreamdrivecast_mcu2.dir/mcu2.c.obj
                0x2000053c                setup_interconnect
 .text.main     0x20000588       0xa4 CMakeFiles/dreamdrivecast_mcu2.dir/mcu2.c.obj
                0x20000588                main
 .text.lock_init
                0x2000062c       0x2c CMakeFiles/dreamdrivecast_mcu2.dir/Users/kaili/Code/pico-sdk/src/common/pico_sync/lock_core.c.obj
                0x2000062c                lock_init
 .text.to_us_since_boot
                0x20000658       0x18 CMakeFiles/dreamdrivecast_mcu2.dir/Users/kaili/Code/pico-sdk/src/common/pico_sync/mutex.c.obj
 .text.update_us_since_boot
                0x20000670       0x1e CMakeFiles/dreamdrivecast_mcu2.dir/Users/kaili/Code/pico-sdk/src/common/pico_sync/mutex.c.obj
 .text.get_absolute_time
                0x2000068e       0x24 CMakeFiles/dreamdrivecast_mcu2.dir/Users/kaili/Code/pico-sdk/src/common/pico_sync/mutex.c.obj
 *fill*         0x200006b2        0x2 
 .text.delayed_by_ms
                0x200006b4       0x7c CMakeFiles/dreamdrivecast_mcu2.dir/Users/kaili/Code/pico-sdk/src/common/pico_sync/mutex.c.obj
 .text.make_timeout_time_ms
                0x20000730       0x22 CMakeFiles/dreamdrivecast_mcu2.dir/Users/kaili/Code/pico-sdk/src/common/pico_sync/mutex.c.obj
 .text.mutex_init
                0x20000752       0x2e CMakeFiles/dreamdrivecast_mcu2.dir/Users/kaili/Code/pico-sdk/src/common/pico_sync/mutex.c.obj
                0x20000752                mutex_init
 .text.recursive_mutex_init
                0x20000780       0x34 CMakeFiles/dreamdrivecast_mcu2.dir/Users/kaili/Code/pico-sdk/src/common/pico_sync/mutex.c.obj
                0x20000780                recursive_mutex_init
 .text.critical_section_init
                0x200007b4       0x24 CMakeFiles/dreamdrivecast_mcu2.dir/Users/kaili/Code/pico-sdk/src/common/pico_sync/critical_section.c.obj
                0x200007b4                critical_section_init
 .text.critical_section_init_with_lock_num
                0x200007d8       0x34 CMakeFiles/dreamdrivecast_mcu2.dir/Users/kaili/Code/pico-sdk/src/common/pico_sync/critical_section.c.obj
                0x200007d8                critical_section_init_with_lock_num
 .text.to_us_since_boot
                0x2000080c       0x18 CMakeFiles/dreamdrivecast_mcu2.dir/Users/kaili/Code/pico-sdk/src/common/pico_time/time.c.obj
 .text.update_us_since_boot
                0x20000824       0x1e CMakeFiles/dreamdrivecast_mcu2.dir/Users/kaili/Code/pico-sdk/src/common/pico_time/time.c.obj
 *fill*         0x20000842        0x2 
 .text.time_reached
                0x20000844       0x64 CMakeFiles/dreamdrivecast_mcu2.dir/Users/kaili/Code/pico-sdk/src/common/pico_time/time.c.obj
 .text.get_absolute_time
                0x200008a8       0x24 CMakeFiles/dreamdrivecast_mcu2.dir/Users/kaili/Code/pico-sdk/src/common/pico_time/time.c.obj
 .text.delayed_by_us
                0x200008cc       0x64 CMakeFiles/dreamdrivecast_mcu2.dir/Users/kaili/Code/pico-sdk/src/common/pico_time/time.c.obj
 .text.absolute_time_diff_us
                0x20000930       0x40 CMakeFiles/dreamdrivecast_mcu2.dir/Users/kaili/Code/pico-sdk/src/common/pico_time/time.c.obj
 .text.add_alarm_at
                0x20000970       0x34 CMakeFiles/dreamdrivecast_mcu2.dir/Users/kaili/Code/pico-sdk/src/common/pico_time/time.c.obj
 .text.cancel_alarm
                0x200009a4       0x22 CMakeFiles/dreamdrivecast_mcu2.dir/Users/kaili/Code/pico-sdk/src/common/pico_time/time.c.obj
 .text.ph_get_node
                0x200009c6       0x28 CMakeFiles/dreamdrivecast_mcu2.dir/Users/kaili/Code/pico-sdk/src/common/pico_time/time.c.obj
 .text.ph_add_child_node
                0x200009ee       0x6e CMakeFiles/dreamdrivecast_mcu2.dir/Users/kaili/Code/pico-sdk/src/common/pico_time/time.c.obj
 .text.ph_merge_nodes
                0x20000a5c       0x7e CMakeFiles/dreamdrivecast_mcu2.dir/Users/kaili/Code/pico-sdk/src/common/pico_time/time.c.obj
 .text.ph_new_node
                0x20000ada       0x6a CMakeFiles/dreamdrivecast_mcu2.dir/Users/kaili/Code/pico-sdk/src/common/pico_time/time.c.obj
 .text.ph_insert_node
                0x20000b44       0x5a CMakeFiles/dreamdrivecast_mcu2.dir/Users/kaili/Code/pico-sdk/src/common/pico_time/time.c.obj
 .text.ph_peek_head
                0x20000b9e       0x14 CMakeFiles/dreamdrivecast_mcu2.dir/Users/kaili/Code/pico-sdk/src/common/pico_time/time.c.obj
 .text.ph_contains_node
                0x20000bb2       0x46 CMakeFiles/dreamdrivecast_mcu2.dir/Users/kaili/Code/pico-sdk/src/common/pico_time/time.c.obj
 .text.ph_free_node
                0x20000bf8       0x4c CMakeFiles/dreamdrivecast_mcu2.dir/Users/kaili/Code/pico-sdk/src/common/pico_time/time.c.obj
 .text.default_alarm_pool_initialized
                0x20000c44       0x18 CMakeFiles/dreamdrivecast_mcu2.dir/Users/kaili/Code/pico-sdk/src/common/pico_time/time.c.obj
 .text.get_entry
                0x20000c5c       0x2c CMakeFiles/dreamdrivecast_mcu2.dir/Users/kaili/Code/pico-sdk/src/common/pico_time/time.c.obj
 .text.get_entry_id_high
                0x20000c88       0x22 CMakeFiles/dreamdrivecast_mcu2.dir/Users/kaili/Code/pico-sdk/src/common/pico_time/time.c.obj
 .text.timer_pool_entry_comparator
                0x20000caa       0x76 CMakeFiles/dreamdrivecast_mcu2.dir/Users/kaili/Code/pico-sdk/src/common/pico_time/time.c.obj
                0x20000caa                timer_pool_entry_comparator
 .text.make_public_id
                0x20000d20       0x26 CMakeFiles/dreamdrivecast_mcu2.dir/Users/kaili/Code/pico-sdk/src/common/pico_time/time.c.obj
 *fill*         0x20000d46        0x2 
 .text.alarm_pool_init_default
                0x20000d48       0x50 CMakeFiles/dreamdrivecast_mcu2.dir/Users/kaili/Code/pico-sdk/src/common/pico_time/time.c.obj
                0x20000d48                alarm_pool_init_default
 .text.alarm_pool_get_default
                0x20000d98       0x10 CMakeFiles/dreamdrivecast_mcu2.dir/Users/kaili/Code/pico-sdk/src/common/pico_time/time.c.obj
                0x20000d98                alarm_pool_get_default
 .text.add_alarm_under_lock
                0x20000da8       0xea CMakeFiles/dreamdrivecast_mcu2.dir/Users/kaili/Code/pico-sdk/src/common/pico_time/time.c.obj
 *fill*         0x20000e92        0x2 
 .text.alarm_pool_alarm_callback
                0x20000e94      0x2dc CMakeFiles/dreamdrivecast_mcu2.dir/Users/kaili/Code/pico-sdk/src/common/pico_time/time.c.obj
 .text.alarm_pool_post_alloc_init
                0x20001170       0x68 CMakeFiles/dreamdrivecast_mcu2.dir/Users/kaili/Code/pico-sdk/src/common/pico_time/time.c.obj
 .text.alarm_pool_add_alarm_at
                0x200011d8      0x176 CMakeFiles/dreamdrivecast_mcu2.dir/Users/kaili/Code/pico-sdk/src/common/pico_time/time.c.obj
                0x200011d8                alarm_pool_add_alarm_at
 .text.alarm_pool_cancel_alarm
                0x2000134e       0xf4 CMakeFiles/dreamdrivecast_mcu2.dir/Users/kaili/Code/pico-sdk/src/common/pico_time/time.c.obj
                0x2000134e                alarm_pool_cancel_alarm
 .text.alarm_pool_core_num
                0x20001442       0x14 CMakeFiles/dreamdrivecast_mcu2.dir/Users/kaili/Code/pico-sdk/src/common/pico_time/time.c.obj
                0x20001442                alarm_pool_core_num
 *fill*         0x20001456        0x2 
 .text.sleep_until_callback
                0x20001458       0x80 CMakeFiles/dreamdrivecast_mcu2.dir/Users/kaili/Code/pico-sdk/src/common/pico_time/time.c.obj
 .text.best_effort_wfe_or_timeout
                0x200014d8       0x7c CMakeFiles/dreamdrivecast_mcu2.dir/Users/kaili/Code/pico-sdk/src/common/pico_time/time.c.obj
                0x200014d8                best_effort_wfe_or_timeout
 .text.to_us_since_boot
                0x20001554       0x18 CMakeFiles/dreamdrivecast_mcu2.dir/Users/kaili/Code/pico-sdk/src/rp2_common/hardware_timer/timer.c.obj
 .text.check_hardware_alarm_num_param
                0x2000156c       0x10 CMakeFiles/dreamdrivecast_mcu2.dir/Users/kaili/Code/pico-sdk/src/rp2_common/hardware_timer/timer.c.obj
 .text.irq_clear
                0x2000157c       0x24 CMakeFiles/dreamdrivecast_mcu2.dir/Users/kaili/Code/pico-sdk/src/rp2_common/hardware_timer/timer.c.obj
 .text.hardware_alarm_claim
                0x200015a0       0x2c CMakeFiles/dreamdrivecast_mcu2.dir/Users/kaili/Code/pico-sdk/src/rp2_common/hardware_timer/timer.c.obj
                0x200015a0                hardware_alarm_claim
 .text.time_us_64
                0x200015cc       0x60 CMakeFiles/dreamdrivecast_mcu2.dir/Users/kaili/Code/pico-sdk/src/rp2_common/hardware_timer/timer.c.obj
                0x200015cc                time_us_64
 .text.harware_alarm_irq_number
                0x2000162c       0x12 CMakeFiles/dreamdrivecast_mcu2.dir/Users/kaili/Code/pico-sdk/src/rp2_common/hardware_timer/timer.c.obj
 *fill*         0x2000163e        0x2 
 .text.hardware_alarm_irq_handler
                0x20001640      0x13c CMakeFiles/dreamdrivecast_mcu2.dir/Users/kaili/Code/pico-sdk/src/rp2_common/hardware_timer/timer.c.obj
 .text.hardware_alarm_set_callback
                0x2000177c      0x134 CMakeFiles/dreamdrivecast_mcu2.dir/Users/kaili/Code/pico-sdk/src/rp2_common/hardware_timer/timer.c.obj
                0x2000177c                hardware_alarm_set_callback
 .text.hardware_alarm_set_target
                0x200018b0      0x19c CMakeFiles/dreamdrivecast_mcu2.dir/Users/kaili/Code/pico-sdk/src/rp2_common/hardware_timer/timer.c.obj
                0x200018b0                hardware_alarm_set_target
 .text.hardware_alarm_cancel
                0x20001a4c       0xb8 CMakeFiles/dreamdrivecast_mcu2.dir/Users/kaili/Code/pico-sdk/src/rp2_common/hardware_timer/timer.c.obj
                0x20001a4c                hardware_alarm_cancel
 .text.running_on_fpga
                0x20001b04       0x1c CMakeFiles/dreamdrivecast_mcu2.dir/Users/kaili/Code/pico-sdk/src/rp2_common/pico_platform/platform.c.obj
                0x20001b04                running_on_fpga
 .text.hw_claim_lock
                0x20001b20       0x50 CMakeFiles/dreamdrivecast_mcu2.dir/Users/kaili/Code/pico-sdk/src/rp2_common/hardware_claim/claim.c.obj
                0x20001b20                hw_claim_lock
 .text.hw_claim_unlock
                0x20001b70       0x4c CMakeFiles/dreamdrivecast_mcu2.dir/Users/kaili/Code/pico-sdk/src/rp2_common/hardware_claim/claim.c.obj
                0x20001b70                hw_claim_unlock
 .text.hw_is_claimed
                0x20001bbc       0x32 CMakeFiles/dreamdrivecast_mcu2.dir/Users/kaili/Code/pico-sdk/src/rp2_common/hardware_claim/claim.c.obj
                0x20001bbc                hw_is_claimed
 .text.hw_claim_or_assert
                0x20001bee       0x66 CMakeFiles/dreamdrivecast_mcu2.dir/Users/kaili/Code/pico-sdk/src/rp2_common/hardware_claim/claim.c.obj
                0x20001bee                hw_claim_or_assert
 .text.hw_claim_unused_from_range
                0x20001c54       0xa6 CMakeFiles/dreamdrivecast_mcu2.dir/Users/kaili/Code/pico-sdk/src/rp2_common/hardware_claim/claim.c.obj
                0x20001c54                hw_claim_unused_from_range
 *fill*         0x20001cfa        0x2 
 .text.spin_locks_reset
                0x20001cfc       0x48 CMakeFiles/dreamdrivecast_mcu2.dir/Users/kaili/Code/pico-sdk/src/rp2_common/hardware_sync/sync.c.obj
                0x20001cfc                spin_locks_reset
 .text.next_striped_spin_lock_num
                0x20001d44       0x30 CMakeFiles/dreamdrivecast_mcu2.dir/Users/kaili/Code/pico-sdk/src/rp2_common/hardware_sync/sync.c.obj
                0x20001d44                next_striped_spin_lock_num
 .text.spin_lock_claim_unused
                0x20001d74       0x30 CMakeFiles/dreamdrivecast_mcu2.dir/Users/kaili/Code/pico-sdk/src/rp2_common/hardware_sync/sync.c.obj
                0x20001d74                spin_lock_claim_unused
 .text.hard_assert
                0x20001da4       0x26 CMakeFiles/dreamdrivecast_mcu2.dir/Users/kaili/Code/pico-sdk/src/rp2_common/hardware_irq/irq.c.obj
 .text.check_irq_param
                0x20001dca       0x10 CMakeFiles/dreamdrivecast_mcu2.dir/Users/kaili/Code/pico-sdk/src/rp2_common/hardware_irq/irq.c.obj
 *fill*         0x20001dda        0x2 
 .text.user_irq_claimed_ptr
                0x20001ddc       0x10 CMakeFiles/dreamdrivecast_mcu2.dir/Users/kaili/Code/pico-sdk/src/rp2_common/hardware_irq/irq.c.obj
 .text.get_vtable
                0x20001dec       0x14 CMakeFiles/dreamdrivecast_mcu2.dir/Users/kaili/Code/pico-sdk/src/rp2_common/hardware_irq/irq.c.obj
 .text.add_thumb_bit
                0x20001e00       0x16 CMakeFiles/dreamdrivecast_mcu2.dir/Users/kaili/Code/pico-sdk/src/rp2_common/hardware_irq/irq.c.obj
 .text.remove_thumb_bit
                0x20001e16       0x16 CMakeFiles/dreamdrivecast_mcu2.dir/Users/kaili/Code/pico-sdk/src/rp2_common/hardware_irq/irq.c.obj
 .text.set_raw_irq_handler_and_unlock
                0x20001e2c       0x68 CMakeFiles/dreamdrivecast_mcu2.dir/Users/kaili/Code/pico-sdk/src/rp2_common/hardware_irq/irq.c.obj
 .text.irq_set_enabled
                0x20001e94       0x30 CMakeFiles/dreamdrivecast_mcu2.dir/Users/kaili/Code/pico-sdk/src/rp2_common/hardware_irq/irq.c.obj
                0x20001e94                irq_set_enabled
 .text.irq_is_enabled
                0x20001ec4       0x30 CMakeFiles/dreamdrivecast_mcu2.dir/Users/kaili/Code/pico-sdk/src/rp2_common/hardware_irq/irq.c.obj
                0x20001ec4                irq_is_enabled
 .text.irq_set_mask_enabled
                0x20001ef4       0x40 CMakeFiles/dreamdrivecast_mcu2.dir/Users/kaili/Code/pico-sdk/src/rp2_common/hardware_irq/irq.c.obj
                0x20001ef4                irq_set_mask_enabled
 .text.irq_set_pending
                0x20001f34       0x28 CMakeFiles/dreamdrivecast_mcu2.dir/Users/kaili/Code/pico-sdk/src/rp2_common/hardware_irq/irq.c.obj
                0x20001f34                irq_set_pending
 .text.is_shared_irq_raw_handler
                0x20001f5c       0x24 CMakeFiles/dreamdrivecast_mcu2.dir/Users/kaili/Code/pico-sdk/src/rp2_common/hardware_irq/irq.c.obj
 .text.irq_has_shared_handler
                0x20001f80       0x44 CMakeFiles/dreamdrivecast_mcu2.dir/Users/kaili/Code/pico-sdk/src/rp2_common/hardware_irq/irq.c.obj
                0x20001f80                irq_has_shared_handler
 .text.irq_get_vtable_handler
                0x20001fc4       0x28 CMakeFiles/dreamdrivecast_mcu2.dir/Users/kaili/Code/pico-sdk/src/rp2_common/hardware_irq/irq.c.obj
                0x20001fc4                irq_get_vtable_handler
 .text.irq_set_exclusive_handler
                0x20001fec       0xa0 CMakeFiles/dreamdrivecast_mcu2.dir/Users/kaili/Code/pico-sdk/src/rp2_common/hardware_irq/irq.c.obj
                0x20001fec                irq_set_exclusive_handler
 .text.make_branch
                0x2000208c       0x3c CMakeFiles/dreamdrivecast_mcu2.dir/Users/kaili/Code/pico-sdk/src/rp2_common/hardware_irq/irq.c.obj
 .text.insert_branch_and_link
                0x200020c8       0x54 CMakeFiles/dreamdrivecast_mcu2.dir/Users/kaili/Code/pico-sdk/src/rp2_common/hardware_irq/irq.c.obj
 .text.resolve_branch
                0x2000211c       0x38 CMakeFiles/dreamdrivecast_mcu2.dir/Users/kaili/Code/pico-sdk/src/rp2_common/hardware_irq/irq.c.obj
 .text.slot_diff
                0x20002154       0x30 CMakeFiles/dreamdrivecast_mcu2.dir/Users/kaili/Code/pico-sdk/src/rp2_common/hardware_irq/irq.c.obj
 .text.get_slot_index
                0x20002184       0x24 CMakeFiles/dreamdrivecast_mcu2.dir/Users/kaili/Code/pico-sdk/src/rp2_common/hardware_irq/irq.c.obj
 .text.irq_add_shared_handler
                0x200021a8      0x2a0 CMakeFiles/dreamdrivecast_mcu2.dir/Users/kaili/Code/pico-sdk/src/rp2_common/hardware_irq/irq.c.obj
                0x200021a8                irq_add_shared_handler
 .text.irq_remove_handler
                0x20002448      0x234 CMakeFiles/dreamdrivecast_mcu2.dir/Users/kaili/Code/pico-sdk/src/rp2_common/hardware_irq/irq.c.obj
                0x20002448                irq_remove_handler
 .text.irq_add_tail_to_free_list
                0x2000267c      0x15c CMakeFiles/dreamdrivecast_mcu2.dir/Users/kaili/Code/pico-sdk/src/rp2_common/hardware_irq/irq.c.obj
                0x2000267c                irq_add_tail_to_free_list
 .text.irq_init_priorities
                0x200027d8       0x3c CMakeFiles/dreamdrivecast_mcu2.dir/Users/kaili/Code/pico-sdk/src/rp2_common/hardware_irq/irq.c.obj
                0x200027d8                irq_init_priorities
 .text.user_irq_claim_unused
                0x20002814       0x40 CMakeFiles/dreamdrivecast_mcu2.dir/Users/kaili/Code/pico-sdk/src/rp2_common/hardware_irq/irq.c.obj
                0x20002814                user_irq_claim_unused
 .text.ph_get_node
                0x20002854       0x28 CMakeFiles/dreamdrivecast_mcu2.dir/Users/kaili/Code/pico-sdk/src/common/pico_util/pheap.c.obj
 .text.ph_add_child_node
                0x2000287c       0x6e CMakeFiles/dreamdrivecast_mcu2.dir/Users/kaili/Code/pico-sdk/src/common/pico_util/pheap.c.obj
 .text.ph_merge_nodes
                0x200028ea       0x7e CMakeFiles/dreamdrivecast_mcu2.dir/Users/kaili/Code/pico-sdk/src/common/pico_util/pheap.c.obj
 .text.ph_peek_head
                0x20002968       0x14 CMakeFiles/dreamdrivecast_mcu2.dir/Users/kaili/Code/pico-sdk/src/common/pico_util/pheap.c.obj
 .text.ph_remove_and_free_head
                0x2000297c       0x1c CMakeFiles/dreamdrivecast_mcu2.dir/Users/kaili/Code/pico-sdk/src/common/pico_util/pheap.c.obj
 .text.ph_post_alloc_init
                0x20002998       0x32 CMakeFiles/dreamdrivecast_mcu2.dir/Users/kaili/Code/pico-sdk/src/common/pico_util/pheap.c.obj
                0x20002998                ph_post_alloc_init
 .text.ph_clear
                0x200029ca       0x78 CMakeFiles/dreamdrivecast_mcu2.dir/Users/kaili/Code/pico-sdk/src/common/pico_util/pheap.c.obj
                0x200029ca                ph_clear
 .text.ph_merge_two_pass
                0x20002a42       0xd0 CMakeFiles/dreamdrivecast_mcu2.dir/Users/kaili/Code/pico-sdk/src/common/pico_util/pheap.c.obj
                0x20002a42                ph_merge_two_pass
 .text.ph_remove_any_head
                0x20002b12       0xba CMakeFiles/dreamdrivecast_mcu2.dir/Users/kaili/Code/pico-sdk/src/common/pico_util/pheap.c.obj
 .text.ph_remove_head
                0x20002bcc       0x44 CMakeFiles/dreamdrivecast_mcu2.dir/Users/kaili/Code/pico-sdk/src/common/pico_util/pheap.c.obj
                0x20002bcc                ph_remove_head
 .text.ph_remove_and_free_node
                0x20002c10      0x114 CMakeFiles/dreamdrivecast_mcu2.dir/Users/kaili/Code/pico-sdk/src/common/pico_util/pheap.c.obj
                0x20002c10                ph_remove_and_free_node
 .text.set_sys_clock_pll
                0x20002d24       0xa0 CMakeFiles/dreamdrivecast_mcu2.dir/Users/kaili/Code/pico-sdk/src/rp2_common/pico_stdlib/stdlib.c.obj
                0x20002d24                set_sys_clock_pll
 .text.check_sys_clock_khz
                0x20002dc4       0xd0 CMakeFiles/dreamdrivecast_mcu2.dir/Users/kaili/Code/pico-sdk/src/rp2_common/pico_stdlib/stdlib.c.obj
                0x20002dc4                check_sys_clock_khz
 .text.check_gpio_param
                0x20002e94       0x10 CMakeFiles/dreamdrivecast_mcu2.dir/Users/kaili/Code/pico-sdk/src/rp2_common/hardware_gpio/gpio.c.obj
 .text.gpio_set_mask
                0x20002ea4       0x18 CMakeFiles/dreamdrivecast_mcu2.dir/Users/kaili/Code/pico-sdk/src/rp2_common/hardware_gpio/gpio.c.obj
 .text.gpio_clr_mask
                0x20002ebc       0x18 CMakeFiles/dreamdrivecast_mcu2.dir/Users/kaili/Code/pico-sdk/src/rp2_common/hardware_gpio/gpio.c.obj
 .text.gpio_put
                0x20002ed4       0x3a CMakeFiles/dreamdrivecast_mcu2.dir/Users/kaili/Code/pico-sdk/src/rp2_common/hardware_gpio/gpio.c.obj
 .text.gpio_set_dir_out_masked
                0x20002f0e       0x18 CMakeFiles/dreamdrivecast_mcu2.dir/Users/kaili/Code/pico-sdk/src/rp2_common/hardware_gpio/gpio.c.obj
 .text.gpio_set_dir_in_masked
                0x20002f26       0x18 CMakeFiles/dreamdrivecast_mcu2.dir/Users/kaili/Code/pico-sdk/src/rp2_common/hardware_gpio/gpio.c.obj
 .text.gpio_set_dir
                0x20002f3e       0x3a CMakeFiles/dreamdrivecast_mcu2.dir/Users/kaili/Code/pico-sdk/src/rp2_common/hardware_gpio/gpio.c.obj
 .text.gpio_set_function
                0x20002f78       0x6c CMakeFiles/dreamdrivecast_mcu2.dir/Users/kaili/Code/pico-sdk/src/rp2_common/hardware_gpio/gpio.c.obj
                0x20002f78                gpio_set_function
 .text.gpio_init
                0x20002fe4       0x2e CMakeFiles/dreamdrivecast_mcu2.dir/Users/kaili/Code/pico-sdk/src/rp2_common/hardware_gpio/gpio.c.obj
                0x20002fe4                gpio_init
 .text.busy_wait_at_least_cycles
                0x20003012       0x18 CMakeFiles/dreamdrivecast_mcu2.dir/Users/kaili/Code/pico-sdk/src/rp2_common/hardware_clocks/clocks.c.obj
 .text.has_glitchless_mux
                0x2000302a       0x32 CMakeFiles/dreamdrivecast_mcu2.dir/Users/kaili/Code/pico-sdk/src/rp2_common/hardware_clocks/clocks.c.obj
 .text.clock_configure
                0x2000305c      0x254 CMakeFiles/dreamdrivecast_mcu2.dir/Users/kaili/Code/pico-sdk/src/rp2_common/hardware_clocks/clocks.c.obj
                0x2000305c                clock_configure
 .text.clocks_init
                0x200032b0      0x148 CMakeFiles/dreamdrivecast_mcu2.dir/Users/kaili/Code/pico-sdk/src/rp2_common/hardware_clocks/clocks.c.obj
                0x200032b0                clocks_init
 .text.reset_block
                0x200033f8       0x2c CMakeFiles/dreamdrivecast_mcu2.dir/Users/kaili/Code/pico-sdk/src/rp2_common/hardware_pll/pll.c.obj
 .text.unreset_block_wait
                0x20003424       0x3c CMakeFiles/dreamdrivecast_mcu2.dir/Users/kaili/Code/pico-sdk/src/rp2_common/hardware_pll/pll.c.obj
 .text.pll_init
                0x20003460       0xec CMakeFiles/dreamdrivecast_mcu2.dir/Users/kaili/Code/pico-sdk/src/rp2_common/hardware_pll/pll.c.obj
                0x20003460                pll_init
 .text.watchdog_start_tick
                0x2000354c       0x20 CMakeFiles/dreamdrivecast_mcu2.dir/Users/kaili/Code/pico-sdk/src/rp2_common/hardware_watchdog/watchdog.c.obj
                0x2000354c                watchdog_start_tick
 .text.watchdog_update
                0x2000356c       0x1c CMakeFiles/dreamdrivecast_mcu2.dir/Users/kaili/Code/pico-sdk/src/rp2_common/hardware_watchdog/watchdog.c.obj
                0x2000356c                watchdog_update
 .text._watchdog_enable
                0x20003588       0xf4 CMakeFiles/dreamdrivecast_mcu2.dir/Users/kaili/Code/pico-sdk/src/rp2_common/hardware_watchdog/watchdog.c.obj
                0x20003588                _watchdog_enable
 .text.watchdog_reboot
                0x2000367c       0x74 CMakeFiles/dreamdrivecast_mcu2.dir/Users/kaili/Code/pico-sdk/src/rp2_common/hardware_watchdog/watchdog.c.obj
                0x2000367c                watchdog_reboot
 .text.xosc_init
                0x200036f0       0x48 CMakeFiles/dreamdrivecast_mcu2.dir/Users/kaili/Code/pico-sdk/src/rp2_common/hardware_xosc/xosc.c.obj
                0x200036f0                xosc_init
 .text.__breakpoint
                0x20003738        0xc CMakeFiles/dreamdrivecast_mcu2.dir/Users/kaili/Code/pico-sdk/src/rp2_common/pico_runtime/runtime.c.obj
 .text.reset_block
                0x20003744       0x2c CMakeFiles/dreamdrivecast_mcu2.dir/Users/kaili/Code/pico-sdk/src/rp2_common/pico_runtime/runtime.c.obj
 .text.unreset_block_wait
                0x20003770       0x3c CMakeFiles/dreamdrivecast_mcu2.dir/Users/kaili/Code/pico-sdk/src/rp2_common/pico_runtime/runtime.c.obj
 .text.runtime_init
                0x200037ac      0x108 CMakeFiles/dreamdrivecast_mcu2.dir/Users/kaili/Code/pico-sdk/src/rp2_common/pico_runtime/runtime.c.obj
                0x200037ac                runtime_init
 .text._exit    0x200038b4        0xe CMakeFiles/dreamdrivecast_mcu2.dir/Users/kaili/Code/pico-sdk/src/rp2_common/pico_runtime/runtime.c.obj
                0x200038b4                _exit
 .text.exit     0x200038c2       0x10 CMakeFiles/dreamdrivecast_mcu2.dir/Users/kaili/Code/pico-sdk/src/rp2_common/pico_runtime/runtime.c.obj
                0x200038c2                exit
 *fill*         0x200038d2        0x2 
 .text.panic    0x200038d4       0x40 CMakeFiles/dreamdrivecast_mcu2.dir/Users/kaili/Code/pico-sdk/src/rp2_common/pico_runtime/runtime.c.obj
                0x200038d4                panic
 .text.hard_assertion_failure
                0x20003914       0x10 CMakeFiles/dreamdrivecast_mcu2.dir/Users/kaili/Code/pico-sdk/src/rp2_common/pico_runtime/runtime.c.obj
                0x20003914                hard_assertion_failure
 .text._putchar
                0x20003924       0x1e CMakeFiles/dreamdrivecast_mcu2.dir/Users/kaili/Code/pico-sdk/src/rp2_common/pico_printf/printf.c.obj
 .text._out_char
                0x20003942       0x30 CMakeFiles/dreamdrivecast_mcu2.dir/Users/kaili/Code/pico-sdk/src/rp2_common/pico_printf/printf.c.obj
 *fill*         0x20003972        0x2 
 .text.weak_raw_vprintf
                0x20003974       0x48 CMakeFiles/dreamdrivecast_mcu2.dir/Users/kaili/Code/pico-sdk/src/rp2_common/pico_printf/printf.c.obj
                0x20003974                weak_raw_vprintf
 .text          0x200039bc       0x10 CMakeFiles/dreamdrivecast_mcu2.dir/Users/kaili/Code/pico-sdk/src/rp2_common/pico_bit_ops/bit_ops_aeabi.S.obj
 .text.ctzsi    0x200039cc        0xc CMakeFiles/dreamdrivecast_mcu2.dir/Users/kaili/Code/pico-sdk/src/rp2_common/pico_bit_ops/bit_ops_aeabi.S.obj
                0x200039cc                __wrap___ctzsi2
 .text.rom_hword_as_ptr
                0x200039d8       0x1a CMakeFiles/dreamdrivecast_mcu2.dir/Users/kaili/Code/pico-sdk/src/rp2_common/pico_bootrom/bootrom.c.obj
 .text.rom_func_lookup
                0x200039f2       0x34 CMakeFiles/dreamdrivecast_mcu2.dir/Users/kaili/Code/pico-sdk/src/rp2_common/pico_bootrom/bootrom.c.obj
                0x200039f2                rom_func_lookup
 .text.rom_data_lookup
                0x20003a26       0x30 CMakeFiles/dreamdrivecast_mcu2.dir/Users/kaili/Code/pico-sdk/src/rp2_common/pico_bootrom/bootrom.c.obj
                0x20003a26                rom_data_lookup
 .text.rom_funcs_lookup
                0x20003a56       0x68 CMakeFiles/dreamdrivecast_mcu2.dir/Users/kaili/Code/pico-sdk/src/rp2_common/pico_bootrom/bootrom.c.obj
                0x20003a56                rom_funcs_lookup
 *fill*         0x20003abe        0x2 
 .text.__wrap___aeabi_uidiv
                0x20003ac0       0x4c CMakeFiles/dreamdrivecast_mcu2.dir/Users/kaili/Code/pico-sdk/src/rp2_common/pico_divider/divider.S.obj
                0x20003ac0                __wrap___aeabi_uidiv
                0x20003ac0                __wrap___aeabi_uidivmod
                0x20003ac0                div_u32u32
                0x20003ac0                divmod_u32u32
                0x20003ac8                divmod_u32u32_unsafe
                0x20003af0                divmod_u32u32_savestate
 .text.__wrap___aeabi_ldiv
                0x20003b0c      0x424 CMakeFiles/dreamdrivecast_mcu2.dir/Users/kaili/Code/pico-sdk/src/rp2_common/pico_divider/divider.S.obj
                0x20003b0c                __wrap___aeabi_ldivmod
                0x20003b0c                div_s64s64
                0x20003b0c                divmod_s64s64
                0x20003b3c                divmod_u64u64
                0x20003b3c                div_u64u64
                0x20003b3c                __wrap___aeabi_uldivmod
                0x20003b4c                divmod_u64u64_savestate
                0x20003b6c                divmod_s64s64_unsafe
                0x20003bf4                divmod_u64u64_unsafe
 .text.rp2040_rom_version
                0x20003f30        0xe CMakeFiles/dreamdrivecast_mcu2.dir/Users/kaili/Code/pico-sdk/src/rp2_common/pico_double/double_init_rom.c.obj
 .text.rom_table_code
                0x20003f3e       0x26 CMakeFiles/dreamdrivecast_mcu2.dir/Users/kaili/Code/pico-sdk/src/rp2_common/pico_double/double_init_rom.c.obj
 .text.__aeabi_double_init
                0x20003f64       0x88 CMakeFiles/dreamdrivecast_mcu2.dir/Users/kaili/Code/pico-sdk/src/rp2_common/pico_double/double_init_rom.c.obj
                0x20003f64                __aeabi_double_init
 .text.double_table_shim_on_use_helper
                0x20003fec       0x2c CMakeFiles/dreamdrivecast_mcu2.dir/Users/kaili/Code/pico-sdk/src/rp2_common/pico_double/double_v1_rom_shim.S.obj
                0x20003fec                double_table_shim_on_use_helper
 .text.__aeabi_lmul
                0x20004018       0x32 CMakeFiles/dreamdrivecast_mcu2.dir/Users/kaili/Code/pico-sdk/src/rp2_common/pico_int64_ops/pico_int64_ops_aeabi.S.obj
                0x20004018                __wrap___aeabi_lmul
 .text.rp2040_rom_version
                0x2000404a        0xe CMakeFiles/dreamdrivecast_mcu2.dir/Users/kaili/Code/pico-sdk/src/rp2_common/pico_float/float_init_rom.c.obj
 .text.rom_table_code
                0x20004058       0x26 CMakeFiles/dreamdrivecast_mcu2.dir/Users/kaili/Code/pico-sdk/src/rp2_common/pico_float/float_init_rom.c.obj
 *fill*         0x2000407e        0x2 
 .text.__aeabi_float_init
                0x20004080       0x98 CMakeFiles/dreamdrivecast_mcu2.dir/Users/kaili/Code/pico-sdk/src/rp2_common/pico_float/float_init_rom.c.obj
                0x20004080                __aeabi_float_init
 .text.float_table_shim_on_use_helper
                0x20004118       0x2c CMakeFiles/dreamdrivecast_mcu2.dir/Users/kaili/Code/pico-sdk/src/rp2_common/pico_float/float_v1_rom_shim.S.obj
                0x20004118                float_table_shim_on_use_helper
 .text          0x20004144       0x10 CMakeFiles/dreamdrivecast_mcu2.dir/Users/kaili/Code/pico-sdk/src/rp2_common/pico_mem_ops/mem_ops_aeabi.S.obj
                0x20004144                __aeabi_mem_init
 .text.memset   0x20004154        0xc CMakeFiles/dreamdrivecast_mcu2.dir/Users/kaili/Code/pico-sdk/src/rp2_common/pico_mem_ops/mem_ops_aeabi.S.obj
                0x20004154                __wrap_memset
 .text.memcpy   0x20004160        0xc CMakeFiles/dreamdrivecast_mcu2.dir/Users/kaili/Code/pico-sdk/src/rp2_common/pico_mem_ops/mem_ops_aeabi.S.obj
                0x20004160                __wrap___aeabi_memcpy
                0x20004160                __wrap_memcpy
 .text.to_us_since_boot
                0x2000416c       0x18 CMakeFiles/dreamdrivecast_mcu2.dir/Users/kaili/Code/pico-sdk/src/rp2_common/pico_stdio/stdio.c.obj
 .text.update_us_since_boot
                0x20004184       0x1e CMakeFiles/dreamdrivecast_mcu2.dir/Users/kaili/Code/pico-sdk/src/rp2_common/pico_stdio/stdio.c.obj
 .text.get_absolute_time
                0x200041a2       0x24 CMakeFiles/dreamdrivecast_mcu2.dir/Users/kaili/Code/pico-sdk/src/rp2_common/pico_stdio/stdio.c.obj
 *fill*         0x200041c6        0x2 
 .text.delayed_by_ms
                0x200041c8       0x7c CMakeFiles/dreamdrivecast_mcu2.dir/Users/kaili/Code/pico-sdk/src/rp2_common/pico_stdio/stdio.c.obj
 .text.make_timeout_time_ms
                0x20004244       0x22 CMakeFiles/dreamdrivecast_mcu2.dir/Users/kaili/Code/pico-sdk/src/rp2_common/pico_stdio/stdio.c.obj
 *fill*         0x20004266        0x2 
 .text.stdout_serialize_begin
                0x20004268       0x28 CMakeFiles/dreamdrivecast_mcu2.dir/Users/kaili/Code/pico-sdk/src/rp2_common/pico_stdio/stdio.c.obj
                0x20004268                stdout_serialize_begin
 .text.stdout_serialize_end
                0x20004290       0x18 CMakeFiles/dreamdrivecast_mcu2.dir/Users/kaili/Code/pico-sdk/src/rp2_common/pico_stdio/stdio.c.obj
                0x20004290                stdout_serialize_end
 .text.stdio_out_chars_no_crlf
                0x200042a8       0x20 CMakeFiles/dreamdrivecast_mcu2.dir/Users/kaili/Code/pico-sdk/src/rp2_common/pico_stdio/stdio.c.obj
 .text.stdio_out_chars_crlf
                0x200042c8       0xf4 CMakeFiles/dreamdrivecast_mcu2.dir/Users/kaili/Code/pico-sdk/src/rp2_common/pico_stdio/stdio.c.obj
 .text.stdio_put_string
                0x200043bc       0xcc CMakeFiles/dreamdrivecast_mcu2.dir/Users/kaili/Code/pico-sdk/src/rp2_common/pico_stdio/stdio.c.obj
 .text.__wrap_putchar
                0x20004488       0x28 CMakeFiles/dreamdrivecast_mcu2.dir/Users/kaili/Code/pico-sdk/src/rp2_common/pico_stdio/stdio.c.obj
                0x20004488                __wrap_putchar
 .text.__wrap_puts
                0x200044b0       0x2e CMakeFiles/dreamdrivecast_mcu2.dir/Users/kaili/Code/pico-sdk/src/rp2_common/pico_stdio/stdio.c.obj
                0x200044b0                __wrap_puts
 *fill*         0x200044de        0x2 
 .text.stdio_set_driver_enabled
                0x200044e0       0x68 CMakeFiles/dreamdrivecast_mcu2.dir/Users/kaili/Code/pico-sdk/src/rp2_common/pico_stdio/stdio.c.obj
                0x200044e0                stdio_set_driver_enabled
 .text.stdio_flush
                0x20004548       0x38 CMakeFiles/dreamdrivecast_mcu2.dir/Users/kaili/Code/pico-sdk/src/rp2_common/pico_stdio/stdio.c.obj
                0x20004548                stdio_flush
 .text.stdio_init_all
                0x20004580       0x32 CMakeFiles/dreamdrivecast_mcu2.dir/Users/kaili/Code/pico-sdk/src/rp2_common/pico_stdio/stdio.c.obj
                0x20004580                stdio_init_all
 *fill*         0x200045b2        0x2 
 .text.reset_usb_boot
                0x200045b4       0x24 CMakeFiles/dreamdrivecast_mcu2.dir/Users/kaili/Code/pico-sdk/src/rp2_common/pico_stdio_usb/reset_interface.c.obj
 .text.resetd_init
                0x200045d8        0xa CMakeFiles/dreamdrivecast_mcu2.dir/Users/kaili/Code/pico-sdk/src/rp2_common/pico_stdio_usb/reset_interface.c.obj
 *fill*         0x200045e2        0x2 
 .text.resetd_reset
                0x200045e4       0x20 CMakeFiles/dreamdrivecast_mcu2.dir/Users/kaili/Code/pico-sdk/src/rp2_common/pico_stdio_usb/reset_interface.c.obj
 .text.resetd_open
                0x20004604       0x64 CMakeFiles/dreamdrivecast_mcu2.dir/Users/kaili/Code/pico-sdk/src/rp2_common/pico_stdio_usb/reset_interface.c.obj
 .text.resetd_control_xfer_cb
                0x20004668       0xb0 CMakeFiles/dreamdrivecast_mcu2.dir/Users/kaili/Code/pico-sdk/src/rp2_common/pico_stdio_usb/reset_interface.c.obj
 .text.resetd_xfer_cb
                0x20004718       0x2a CMakeFiles/dreamdrivecast_mcu2.dir/Users/kaili/Code/pico-sdk/src/rp2_common/pico_stdio_usb/reset_interface.c.obj
 *fill*         0x20004742        0x2 
 .text.usbd_app_driver_get_cb
                0x20004744       0x1c CMakeFiles/dreamdrivecast_mcu2.dir/Users/kaili/Code/pico-sdk/src/rp2_common/pico_stdio_usb/reset_interface.c.obj
                0x20004744                usbd_app_driver_get_cb
 .text.tud_cdc_line_coding_cb
                0x20004760       0x44 CMakeFiles/dreamdrivecast_mcu2.dir/Users/kaili/Code/pico-sdk/src/rp2_common/pico_stdio_usb/reset_interface.c.obj
                0x20004760                tud_cdc_line_coding_cb
 .text.to_us_since_boot
                0x200047a4       0x18 CMakeFiles/dreamdrivecast_mcu2.dir/Users/kaili/Code/pico-sdk/src/rp2_common/pico_stdio_usb/stdio_usb.c.obj
 .text.update_us_since_boot
                0x200047bc       0x1e CMakeFiles/dreamdrivecast_mcu2.dir/Users/kaili/Code/pico-sdk/src/rp2_common/pico_stdio_usb/stdio_usb.c.obj
 .text.get_absolute_time
                0x200047da       0x24 CMakeFiles/dreamdrivecast_mcu2.dir/Users/kaili/Code/pico-sdk/src/rp2_common/pico_stdio_usb/stdio_usb.c.obj
 *fill*         0x200047fe        0x2 
 .text.delayed_by_us
                0x20004800       0x64 CMakeFiles/dreamdrivecast_mcu2.dir/Users/kaili/Code/pico-sdk/src/rp2_common/pico_stdio_usb/stdio_usb.c.obj
 .text.delayed_by_ms
                0x20004864       0x7c CMakeFiles/dreamdrivecast_mcu2.dir/Users/kaili/Code/pico-sdk/src/rp2_common/pico_stdio_usb/stdio_usb.c.obj
 .text.make_timeout_time_ms
                0x200048e0       0x22 CMakeFiles/dreamdrivecast_mcu2.dir/Users/kaili/Code/pico-sdk/src/rp2_common/pico_stdio_usb/stdio_usb.c.obj
 .text.alarm_pool_add_alarm_in_us
                0x20004902       0x3c CMakeFiles/dreamdrivecast_mcu2.dir/Users/kaili/Code/pico-sdk/src/rp2_common/pico_stdio_usb/stdio_usb.c.obj
 .text.add_alarm_in_us
                0x2000493e       0x34 CMakeFiles/dreamdrivecast_mcu2.dir/Users/kaili/Code/pico-sdk/src/rp2_common/pico_stdio_usb/stdio_usb.c.obj
 .text.critical_section_enter_blocking
                0x20004972       0x46 CMakeFiles/dreamdrivecast_mcu2.dir/Users/kaili/Code/pico-sdk/src/rp2_common/pico_stdio_usb/stdio_usb.c.obj
 .text.critical_section_exit
                0x200049b8       0x3e CMakeFiles/dreamdrivecast_mcu2.dir/Users/kaili/Code/pico-sdk/src/rp2_common/pico_stdio_usb/stdio_usb.c.obj
 .text.critical_section_is_initialized
                0x200049f6       0x1a CMakeFiles/dreamdrivecast_mcu2.dir/Users/kaili/Code/pico-sdk/src/rp2_common/pico_stdio_usb/stdio_usb.c.obj
 .text.tud_cdc_connected
                0x20004a10       0x12 CMakeFiles/dreamdrivecast_mcu2.dir/Users/kaili/Code/pico-sdk/src/rp2_common/pico_stdio_usb/stdio_usb.c.obj
 .text.tud_cdc_available
                0x20004a22       0x12 CMakeFiles/dreamdrivecast_mcu2.dir/Users/kaili/Code/pico-sdk/src/rp2_common/pico_stdio_usb/stdio_usb.c.obj
 .text.tud_cdc_read
                0x20004a34       0x20 CMakeFiles/dreamdrivecast_mcu2.dir/Users/kaili/Code/pico-sdk/src/rp2_common/pico_stdio_usb/stdio_usb.c.obj
 .text.tud_cdc_write
                0x20004a54       0x20 CMakeFiles/dreamdrivecast_mcu2.dir/Users/kaili/Code/pico-sdk/src/rp2_common/pico_stdio_usb/stdio_usb.c.obj
 .text.tud_cdc_write_flush
                0x20004a74       0x12 CMakeFiles/dreamdrivecast_mcu2.dir/Users/kaili/Code/pico-sdk/src/rp2_common/pico_stdio_usb/stdio_usb.c.obj
 .text.tud_cdc_write_available
                0x20004a86       0x12 CMakeFiles/dreamdrivecast_mcu2.dir/Users/kaili/Code/pico-sdk/src/rp2_common/pico_stdio_usb/stdio_usb.c.obj
 .text.timer_task
                0x20004a98       0x64 CMakeFiles/dreamdrivecast_mcu2.dir/Users/kaili/Code/pico-sdk/src/rp2_common/pico_stdio_usb/stdio_usb.c.obj
 .text.low_priority_worker_irq
                0x20004afc       0xa0 CMakeFiles/dreamdrivecast_mcu2.dir/Users/kaili/Code/pico-sdk/src/rp2_common/pico_stdio_usb/stdio_usb.c.obj
 .text.usb_irq  0x20004b9c       0x18 CMakeFiles/dreamdrivecast_mcu2.dir/Users/kaili/Code/pico-sdk/src/rp2_common/pico_stdio_usb/stdio_usb.c.obj
 .text.stdio_usb_out_chars
                0x20004bb4      0x118 CMakeFiles/dreamdrivecast_mcu2.dir/Users/kaili/Code/pico-sdk/src/rp2_common/pico_stdio_usb/stdio_usb.c.obj
 .text.stdio_usb_in_chars
                0x20004ccc       0xa0 CMakeFiles/dreamdrivecast_mcu2.dir/Users/kaili/Code/pico-sdk/src/rp2_common/pico_stdio_usb/stdio_usb.c.obj
                0x20004ccc                stdio_usb_in_chars
 .text.tud_cdc_rx_cb
                0x20004d6c       0x34 CMakeFiles/dreamdrivecast_mcu2.dir/Users/kaili/Code/pico-sdk/src/rp2_common/pico_stdio_usb/stdio_usb.c.obj
                0x20004d6c                tud_cdc_rx_cb
 .text.stdio_usb_set_chars_available_callback
                0x20004da0       0x28 CMakeFiles/dreamdrivecast_mcu2.dir/Users/kaili/Code/pico-sdk/src/rp2_common/pico_stdio_usb/stdio_usb.c.obj
                0x20004da0                stdio_usb_set_chars_available_callback
 .text.stdio_usb_init
                0x20004dc8       0xf0 CMakeFiles/dreamdrivecast_mcu2.dir/Users/kaili/Code/pico-sdk/src/rp2_common/pico_stdio_usb/stdio_usb.c.obj
                0x20004dc8                stdio_usb_init
 .text.stdio_usb_connected
                0x20004eb8       0x10 CMakeFiles/dreamdrivecast_mcu2.dir/Users/kaili/Code/pico-sdk/src/rp2_common/pico_stdio_usb/stdio_usb.c.obj
                0x20004eb8                stdio_usb_connected
 .text.tud_descriptor_device_cb
                0x20004ec8       0x10 CMakeFiles/dreamdrivecast_mcu2.dir/Users/kaili/Code/pico-sdk/src/rp2_common/pico_stdio_usb/stdio_usb_descriptors.c.obj
                0x20004ec8                tud_descriptor_device_cb
 .text.tud_descriptor_configuration_cb
                0x20004ed8       0x1c CMakeFiles/dreamdrivecast_mcu2.dir/Users/kaili/Code/pico-sdk/src/rp2_common/pico_stdio_usb/stdio_usb_descriptors.c.obj
                0x20004ed8                tud_descriptor_configuration_cb
 .text.tud_descriptor_string_cb
                0x20004ef4       0xd4 CMakeFiles/dreamdrivecast_mcu2.dir/Users/kaili/Code/pico-sdk/src/rp2_common/pico_stdio_usb/stdio_usb_descriptors.c.obj
                0x20004ef4                tud_descriptor_string_cb
 .text._retrieve_unique_id_on_boot
                0x20004fc8       0x18 CMakeFiles/dreamdrivecast_mcu2.dir/Users/kaili/Code/pico-sdk/src/rp2_common/pico_unique_id/unique_id.c.obj
 .text.pico_get_unique_board_id_string
                0x20004fe0       0x80 CMakeFiles/dreamdrivecast_mcu2.dir/Users/kaili/Code/pico-sdk/src/rp2_common/pico_unique_id/unique_id.c.obj
                0x20004fe0                pico_get_unique_board_id_string
 .text.rom_hword_as_ptr
                0x20005060       0x1a CMakeFiles/dreamdrivecast_mcu2.dir/Users/kaili/Code/pico-sdk/src/rp2_common/hardware_flash/flash.c.obj
 .text.flash_get_unique_id
                0x2000507a       0x70 CMakeFiles/dreamdrivecast_mcu2.dir/Users/kaili/Code/pico-sdk/src/rp2_common/hardware_flash/flash.c.obj
                0x2000507a                flash_get_unique_id
 .text.hard_assert
                0x200050ea       0x26 CMakeFiles/dreamdrivecast_mcu2.dir/Users/kaili/Code/pico-sdk/lib/tinyusb/src/portable/raspberrypi/rp2040/dcd_rp2040.c.obj
 .text.time_us_32
                0x20005110       0x14 CMakeFiles/dreamdrivecast_mcu2.dir/Users/kaili/Code/pico-sdk/lib/tinyusb/src/portable/raspberrypi/rp2040/dcd_rp2040.c.obj
 .text.hw_data_offset
                0x20005124       0x1c CMakeFiles/dreamdrivecast_mcu2.dir/Users/kaili/Code/pico-sdk/lib/tinyusb/src/portable/raspberrypi/rp2040/dcd_rp2040.c.obj
 .text.dcd_event_sof
                0x20005140       0x52 CMakeFiles/dreamdrivecast_mcu2.dir/Users/kaili/Code/pico-sdk/lib/tinyusb/src/portable/raspberrypi/rp2040/dcd_rp2040.c.obj
 *fill*         0x20005192        0x2 
 .text.hw_endpoint_get_by_addr
                0x20005194       0x70 CMakeFiles/dreamdrivecast_mcu2.dir/Users/kaili/Code/pico-sdk/lib/tinyusb/src/portable/raspberrypi/rp2040/dcd_rp2040.c.obj
 .text._hw_endpoint_alloc
                0x20005204       0xa4 CMakeFiles/dreamdrivecast_mcu2.dir/Users/kaili/Code/pico-sdk/lib/tinyusb/src/portable/raspberrypi/rp2040/dcd_rp2040.c.obj
 .text.hw_endpoint_init
                0x200052a8      0x128 CMakeFiles/dreamdrivecast_mcu2.dir/Users/kaili/Code/pico-sdk/lib/tinyusb/src/portable/raspberrypi/rp2040/dcd_rp2040.c.obj
 .text.hw_endpoint_xfer
                0x200053d0       0x3a CMakeFiles/dreamdrivecast_mcu2.dir/Users/kaili/Code/pico-sdk/lib/tinyusb/src/portable/raspberrypi/rp2040/dcd_rp2040.c.obj
 *fill*         0x2000540a        0x2 
 .text.dcd_init
                0x2000540c       0x80 CMakeFiles/dreamdrivecast_mcu2.dir/Users/kaili/Code/pico-sdk/lib/tinyusb/src/portable/raspberrypi/rp2040/dcd_rp2040.c.obj
                0x2000540c                dcd_init
 .text.dcd_int_enable
                0x2000548c       0x1c CMakeFiles/dreamdrivecast_mcu2.dir/Users/kaili/Code/pico-sdk/lib/tinyusb/src/portable/raspberrypi/rp2040/dcd_rp2040.c.obj
                0x2000548c                dcd_int_enable
 .text.dcd_set_address
                0x200054a8       0x24 CMakeFiles/dreamdrivecast_mcu2.dir/Users/kaili/Code/pico-sdk/lib/tinyusb/src/portable/raspberrypi/rp2040/dcd_rp2040.c.obj
                0x200054a8                dcd_set_address
 .text.dcd_connect
                0x200054cc       0x20 CMakeFiles/dreamdrivecast_mcu2.dir/Users/kaili/Code/pico-sdk/lib/tinyusb/src/portable/raspberrypi/rp2040/dcd_rp2040.c.obj
                0x200054cc                dcd_connect
 .text.dcd_edpt0_status_complete
                0x200054ec       0x50 CMakeFiles/dreamdrivecast_mcu2.dir/Users/kaili/Code/pico-sdk/lib/tinyusb/src/portable/raspberrypi/rp2040/dcd_rp2040.c.obj
                0x200054ec                dcd_edpt0_status_complete
 .text.dcd_edpt_open
                0x2000553c       0x42 CMakeFiles/dreamdrivecast_mcu2.dir/Users/kaili/Code/pico-sdk/lib/tinyusb/src/portable/raspberrypi/rp2040/dcd_rp2040.c.obj
                0x2000553c                dcd_edpt_open
 .text.dcd_edpt_close_all
                0x2000557e       0x18 CMakeFiles/dreamdrivecast_mcu2.dir/Users/kaili/Code/pico-sdk/lib/tinyusb/src/portable/raspberrypi/rp2040/dcd_rp2040.c.obj
                0x2000557e                dcd_edpt_close_all
 .text.dcd_edpt_xfer
                0x20005596       0x3a CMakeFiles/dreamdrivecast_mcu2.dir/Users/kaili/Code/pico-sdk/lib/tinyusb/src/portable/raspberrypi/rp2040/dcd_rp2040.c.obj
                0x20005596                dcd_edpt_xfer
 .text.dcd_edpt_stall
                0x200055d0       0x7c CMakeFiles/dreamdrivecast_mcu2.dir/Users/kaili/Code/pico-sdk/lib/tinyusb/src/portable/raspberrypi/rp2040/dcd_rp2040.c.obj
                0x200055d0                dcd_edpt_stall
 .text.dcd_edpt_clear_stall
                0x2000564c       0x5e CMakeFiles/dreamdrivecast_mcu2.dir/Users/kaili/Code/pico-sdk/lib/tinyusb/src/portable/raspberrypi/rp2040/dcd_rp2040.c.obj
                0x2000564c                dcd_edpt_clear_stall
 *fill*         0x200056aa        0x2 
 .text.reset_block
                0x200056ac       0x2c CMakeFiles/dreamdrivecast_mcu2.dir/Users/kaili/Code/pico-sdk/lib/tinyusb/src/portable/raspberrypi/rp2040/rp2040_usb.c.obj
 .text.unreset_block_wait
                0x200056d8       0x3c CMakeFiles/dreamdrivecast_mcu2.dir/Users/kaili/Code/pico-sdk/lib/tinyusb/src/portable/raspberrypi/rp2040/rp2040_usb.c.obj
 .text.time_us_32
                0x20005714       0x14 CMakeFiles/dreamdrivecast_mcu2.dir/Users/kaili/Code/pico-sdk/lib/tinyusb/src/portable/raspberrypi/rp2040/rp2040_usb.c.obj
 .text.rp2040_usb_init
                0x20005728       0x48 CMakeFiles/dreamdrivecast_mcu2.dir/Users/kaili/Code/pico-sdk/lib/tinyusb/src/portable/raspberrypi/rp2040/rp2040_usb.c.obj
                0x20005728                rp2040_usb_init
 .text.hw_endpoint_xfer_start
                0x20005770       0x8c CMakeFiles/dreamdrivecast_mcu2.dir/Users/kaili/Code/pico-sdk/lib/tinyusb/src/portable/raspberrypi/rp2040/rp2040_usb.c.obj
                0x20005770                hw_endpoint_xfer_start
 .text.critical_section_enter_blocking
                0x200057fc       0x46 CMakeFiles/dreamdrivecast_mcu2.dir/Users/kaili/Code/pico-sdk/lib/tinyusb/src/device/usbd.c.obj
 .text.critical_section_exit
                0x20005842       0x3e CMakeFiles/dreamdrivecast_mcu2.dir/Users/kaili/Code/pico-sdk/lib/tinyusb/src/device/usbd.c.obj
 .text.get_driver
                0x20005880       0x74 CMakeFiles/dreamdrivecast_mcu2.dir/Users/kaili/Code/pico-sdk/lib/tinyusb/src/device/usbd.c.obj
 .text.tud_mounted
                0x200058f4       0x1c CMakeFiles/dreamdrivecast_mcu2.dir/Users/kaili/Code/pico-sdk/lib/tinyusb/src/device/usbd.c.obj
                0x200058f4                tud_mounted
 .text.tud_suspended
                0x20005910       0x20 CMakeFiles/dreamdrivecast_mcu2.dir/Users/kaili/Code/pico-sdk/lib/tinyusb/src/device/usbd.c.obj
                0x20005910                tud_suspended
 .text.tud_inited
                0x20005930       0x1c CMakeFiles/dreamdrivecast_mcu2.dir/Users/kaili/Code/pico-sdk/lib/tinyusb/src/device/usbd.c.obj
                0x20005930                tud_inited
 .text.tud_init
                0x2000594c      0x10c CMakeFiles/dreamdrivecast_mcu2.dir/Users/kaili/Code/pico-sdk/lib/tinyusb/src/device/usbd.c.obj
                0x2000594c                tud_init
 .text.configuration_reset
                0x20005a58       0x8c CMakeFiles/dreamdrivecast_mcu2.dir/Users/kaili/Code/pico-sdk/lib/tinyusb/src/device/usbd.c.obj
 .text.usbd_reset
                0x20005ae4       0x22 CMakeFiles/dreamdrivecast_mcu2.dir/Users/kaili/Code/pico-sdk/lib/tinyusb/src/device/usbd.c.obj
 *fill*         0x20005b06        0x2 
 .text.tud_task_ext
                0x20005b08      0x2ac CMakeFiles/dreamdrivecast_mcu2.dir/Users/kaili/Code/pico-sdk/lib/tinyusb/src/device/usbd.c.obj
                0x20005b08                tud_task_ext
 .text.invoke_class_control
                0x20005db4       0x36 CMakeFiles/dreamdrivecast_mcu2.dir/Users/kaili/Code/pico-sdk/lib/tinyusb/src/device/usbd.c.obj
 *fill*         0x20005dea        0x2 
 .text.process_control_request
                0x20005dec      0x4f0 CMakeFiles/dreamdrivecast_mcu2.dir/Users/kaili/Code/pico-sdk/lib/tinyusb/src/device/usbd.c.obj
 .text.process_set_config
                0x200062dc      0x240 CMakeFiles/dreamdrivecast_mcu2.dir/Users/kaili/Code/pico-sdk/lib/tinyusb/src/device/usbd.c.obj
 .text.process_get_descriptor
                0x2000651c      0x1d4 CMakeFiles/dreamdrivecast_mcu2.dir/Users/kaili/Code/pico-sdk/lib/tinyusb/src/device/usbd.c.obj
 .text.usbd_open_edpt_pair
                0x200066f0       0xc0 CMakeFiles/dreamdrivecast_mcu2.dir/Users/kaili/Code/pico-sdk/lib/tinyusb/src/device/usbd.c.obj
                0x200066f0                usbd_open_edpt_pair
 .text.usbd_defer_func
                0x200067b0       0x48 CMakeFiles/dreamdrivecast_mcu2.dir/Users/kaili/Code/pico-sdk/lib/tinyusb/src/device/usbd.c.obj
                0x200067b0                usbd_defer_func
 .text.usbd_edpt_open
                0x200067f8       0x74 CMakeFiles/dreamdrivecast_mcu2.dir/Users/kaili/Code/pico-sdk/lib/tinyusb/src/device/usbd.c.obj
                0x200067f8                usbd_edpt_open
 .text.usbd_edpt_claim
                0x2000686c       0x7c CMakeFiles/dreamdrivecast_mcu2.dir/Users/kaili/Code/pico-sdk/lib/tinyusb/src/device/usbd.c.obj
                0x2000686c                usbd_edpt_claim
 .text.usbd_edpt_release
                0x200068e8       0x7c CMakeFiles/dreamdrivecast_mcu2.dir/Users/kaili/Code/pico-sdk/lib/tinyusb/src/device/usbd.c.obj
                0x200068e8                usbd_edpt_release
 .text.usbd_edpt_xfer
                0x20006964      0x108 CMakeFiles/dreamdrivecast_mcu2.dir/Users/kaili/Code/pico-sdk/lib/tinyusb/src/device/usbd.c.obj
                0x20006964                usbd_edpt_xfer
 .text.usbd_edpt_stall
                0x20006a6c       0xc4 CMakeFiles/dreamdrivecast_mcu2.dir/Users/kaili/Code/pico-sdk/lib/tinyusb/src/device/usbd.c.obj
                0x20006a6c                usbd_edpt_stall
 .text.usbd_edpt_clear_stall
                0x20006b30       0xc4 CMakeFiles/dreamdrivecast_mcu2.dir/Users/kaili/Code/pico-sdk/lib/tinyusb/src/device/usbd.c.obj
                0x20006b30                usbd_edpt_clear_stall
 .text.usbd_edpt_stalled
                0x20006bf4       0x74 CMakeFiles/dreamdrivecast_mcu2.dir/Users/kaili/Code/pico-sdk/lib/tinyusb/src/device/usbd.c.obj
                0x20006bf4                usbd_edpt_stalled
 .text._status_stage_xact
                0x20006c68       0x42 CMakeFiles/dreamdrivecast_mcu2.dir/Users/kaili/Code/pico-sdk/lib/tinyusb/src/device/usbd_control.c.obj
 *fill*         0x20006caa        0x2 
 .text.tud_control_status
                0x20006cac       0x4c CMakeFiles/dreamdrivecast_mcu2.dir/Users/kaili/Code/pico-sdk/lib/tinyusb/src/device/usbd_control.c.obj
                0x20006cac                tud_control_status
 .text._data_stage_xact
                0x20006cf8       0xb0 CMakeFiles/dreamdrivecast_mcu2.dir/Users/kaili/Code/pico-sdk/lib/tinyusb/src/device/usbd_control.c.obj
 .text.tud_control_xfer
                0x20006da8       0xe0 CMakeFiles/dreamdrivecast_mcu2.dir/Users/kaili/Code/pico-sdk/lib/tinyusb/src/device/usbd_control.c.obj
                0x20006da8                tud_control_xfer
 .text.usbd_control_reset
                0x20006e88       0x1c CMakeFiles/dreamdrivecast_mcu2.dir/Users/kaili/Code/pico-sdk/lib/tinyusb/src/device/usbd_control.c.obj
                0x20006e88                usbd_control_reset
 .text.usbd_control_set_complete_callback
                0x20006ea4       0x1c CMakeFiles/dreamdrivecast_mcu2.dir/Users/kaili/Code/pico-sdk/lib/tinyusb/src/device/usbd_control.c.obj
                0x20006ea4                usbd_control_set_complete_callback
 .text.usbd_control_set_request
                0x20006ec0       0x38 CMakeFiles/dreamdrivecast_mcu2.dir/Users/kaili/Code/pico-sdk/lib/tinyusb/src/device/usbd_control.c.obj
                0x20006ec0                usbd_control_set_request
 .text.usbd_control_xfer_cb
                0x20006ef8      0x170 CMakeFiles/dreamdrivecast_mcu2.dir/Users/kaili/Code/pico-sdk/lib/tinyusb/src/device/usbd_control.c.obj
                0x20006ef8                usbd_control_xfer_cb
 .text._prep_out_transaction
                0x20007068       0xa4 CMakeFiles/dreamdrivecast_mcu2.dir/Users/kaili/Code/pico-sdk/lib/tinyusb/src/class/cdc/cdc_device.c.obj
 .text.tud_cdc_n_connected
                0x2000710c       0x88 CMakeFiles/dreamdrivecast_mcu2.dir/Users/kaili/Code/pico-sdk/lib/tinyusb/src/class/cdc/cdc_device.c.obj
                0x2000710c                tud_cdc_n_connected
 .text.tud_cdc_n_available
                0x20007194       0x34 CMakeFiles/dreamdrivecast_mcu2.dir/Users/kaili/Code/pico-sdk/lib/tinyusb/src/class/cdc/cdc_device.c.obj
                0x20007194                tud_cdc_n_available
 .text.tud_cdc_n_read
                0x200071c8       0x4c CMakeFiles/dreamdrivecast_mcu2.dir/Users/kaili/Code/pico-sdk/lib/tinyusb/src/class/cdc/cdc_device.c.obj
                0x200071c8                tud_cdc_n_read
 .text.tud_cdc_n_write
                0x20007214       0x68 CMakeFiles/dreamdrivecast_mcu2.dir/Users/kaili/Code/pico-sdk/lib/tinyusb/src/class/cdc/cdc_device.c.obj
                0x20007214                tud_cdc_n_write
 .text.tud_cdc_n_write_flush
                0x2000727c      0x110 CMakeFiles/dreamdrivecast_mcu2.dir/Users/kaili/Code/pico-sdk/lib/tinyusb/src/class/cdc/cdc_device.c.obj
                0x2000727c                tud_cdc_n_write_flush
 .text.tud_cdc_n_write_available
                0x2000738c       0x34 CMakeFiles/dreamdrivecast_mcu2.dir/Users/kaili/Code/pico-sdk/lib/tinyusb/src/class/cdc/cdc_device.c.obj
                0x2000738c                tud_cdc_n_write_available
 .text.cdcd_init
                0x200073c0      0x128 CMakeFiles/dreamdrivecast_mcu2.dir/Users/kaili/Code/pico-sdk/lib/tinyusb/src/class/cdc/cdc_device.c.obj
                0x200073c0                cdcd_init
 .text.cdcd_reset
                0x200074e8       0x78 CMakeFiles/dreamdrivecast_mcu2.dir/Users/kaili/Code/pico-sdk/lib/tinyusb/src/class/cdc/cdc_device.c.obj
                0x200074e8                cdcd_reset
 .text.cdcd_open
                0x20007560      0x1e8 CMakeFiles/dreamdrivecast_mcu2.dir/Users/kaili/Code/pico-sdk/lib/tinyusb/src/class/cdc/cdc_device.c.obj
                0x20007560                cdcd_open
 .text.cdcd_control_xfer_cb
                0x20007748      0x238 CMakeFiles/dreamdrivecast_mcu2.dir/Users/kaili/Code/pico-sdk/lib/tinyusb/src/class/cdc/cdc_device.c.obj
                0x20007748                cdcd_control_xfer_cb
 .text.cdcd_xfer_cb
                0x20007980      0x1b8 CMakeFiles/dreamdrivecast_mcu2.dir/Users/kaili/Code/pico-sdk/lib/tinyusb/src/class/cdc/cdc_device.c.obj
                0x20007980                cdcd_xfer_cb
 .text.tusb_init
                0x20007b38       0x24 CMakeFiles/dreamdrivecast_mcu2.dir/Users/kaili/Code/pico-sdk/lib/tinyusb/src/tusb.c.obj
                0x20007b38                tusb_init
 .text.tusb_inited
                0x20007b5c       0x3a CMakeFiles/dreamdrivecast_mcu2.dir/Users/kaili/Code/pico-sdk/lib/tinyusb/src/tusb.c.obj
                0x20007b5c                tusb_inited
 .text.tu_edpt_claim
                0x20007b96       0x9c CMakeFiles/dreamdrivecast_mcu2.dir/Users/kaili/Code/pico-sdk/lib/tinyusb/src/tusb.c.obj
                0x20007b96                tu_edpt_claim
 .text.tu_edpt_release
                0x20007c32       0x7c CMakeFiles/dreamdrivecast_mcu2.dir/Users/kaili/Code/pico-sdk/lib/tinyusb/src/tusb.c.obj
                0x20007c32                tu_edpt_release
 *fill*         0x20007cae        0x2 
 .text.tu_edpt_validate
                0x20007cb0       0xd8 CMakeFiles/dreamdrivecast_mcu2.dir/Users/kaili/Code/pico-sdk/lib/tinyusb/src/tusb.c.obj
                0x20007cb0                tu_edpt_validate
 .text.tu_edpt_bind_driver
                0x20007d88       0x98 CMakeFiles/dreamdrivecast_mcu2.dir/Users/kaili/Code/pico-sdk/lib/tinyusb/src/tusb.c.obj
                0x20007d88                tu_edpt_bind_driver
 .text.tu_fifo_config
                0x20007e20       0xfc CMakeFiles/dreamdrivecast_mcu2.dir/Users/kaili/Code/pico-sdk/lib/tinyusb/src/common/tusb_fifo.c.obj
                0x20007e20                tu_fifo_config
 .text._ff_push_const_addr
                0x20007f1c       0xd0 CMakeFiles/dreamdrivecast_mcu2.dir/Users/kaili/Code/pico-sdk/lib/tinyusb/src/common/tusb_fifo.c.obj
 .text._ff_pull_const_addr
                0x20007fec       0x96 CMakeFiles/dreamdrivecast_mcu2.dir/Users/kaili/Code/pico-sdk/lib/tinyusb/src/common/tusb_fifo.c.obj
 .text._ff_push
                0x20008082       0x40 CMakeFiles/dreamdrivecast_mcu2.dir/Users/kaili/Code/pico-sdk/lib/tinyusb/src/common/tusb_fifo.c.obj
 .text._ff_push_n
                0x200080c2      0x22a CMakeFiles/dreamdrivecast_mcu2.dir/Users/kaili/Code/pico-sdk/lib/tinyusb/src/common/tusb_fifo.c.obj
 .text._ff_pull
                0x200082ec       0x40 CMakeFiles/dreamdrivecast_mcu2.dir/Users/kaili/Code/pico-sdk/lib/tinyusb/src/common/tusb_fifo.c.obj
 .text._ff_pull_n
                0x2000832c      0x22e CMakeFiles/dreamdrivecast_mcu2.dir/Users/kaili/Code/pico-sdk/lib/tinyusb/src/common/tusb_fifo.c.obj
 .text.advance_index
                0x2000855a       0x76 CMakeFiles/dreamdrivecast_mcu2.dir/Users/kaili/Code/pico-sdk/lib/tinyusb/src/common/tusb_fifo.c.obj
 .text._tu_fifo_peek
                0x200085d0      0x140 CMakeFiles/dreamdrivecast_mcu2.dir/Users/kaili/Code/pico-sdk/lib/tinyusb/src/common/tusb_fifo.c.obj
 .text._tu_fifo_peek_n
                0x20008710      0x16a CMakeFiles/dreamdrivecast_mcu2.dir/Users/kaili/Code/pico-sdk/lib/tinyusb/src/common/tusb_fifo.c.obj
 .text._tu_fifo_write_n
                0x2000887a      0x2c6 CMakeFiles/dreamdrivecast_mcu2.dir/Users/kaili/Code/pico-sdk/lib/tinyusb/src/common/tusb_fifo.c.obj
 .text._tu_fifo_read_n
                0x20008b40       0xa6 CMakeFiles/dreamdrivecast_mcu2.dir/Users/kaili/Code/pico-sdk/lib/tinyusb/src/common/tusb_fifo.c.obj
 .text.tu_fifo_count
                0x20008be6       0x94 CMakeFiles/dreamdrivecast_mcu2.dir/Users/kaili/Code/pico-sdk/lib/tinyusb/src/common/tusb_fifo.c.obj
                0x20008be6                tu_fifo_count
 .text.tu_fifo_empty
                0x20008c7a       0x24 CMakeFiles/dreamdrivecast_mcu2.dir/Users/kaili/Code/pico-sdk/lib/tinyusb/src/common/tusb_fifo.c.obj
                0x20008c7a                tu_fifo_empty
 .text.tu_fifo_full
                0x20008c9e       0x7c CMakeFiles/dreamdrivecast_mcu2.dir/Users/kaili/Code/pico-sdk/lib/tinyusb/src/common/tusb_fifo.c.obj
                0x20008c9e                tu_fifo_full
 .text.tu_fifo_remaining
                0x20008d1a       0xac CMakeFiles/dreamdrivecast_mcu2.dir/Users/kaili/Code/pico-sdk/lib/tinyusb/src/common/tusb_fifo.c.obj
                0x20008d1a                tu_fifo_remaining
 .text.tu_fifo_read
                0x20008dc6       0x90 CMakeFiles/dreamdrivecast_mcu2.dir/Users/kaili/Code/pico-sdk/lib/tinyusb/src/common/tusb_fifo.c.obj
                0x20008dc6                tu_fifo_read
 .text.tu_fifo_read_n
                0x20008e56       0x26 CMakeFiles/dreamdrivecast_mcu2.dir/Users/kaili/Code/pico-sdk/lib/tinyusb/src/common/tusb_fifo.c.obj
                0x20008e56                tu_fifo_read_n
 .text.tu_fifo_write
                0x20008e7c       0xfe CMakeFiles/dreamdrivecast_mcu2.dir/Users/kaili/Code/pico-sdk/lib/tinyusb/src/common/tusb_fifo.c.obj
                0x20008e7c                tu_fifo_write
 .text.tu_fifo_write_n
                0x20008f7a       0x26 CMakeFiles/dreamdrivecast_mcu2.dir/Users/kaili/Code/pico-sdk/lib/tinyusb/src/common/tusb_fifo.c.obj
                0x20008f7a                tu_fifo_write_n
 .text.tu_fifo_clear
                0x20008fa0       0x9a CMakeFiles/dreamdrivecast_mcu2.dir/Users/kaili/Code/pico-sdk/lib/tinyusb/src/common/tusb_fifo.c.obj
                0x20008fa0                tu_fifo_clear
 .text.tu_fifo_set_overwritable
                0x2000903a       0xaa CMakeFiles/dreamdrivecast_mcu2.dir/Users/kaili/Code/pico-sdk/lib/tinyusb/src/common/tusb_fifo.c.obj
                0x2000903a                tu_fifo_set_overwritable
 .text._pio_major_instr_bits
                0x200090e4       0x18 CMakeFiles/dreamdrivecast_mcu2.dir/Users/kaili/Code/pico-sdk/src/rp2_common/hardware_pio/pio.c.obj
 .text._pio_encode_instr_and_args
                0x200090fc       0x2c CMakeFiles/dreamdrivecast_mcu2.dir/Users/kaili/Code/pico-sdk/src/rp2_common/hardware_pio/pio.c.obj
 .text._pio_encode_instr_and_src_dest
                0x20009128       0x34 CMakeFiles/dreamdrivecast_mcu2.dir/Users/kaili/Code/pico-sdk/src/rp2_common/hardware_pio/pio.c.obj
 .text.pio_encode_jmp
                0x2000915c       0x1e CMakeFiles/dreamdrivecast_mcu2.dir/Users/kaili/Code/pico-sdk/src/rp2_common/hardware_pio/pio.c.obj
 .text.pio_encode_set
                0x2000917a       0x28 CMakeFiles/dreamdrivecast_mcu2.dir/Users/kaili/Code/pico-sdk/src/rp2_common/hardware_pio/pio.c.obj
 .text.check_sm_param
                0x200091a2       0x10 CMakeFiles/dreamdrivecast_mcu2.dir/Users/kaili/Code/pico-sdk/src/rp2_common/hardware_pio/pio.c.obj
 .text.check_pio_param
                0x200091b2       0x10 CMakeFiles/dreamdrivecast_mcu2.dir/Users/kaili/Code/pico-sdk/src/rp2_common/hardware_pio/pio.c.obj
 .text.sm_config_set_clkdiv_int_frac
                0x200091c2       0x32 CMakeFiles/dreamdrivecast_mcu2.dir/Users/kaili/Code/pico-sdk/src/rp2_common/hardware_pio/pio.c.obj
 .text.sm_config_set_wrap
                0x200091f4       0x30 CMakeFiles/dreamdrivecast_mcu2.dir/Users/kaili/Code/pico-sdk/src/rp2_common/hardware_pio/pio.c.obj
 .text.sm_config_set_in_shift
                0x20009224       0x68 CMakeFiles/dreamdrivecast_mcu2.dir/Users/kaili/Code/pico-sdk/src/rp2_common/hardware_pio/pio.c.obj
 .text.sm_config_set_out_shift
                0x2000928c       0x68 CMakeFiles/dreamdrivecast_mcu2.dir/Users/kaili/Code/pico-sdk/src/rp2_common/hardware_pio/pio.c.obj
 .text.pio_get_default_sm_config
                0x200092f4       0x5c CMakeFiles/dreamdrivecast_mcu2.dir/Users/kaili/Code/pico-sdk/src/rp2_common/hardware_pio/pio.c.obj
 .text.pio_sm_set_config
                0x20009350       0x84 CMakeFiles/dreamdrivecast_mcu2.dir/Users/kaili/Code/pico-sdk/src/rp2_common/hardware_pio/pio.c.obj
 .text.pio_get_index
                0x200093d4       0x2c CMakeFiles/dreamdrivecast_mcu2.dir/Users/kaili/Code/pico-sdk/src/rp2_common/hardware_pio/pio.c.obj
 .text.pio_sm_set_enabled
                0x20009400       0x48 CMakeFiles/dreamdrivecast_mcu2.dir/Users/kaili/Code/pico-sdk/src/rp2_common/hardware_pio/pio.c.obj
 .text.pio_sm_restart
                0x20009448       0x40 CMakeFiles/dreamdrivecast_mcu2.dir/Users/kaili/Code/pico-sdk/src/rp2_common/hardware_pio/pio.c.obj
 .text.pio_sm_clkdiv_restart
                0x20009488       0x40 CMakeFiles/dreamdrivecast_mcu2.dir/Users/kaili/Code/pico-sdk/src/rp2_common/hardware_pio/pio.c.obj
 .text.pio_sm_exec
                0x200094c8       0x3a CMakeFiles/dreamdrivecast_mcu2.dir/Users/kaili/Code/pico-sdk/src/rp2_common/hardware_pio/pio.c.obj
 .text.pio_sm_clear_fifos
                0x20009502       0x6e CMakeFiles/dreamdrivecast_mcu2.dir/Users/kaili/Code/pico-sdk/src/rp2_common/hardware_pio/pio.c.obj
 .text._pio_find_offset_for_program
                0x20009570       0xac CMakeFiles/dreamdrivecast_mcu2.dir/Users/kaili/Code/pico-sdk/src/rp2_common/hardware_pio/pio.c.obj
 .text._pio_can_add_program_at_offset
                0x2000961c       0x68 CMakeFiles/dreamdrivecast_mcu2.dir/Users/kaili/Code/pico-sdk/src/rp2_common/hardware_pio/pio.c.obj
 .text._pio_add_program_at_offset
                0x20009684       0xd8 CMakeFiles/dreamdrivecast_mcu2.dir/Users/kaili/Code/pico-sdk/src/rp2_common/hardware_pio/pio.c.obj
 .text.pio_add_program
                0x2000975c       0x54 CMakeFiles/dreamdrivecast_mcu2.dir/Users/kaili/Code/pico-sdk/src/rp2_common/hardware_pio/pio.c.obj
                0x2000975c                pio_add_program
 .text.pio_sm_set_pindirs_with_mask
                0x200097b0      0x102 CMakeFiles/dreamdrivecast_mcu2.dir/Users/kaili/Code/pico-sdk/src/rp2_common/hardware_pio/pio.c.obj
                0x200097b0                pio_sm_set_pindirs_with_mask
 *fill*         0x200098b2        0x2 
 .text.pio_sm_init
                0x200098b4       0x98 CMakeFiles/dreamdrivecast_mcu2.dir/Users/kaili/Code/pico-sdk/src/rp2_common/hardware_pio/pio.c.obj
                0x200098b4                pio_sm_init
 .text          0x2000994c        0x4 /Applications/ArmGNUToolchain/12.3.rel1/arm-none-eabi/bin/../lib/gcc/arm-none-eabi/12.3.1/thumb/v6-m/nofp/libgcc.a(_dvmd_tls.o)
                0x2000994c                __aeabi_ldiv0
                0x2000994c                __aeabi_idiv0
 .text.strlen   0x20009950       0x5c /Applications/ArmGNUToolchain/12.3.rel1/arm-none-eabi/bin/../lib/gcc/arm-none-eabi/12.3.1/../../../../arm-none-eabi/lib/thumb/v6-m/nofp/libg.a(libc_a-strlen-stub.o)
                0x20009950                strlen
 *(.fini)
 .fini          0x200099ac        0x4 /Applications/ArmGNUToolchain/12.3.rel1/arm-none-eabi/bin/../lib/gcc/arm-none-eabi/12.3.1/thumb/v6-m/nofp/crti.o
                0x200099ac                _fini
 *crtbegin.o(.ctors)
 *crtbegin?.o(.ctors)
 *(EXCLUDE_FILE(*crtend.o *crtend?.o) .ctors)
 *(SORT_BY_NAME(.ctors.*))
 *(.ctors)
 *crtbegin.o(.dtors)
 *crtbegin?.o(.dtors)
 *(EXCLUDE_FILE(*crtend.o *crtend?.o) .dtors)
 *(SORT_BY_NAME(.dtors.*))
 *(.dtors)
 *(.eh_frame*)
 .eh_frame      0x200099b0        0x0 /Applications/ArmGNUToolchain/12.3.rel1/arm-none-eabi/bin/../lib/gcc/arm-none-eabi/12.3.1/thumb/v6-m/nofp/crtbegin.o
                0x200099b0                        . = ALIGN (0x4)
                0x200099b0                        __ram_text_end__ = .
                0x100002f8                        __ram_text_source__ = LOADADDR (.text)

.glue_7         0x200099b0        0x0 load address 0x10009be8
 .glue_7        0x200099b0        0x0 linker stubs

.glue_7t        0x200099b0        0x0 load address 0x10009be8
 .glue_7t       0x200099b0        0x0 linker stubs

.vfp11_veneer   0x200099b0        0x0 load address 0x10009be8
 .vfp11_veneer  0x200099b0        0x0 linker stubs

.v4_bx          0x200099b0        0x0 load address 0x10009be8
 .v4_bx         0x200099b0        0x0 linker stubs

.iplt           0x200099b0        0x0 load address 0x10009be8
 .iplt          0x200099b0        0x0 /Applications/ArmGNUToolchain/12.3.rel1/arm-none-eabi/bin/../lib/gcc/arm-none-eabi/12.3.1/thumb/v6-m/nofp/crtbegin.o

.rel.dyn        0x200099b0        0x0 load address 0x10009be8
 .rel.iplt      0x200099b0        0x0 /Applications/ArmGNUToolchain/12.3.rel1/arm-none-eabi/bin/../lib/gcc/arm-none-eabi/12.3.1/thumb/v6-m/nofp/crtbegin.o
                0x200099b0                        . = ALIGN (0x4)

.data           0x200099b0     0x16f8 load address 0x10009be8
                0x200099b0                        __data_start__ = .
 *(vtable)
 *(.time_critical*)
 .time_critical.mutex_try_enter
                0x200099b0       0xb2 CMakeFiles/dreamdrivecast_mcu2.dir/Users/kaili/Code/pico-sdk/src/common/pico_sync/mutex.c.obj
                0x200099b0                mutex_try_enter
 .time_critical.mutex_try_enter_block_until
                0x20009a62       0x56 CMakeFiles/dreamdrivecast_mcu2.dir/Users/kaili/Code/pico-sdk/src/common/pico_sync/mutex.c.obj
                0x20009a62                mutex_try_enter_block_until
 .time_critical.mutex_enter_timeout_ms
                0x20009ab8       0x28 CMakeFiles/dreamdrivecast_mcu2.dir/Users/kaili/Code/pico-sdk/src/common/pico_sync/mutex.c.obj
                0x20009ab8                mutex_enter_timeout_ms
 .time_critical.mutex_enter_block_until
                0x20009ae0       0xd6 CMakeFiles/dreamdrivecast_mcu2.dir/Users/kaili/Code/pico-sdk/src/common/pico_sync/mutex.c.obj
                0x20009ae0                mutex_enter_block_until
 .time_critical.mutex_exit
                0x20009bb6       0x7a CMakeFiles/dreamdrivecast_mcu2.dir/Users/kaili/Code/pico-sdk/src/common/pico_sync/mutex.c.obj
                0x20009bb6                mutex_exit
 .time_critical.flash_init_boot2_copyout
                0x20009c30       0x50 CMakeFiles/dreamdrivecast_mcu2.dir/Users/kaili/Code/pico-sdk/src/rp2_common/hardware_flash/flash.c.obj
 .time_critical.flash_enable_xip_via_boot2
                0x20009c80       0x14 CMakeFiles/dreamdrivecast_mcu2.dir/Users/kaili/Code/pico-sdk/src/rp2_common/hardware_flash/flash.c.obj
 .time_critical.flash_cs_force
                0x20009c94       0x5c CMakeFiles/dreamdrivecast_mcu2.dir/Users/kaili/Code/pico-sdk/src/rp2_common/hardware_flash/flash.c.obj
 .time_critical.flash_do_cmd
                0x20009cf0      0x14c CMakeFiles/dreamdrivecast_mcu2.dir/Users/kaili/Code/pico-sdk/src/rp2_common/hardware_flash/flash.c.obj
                0x20009cf0                flash_do_cmd
 .time_critical.hw_handle_buff_status
                0x20009e3c      0x138 CMakeFiles/dreamdrivecast_mcu2.dir/Users/kaili/Code/pico-sdk/lib/tinyusb/src/portable/raspberrypi/rp2040/dcd_rp2040.c.obj
 .time_critical.reset_non_control_endpoints
                0x20009f74       0x6c CMakeFiles/dreamdrivecast_mcu2.dir/Users/kaili/Code/pico-sdk/lib/tinyusb/src/portable/raspberrypi/rp2040/dcd_rp2040.c.obj
 .time_critical.dcd_rp2040_irq
                0x20009fe0      0x340 CMakeFiles/dreamdrivecast_mcu2.dir/Users/kaili/Code/pico-sdk/lib/tinyusb/src/portable/raspberrypi/rp2040/dcd_rp2040.c.obj
 .time_critical.hw_endpoint_reset_transfer
                0x2000a320       0x28 CMakeFiles/dreamdrivecast_mcu2.dir/Users/kaili/Code/pico-sdk/lib/tinyusb/src/portable/raspberrypi/rp2040/rp2040_usb.c.obj
                0x2000a320                hw_endpoint_reset_transfer
 .time_critical._hw_endpoint_buffer_control_update32
                0x2000a348       0xb4 CMakeFiles/dreamdrivecast_mcu2.dir/Users/kaili/Code/pico-sdk/lib/tinyusb/src/portable/raspberrypi/rp2040/rp2040_usb.c.obj
                0x2000a348                _hw_endpoint_buffer_control_update32
 .time_critical.prepare_ep_buffer
                0x2000a3fc       0xea CMakeFiles/dreamdrivecast_mcu2.dir/Users/kaili/Code/pico-sdk/lib/tinyusb/src/portable/raspberrypi/rp2040/rp2040_usb.c.obj
 *fill*         0x2000a4e6        0x2 
 .time_critical.hw_endpoint_start_next_buffer
                0x2000a4e8      0x110 CMakeFiles/dreamdrivecast_mcu2.dir/Users/kaili/Code/pico-sdk/lib/tinyusb/src/portable/raspberrypi/rp2040/rp2040_usb.c.obj
                0x2000a4e8                hw_endpoint_start_next_buffer
 .time_critical.sync_ep_buffer
                0x2000a5f8       0xb4 CMakeFiles/dreamdrivecast_mcu2.dir/Users/kaili/Code/pico-sdk/lib/tinyusb/src/portable/raspberrypi/rp2040/rp2040_usb.c.obj
 .time_critical._hw_endpoint_xfer_sync
                0x2000a6ac       0x52 CMakeFiles/dreamdrivecast_mcu2.dir/Users/kaili/Code/pico-sdk/lib/tinyusb/src/portable/raspberrypi/rp2040/rp2040_usb.c.obj
 *fill*         0x2000a6fe        0x2 
 .time_critical.hw_endpoint_xfer_continue
                0x2000a700       0xb4 CMakeFiles/dreamdrivecast_mcu2.dir/Users/kaili/Code/pico-sdk/lib/tinyusb/src/portable/raspberrypi/rp2040/rp2040_usb.c.obj
                0x2000a700                hw_endpoint_xfer_continue
 .time_critical.e15_is_bulkin_ep
                0x2000a7b4       0x58 CMakeFiles/dreamdrivecast_mcu2.dir/Users/kaili/Code/pico-sdk/lib/tinyusb/src/portable/raspberrypi/rp2040/rp2040_usb.c.obj
 .time_critical.e15_is_critical_frame_period
                0x2000a80c       0x58 CMakeFiles/dreamdrivecast_mcu2.dir/Users/kaili/Code/pico-sdk/lib/tinyusb/src/portable/raspberrypi/rp2040/rp2040_usb.c.obj
 .time_critical.tinyusb
                0x2000a864      0x2c4 CMakeFiles/dreamdrivecast_mcu2.dir/Users/kaili/Code/pico-sdk/lib/tinyusb/src/device/usbd.c.obj
                0x2000a864                dcd_event_handler
                0x2000ab28                        . = ALIGN (0x4)
 *(.rodata*)
 .rodata        0x2000ab28       0x32 CMakeFiles/dreamdrivecast_mcu2.dir/mcu2.c.obj
 *fill*         0x2000ab5a        0x2 
 .rodata.mcu_databus_read_write_program_instructions
                0x2000ab5c       0x3c CMakeFiles/dreamdrivecast_mcu2.dir/mcu2.c.obj
 .rodata.mcu_databus_read_write_program
                0x2000ab98        0x6 CMakeFiles/dreamdrivecast_mcu2.dir/mcu2.c.obj
 *fill*         0x2000ab9e        0x2 
 .rodata        0x2000aba0       0x38 CMakeFiles/dreamdrivecast_mcu2.dir/Users/kaili/Code/pico-sdk/src/rp2_common/hardware_timer/timer.c.obj
 .rodata        0x2000abd8       0x3b CMakeFiles/dreamdrivecast_mcu2.dir/Users/kaili/Code/pico-sdk/src/rp2_common/hardware_sync/sync.c.obj
 *fill*         0x2000ac13        0x1 
 .rodata        0x2000ac14       0x37 CMakeFiles/dreamdrivecast_mcu2.dir/Users/kaili/Code/pico-sdk/src/rp2_common/hardware_irq/irq.c.obj
 *fill*         0x2000ac4b        0x1 
 .rodata        0x2000ac4c       0x74 CMakeFiles/dreamdrivecast_mcu2.dir/Users/kaili/Code/pico-sdk/src/rp2_common/pico_runtime/runtime.c.obj
 .rodata        0x2000acc0       0x4f CMakeFiles/dreamdrivecast_mcu2.dir/Users/kaili/Code/pico-sdk/src/rp2_common/pico_standard_link/binary_info.c.obj
 *fill*         0x2000ad0f        0x1 
 .rodata.__bi_44
                0x2000ad10        0xc CMakeFiles/dreamdrivecast_mcu2.dir/Users/kaili/Code/pico-sdk/src/rp2_common/pico_standard_link/binary_info.c.obj
 .rodata.__bi_75
                0x2000ad1c        0xc CMakeFiles/dreamdrivecast_mcu2.dir/Users/kaili/Code/pico-sdk/src/rp2_common/pico_standard_link/binary_info.c.obj
 .rodata.__bi_81
                0x2000ad28        0xc CMakeFiles/dreamdrivecast_mcu2.dir/Users/kaili/Code/pico-sdk/src/rp2_common/pico_standard_link/binary_info.c.obj
 .rodata.crlf_str.0
                0x2000ad34        0x2 CMakeFiles/dreamdrivecast_mcu2.dir/Users/kaili/Code/pico-sdk/src/rp2_common/pico_stdio/stdio.c.obj
 *fill*         0x2000ad36        0x2 
 .rodata._resetd_driver
                0x2000ad38       0x18 CMakeFiles/dreamdrivecast_mcu2.dir/Users/kaili/Code/pico-sdk/src/rp2_common/pico_stdio_usb/reset_interface.c.obj
 .rodata        0x2000ad50       0x13 CMakeFiles/dreamdrivecast_mcu2.dir/Users/kaili/Code/pico-sdk/src/rp2_common/pico_stdio_usb/stdio_usb.c.obj
 *fill*         0x2000ad63        0x1 
 .rodata.__bi_182.1
                0x2000ad64        0xc CMakeFiles/dreamdrivecast_mcu2.dir/Users/kaili/Code/pico-sdk/src/rp2_common/pico_stdio_usb/stdio_usb.c.obj
 .rodata.usbd_desc_device
                0x2000ad70       0x12 CMakeFiles/dreamdrivecast_mcu2.dir/Users/kaili/Code/pico-sdk/src/rp2_common/pico_stdio_usb/stdio_usb_descriptors.c.obj
 *fill*         0x2000ad82        0x2 
 .rodata.usbd_desc_cfg
                0x2000ad84       0x54 CMakeFiles/dreamdrivecast_mcu2.dir/Users/kaili/Code/pico-sdk/src/rp2_common/pico_stdio_usb/stdio_usb_descriptors.c.obj
 .rodata        0x2000add8       0x2a CMakeFiles/dreamdrivecast_mcu2.dir/Users/kaili/Code/pico-sdk/src/rp2_common/pico_stdio_usb/stdio_usb_descriptors.c.obj
 *fill*         0x2000ae02        0x2 
 .rodata.usbd_desc_str
                0x2000ae04       0x18 CMakeFiles/dreamdrivecast_mcu2.dir/Users/kaili/Code/pico-sdk/src/rp2_common/pico_stdio_usb/stdio_usb_descriptors.c.obj
 .rodata        0x2000ae1c       0x14 CMakeFiles/dreamdrivecast_mcu2.dir/Users/kaili/Code/pico-sdk/lib/tinyusb/src/portable/raspberrypi/rp2040/dcd_rp2040.c.obj
 .rodata        0x2000ae30       0x51 CMakeFiles/dreamdrivecast_mcu2.dir/Users/kaili/Code/pico-sdk/lib/tinyusb/src/portable/raspberrypi/rp2040/rp2040_usb.c.obj
 *fill*         0x2000ae81        0x3 
 .rodata._usbd_driver
                0x2000ae84       0x18 CMakeFiles/dreamdrivecast_mcu2.dir/Users/kaili/Code/pico-sdk/lib/tinyusb/src/device/usbd.c.obj
 .rodata.tud_task_ext
                0x2000ae9c       0x24 CMakeFiles/dreamdrivecast_mcu2.dir/Users/kaili/Code/pico-sdk/lib/tinyusb/src/device/usbd.c.obj
 .rodata.process_control_request
                0x2000aec0       0x28 CMakeFiles/dreamdrivecast_mcu2.dir/Users/kaili/Code/pico-sdk/lib/tinyusb/src/device/usbd.c.obj
 .rodata.process_get_descriptor
                0x2000aee8       0x40 CMakeFiles/dreamdrivecast_mcu2.dir/Users/kaili/Code/pico-sdk/lib/tinyusb/src/device/usbd.c.obj
 .rodata        0x2000af28       0x75 CMakeFiles/dreamdrivecast_mcu2.dir/Users/kaili/Code/pico-sdk/src/rp2_common/hardware_pio/pio.c.obj
                0x2000afa0                        . = ALIGN (0x4)
 *fill*         0x2000af9d        0x3 
 *(.data*)
 .data.default_alarm_pool_heap
                0x2000afa0       0x10 CMakeFiles/dreamdrivecast_mcu2.dir/Users/kaili/Code/pico-sdk/src/common/pico_time/time.c.obj
 .data.default_alarm_pool
                0x2000afb0       0x18 CMakeFiles/dreamdrivecast_mcu2.dir/Users/kaili/Code/pico-sdk/src/common/pico_time/time.c.obj
 .data.striped_spin_lock_num
                0x2000afc8        0x1 CMakeFiles/dreamdrivecast_mcu2.dir/Users/kaili/Code/pico-sdk/src/rp2_common/hardware_sync/sync.c.obj
 *fill*         0x2000afc9        0x3 
 .data          0x2000afcc       0x48 CMakeFiles/dreamdrivecast_mcu2.dir/Users/kaili/Code/pico-sdk/src/rp2_common/hardware_irq/irq_handler_chain.S.obj
                0x2000afcc                irq_handler_chain_slots
                0x2000affc                irq_handler_chain_first_slot
                0x2000b006                irq_handler_chain_remove_tail
 *fill*         0x2000b014        0xc 
 .data.aeabi_bits_funcs
                0x2000b020       0x10 CMakeFiles/dreamdrivecast_mcu2.dir/Users/kaili/Code/pico-sdk/src/rp2_common/pico_bit_ops/bit_ops_aeabi.S.obj
                0x2000b020                aeabi_bits_funcs
                0x2000b030                aeabi_bits_funcs_end
 .data.aeabi_mem_funcs
                0x2000b030       0x10 CMakeFiles/dreamdrivecast_mcu2.dir/Users/kaili/Code/pico-sdk/src/rp2_common/pico_mem_ops/mem_ops_aeabi.S.obj
                0x2000b030                aeabi_mem_funcs
                0x2000b040                aeabi_mem_funcs_end
 .data.stdio_usb
                0x2000b040       0x18 CMakeFiles/dreamdrivecast_mcu2.dir/Users/kaili/Code/pico-sdk/src/rp2_common/pico_stdio_usb/stdio_usb.c.obj
                0x2000b040                stdio_usb
 .data.ep_dir_string
                0x2000b058        0x8 CMakeFiles/dreamdrivecast_mcu2.dir/Users/kaili/Code/pico-sdk/lib/tinyusb/src/portable/raspberrypi/rp2040/rp2040_usb.c.obj
                0x2000b058                ep_dir_string
 .data._usbd_rhport
                0x2000b060        0x1 CMakeFiles/dreamdrivecast_mcu2.dir/Users/kaili/Code/pico-sdk/lib/tinyusb/src/device/usbd.c.obj
 *fill*         0x2000b061        0x3 
 .data._usbd_qdef
                0x2000b064       0x1c CMakeFiles/dreamdrivecast_mcu2.dir/Users/kaili/Code/pico-sdk/lib/tinyusb/src/device/usbd.c.obj
                0x2000b064                _usbd_qdef
                0x2000b080                        . = ALIGN (0x4)
 *(.after_data.*)
                0x2000b080                        . = ALIGN (0x4)
                0x2000b080                        PROVIDE (__mutex_array_start = .)
 *(SORT_BY_NAME(.mutex_array.*))
 *(.mutex_array)
 .mutex_array   0x2000b080        0x8 CMakeFiles/dreamdrivecast_mcu2.dir/Users/kaili/Code/pico-sdk/src/rp2_common/pico_malloc/pico_malloc.c.obj
 .mutex_array   0x2000b088        0x8 CMakeFiles/dreamdrivecast_mcu2.dir/Users/kaili/Code/pico-sdk/src/rp2_common/pico_stdio/stdio.c.obj
                0x2000b090                        PROVIDE (__mutex_array_end = .)
                0x2000b090                        . = ALIGN (0x4)
                0x2000b090                        PROVIDE (__preinit_array_start = .)
 *(SORT_BY_NAME(.preinit_array.*))
 .preinit_array.00001
                0x2000b090        0x4 CMakeFiles/dreamdrivecast_mcu2.dir/Users/kaili/Code/pico-sdk/src/rp2_common/pico_mem_ops/mem_ops_aeabi.S.obj
 .preinit_array.00010
                0x2000b094        0x4 CMakeFiles/dreamdrivecast_mcu2.dir/Users/kaili/Code/pico-sdk/src/rp2_common/pico_bit_ops/bit_ops_aeabi.S.obj
 .preinit_array.00020
                0x2000b098        0x4 CMakeFiles/dreamdrivecast_mcu2.dir/Users/kaili/Code/pico-sdk/src/rp2_common/pico_double/double_aeabi.S.obj
 .preinit_array.00020
                0x2000b09c        0x4 CMakeFiles/dreamdrivecast_mcu2.dir/Users/kaili/Code/pico-sdk/src/rp2_common/pico_float/float_aeabi.S.obj
 *(.preinit_array)
                0x2000b0a0                        PROVIDE (__preinit_array_end = .)
                0x2000b0a0                        . = ALIGN (0x4)
                0x2000b0a0                        PROVIDE (__init_array_start = .)
 *(SORT_BY_NAME(.init_array.*))
 *(.init_array)
 .init_array    0x2000b0a0        0x4 /Applications/ArmGNUToolchain/12.3.rel1/arm-none-eabi/bin/../lib/gcc/arm-none-eabi/12.3.1/thumb/v6-m/nofp/crtbegin.o
 .init_array    0x2000b0a4        0x4 CMakeFiles/dreamdrivecast_mcu2.dir/Users/kaili/Code/pico-sdk/src/rp2_common/pico_unique_id/unique_id.c.obj
                0x2000b0a8                        PROVIDE (__init_array_end = .)
                0x2000b0a8                        . = ALIGN (0x4)
                [!provide]                        PROVIDE (__fini_array_start = .)
 *(SORT_BY_NAME(.fini_array.*))
 *(.fini_array)
                [!provide]                        PROVIDE (__fini_array_end = .)
 *(.jcr)
                0x2000b0a8                        . = ALIGN (0x4)
                0x2000b0a8                        __data_end__ = .
                0x10009be8                        __etext = LOADADDR (.data)

.tm_clone_table
                0x2000b0a8        0x0 load address 0x1000b2e0
 .tm_clone_table
                0x2000b0a8        0x0 /Applications/ArmGNUToolchain/12.3.rel1/arm-none-eabi/bin/../lib/gcc/arm-none-eabi/12.3.1/thumb/v6-m/nofp/crtbegin.o
 .tm_clone_table
                0x2000b0a8        0x0 /Applications/ArmGNUToolchain/12.3.rel1/arm-none-eabi/bin/../lib/gcc/arm-none-eabi/12.3.1/thumb/v6-m/nofp/crtend.o

.igot.plt       0x2000b0a8        0x0 load address 0x1000b2e0
 .igot.plt      0x2000b0a8        0x0 /Applications/ArmGNUToolchain/12.3.rel1/arm-none-eabi/bin/../lib/gcc/arm-none-eabi/12.3.1/thumb/v6-m/nofp/crtbegin.o

.uninitialized_data
                0x2000b0a8        0x0 load address 0x1000b2e0
                0x2000b0a8                        . = ALIGN (0x4)
 *(.uninitialized_data*)

.scratch_x      0x20040000        0x0 load address 0x1000b2e0
                0x20040000                        __scratch_x_start__ = .
 *(.scratch_x.*)
                0x20040000                        . = ALIGN (0x4)
                0x20040000                        __scratch_x_end__ = .
                0x1000b2e0                        __scratch_x_source__ = LOADADDR (.scratch_x)

.scratch_y      0x20041000        0x0 load address 0x1000b2e0
                0x20041000                        __scratch_y_start__ = .
 *(.scratch_y.*)
                0x20041000                        . = ALIGN (0x4)
                0x20041000                        __scratch_y_end__ = .
                0x1000b2e0                        __scratch_y_source__ = LOADADDR (.scratch_y)

.bss            0x2000b0a8      0xd8c
                0x2000b0a8                        . = ALIGN (0x4)
                0x2000b0a8                        __bss_start__ = .
 *(SORT_BY_ALIGNMENT(SORT_BY_NAME(.bss*)))
 .bss.default_alarm_pool_entries
                0x2000b0a8      0x100 CMakeFiles/dreamdrivecast_mcu2.dir/Users/kaili/Code/pico-sdk/src/common/pico_time/time.c.obj
 .bss.last_avail_time.2
                0x2000b1a8        0x8 CMakeFiles/dreamdrivecast_mcu2.dir/Users/kaili/Code/pico-sdk/src/rp2_common/pico_stdio_usb/stdio_usb.c.obj
 .bss._app_driver
                0x2000b1b0        0x4 CMakeFiles/dreamdrivecast_mcu2.dir/Users/kaili/Code/pico-sdk/lib/tinyusb/src/device/usbd.c.obj
 .bss._cdcd_itf
                0x2000b1b4      0x2c8 CMakeFiles/dreamdrivecast_mcu2.dir/Users/kaili/Code/pico-sdk/lib/tinyusb/src/class/cdc/cdc_device.c.obj
 .bss._ctrl_xfer
                0x2000b47c       0x14 CMakeFiles/dreamdrivecast_mcu2.dir/Users/kaili/Code/pico-sdk/lib/tinyusb/src/device/usbd_control.c.obj
 .bss._ubsd_mutexdef