Archive member included to satisfy reference by file (symbol)

/Applications/ArmGNUToolchain/12.3.rel1/arm-none-eabi/bin/../lib/gcc/arm-none-eabi/12.3.1/thumb/v6-m/nofp/libgcc.a(_dvmd_tls.o)
                              CMakeFiles/dreamdrivecast_mcu2.dir/Users/kaili/Code/pico-sdk/src/rp2_common/pico_divider/divider.S.obj (__aeabi_idiv0)
/Applications/ArmGNUToolchain/12.3.rel1/arm-none-eabi/bin/../lib/gcc/arm-none-eabi/12.3.1/../../../../arm-none-eabi/lib/thumb/v6-m/nofp/libg.a(libc_a-calloc.o)
                              CMakeFiles/dreamdrivecast_mcu2.dir/Users/kaili/Code/pico-sdk/src/rp2_common/pico_malloc/pico_malloc.c.obj (calloc)
/Applications/ArmGNUToolchain/12.3.rel1/arm-none-eabi/bin/../lib/gcc/arm-none-eabi/12.3.1/../../../../arm-none-eabi/lib/thumb/v6-m/nofp/libg.a(libc_a-callocr.o)
                              /Applications/ArmGNUToolchain/12.3.rel1/arm-none-eabi/bin/../lib/gcc/arm-none-eabi/12.3.1/../../../../arm-none-eabi/lib/thumb/v6-m/nofp/libg.a(libc_a-calloc.o) (_calloc_r)
/Applications/ArmGNUToolchain/12.3.rel1/arm-none-eabi/bin/../lib/gcc/arm-none-eabi/12.3.1/../../../../arm-none-eabi/lib/thumb/v6-m/nofp/libg.a(libc_a-malloc.o)
                              CMakeFiles/dreamdrivecast_mcu2.dir/Users/kaili/Code/pico-sdk/src/rp2_common/pico_malloc/pico_malloc.c.obj (malloc)
/Applications/ArmGNUToolchain/12.3.rel1/arm-none-eabi/bin/../lib/gcc/arm-none-eabi/12.3.1/../../../../arm-none-eabi/lib/thumb/v6-m/nofp/libg.a(libc_a-mallocr.o)
                              /Applications/ArmGNUToolchain/12.3.rel1/arm-none-eabi/bin/../lib/gcc/arm-none-eabi/12.3.1/../../../../arm-none-eabi/lib/thumb/v6-m/nofp/libg.a(libc_a-callocr.o) (_malloc_r)
/Applications/ArmGNUToolchain/12.3.rel1/arm-none-eabi/bin/../lib/gcc/arm-none-eabi/12.3.1/../../../../arm-none-eabi/lib/thumb/v6-m/nofp/libg.a(libc_a-mlock.o)
                              /Applications/ArmGNUToolchain/12.3.rel1/arm-none-eabi/bin/../lib/gcc/arm-none-eabi/12.3.1/../../../../arm-none-eabi/lib/thumb/v6-m/nofp/libg.a(libc_a-mallocr.o) (__malloc_lock)
/Applications/ArmGNUToolchain/12.3.rel1/arm-none-eabi/bin/../lib/gcc/arm-none-eabi/12.3.1/../../../../arm-none-eabi/lib/thumb/v6-m/nofp/libg.a(libc_a-realloc.o)
                              CMakeFiles/dreamdrivecast_mcu2.dir/Users/kaili/Code/pico-sdk/src/rp2_common/pico_malloc/pico_malloc.c.obj (realloc)
/Applications/ArmGNUToolchain/12.3.rel1/arm-none-eabi/bin/../lib/gcc/arm-none-eabi/12.3.1/../../../../arm-none-eabi/lib/thumb/v6-m/nofp/libg.a(libc_a-reallocr.o)
                              /Applications/ArmGNUToolchain/12.3.rel1/arm-none-eabi/bin/../lib/gcc/arm-none-eabi/12.3.1/../../../../arm-none-eabi/lib/thumb/v6-m/nofp/libg.a(libc_a-realloc.o) (_realloc_r)
/Applications/ArmGNUToolchain/12.3.rel1/arm-none-eabi/bin/../lib/gcc/arm-none-eabi/12.3.1/../../../../arm-none-eabi/lib/thumb/v6-m/nofp/libg.a(libc_a-memmove.o)
                              /Applications/ArmGNUToolchain/12.3.rel1/arm-none-eabi/bin/../lib/gcc/arm-none-eabi/12.3.1/../../../../arm-none-eabi/lib/thumb/v6-m/nofp/libg.a(libc_a-reallocr.o) (memmove)
/Applications/ArmGNUToolchain/12.3.rel1/arm-none-eabi/bin/../lib/gcc/arm-none-eabi/12.3.1/../../../../arm-none-eabi/lib/thumb/v6-m/nofp/libg.a(libc_a-impure.o)
                              /Applications/ArmGNUToolchain/12.3.rel1/arm-none-eabi/bin/../lib/gcc/arm-none-eabi/12.3.1/../../../../arm-none-eabi/lib/thumb/v6-m/nofp/libg.a(libc_a-calloc.o) (_impure_ptr)
/Applications/ArmGNUToolchain/12.3.rel1/arm-none-eabi/bin/../lib/gcc/arm-none-eabi/12.3.1/../../../../arm-none-eabi/lib/thumb/v6-m/nofp/libg.a(libc_a-sbrkr.o)
                              /Applications/ArmGNUToolchain/12.3.rel1/arm-none-eabi/bin/../lib/gcc/arm-none-eabi/12.3.1/../../../../arm-none-eabi/lib/thumb/v6-m/nofp/libg.a(libc_a-mallocr.o) (_sbrk_r)
/Applications/ArmGNUToolchain/12.3.rel1/arm-none-eabi/bin/../lib/gcc/arm-none-eabi/12.3.1/../../../../arm-none-eabi/lib/thumb/v6-m/nofp/libg.a(libc_a-errno.o)
                              /Applications/ArmGNUToolchain/12.3.rel1/arm-none-eabi/bin/../lib/gcc/arm-none-eabi/12.3.1/../../../../arm-none-eabi/lib/thumb/v6-m/nofp/libg.a(libc_a-callocr.o) (__errno)
/Applications/ArmGNUToolchain/12.3.rel1/arm-none-eabi/bin/../lib/gcc/arm-none-eabi/12.3.1/../../../../arm-none-eabi/lib/thumb/v6-m/nofp/libg.a(libc_a-sysconf.o)
                              /Applications/ArmGNUToolchain/12.3.rel1/arm-none-eabi/bin/../lib/gcc/arm-none-eabi/12.3.1/../../../../arm-none-eabi/lib/thumb/v6-m/nofp/libg.a(libc_a-mallocr.o) (sysconf)
/Applications/ArmGNUToolchain/12.3.rel1/arm-none-eabi/bin/../lib/gcc/arm-none-eabi/12.3.1/../../../../arm-none-eabi/lib/thumb/v6-m/nofp/libg.a(libc_a-init.o)
                              /Applications/ArmGNUToolchain/12.3.rel1/arm-none-eabi/bin/../lib/gcc/arm-none-eabi/12.3.1/../../../../arm-none-eabi/lib/thumb/v6-m/nofp/crt0.o (__libc_init_array)
[...]
Memory Configuration

Name             Origin             Length             Attributes
FLASH            0x10000000         0x00200000         xr
RAM              0x20000000         0x00040000         xrw
SCRATCH_X        0x20040000         0x00001000         xrw
SCRATCH_Y        0x20041000         0x00001000         xrw
*default*        0x00000000         0xffffffff

Linker script and memory map

LOAD /Applications/ArmGNUToolchain/12.3.rel1/arm-none-eabi/bin/../lib/gcc/arm-none-eabi/12.3.1/thumb/v6-m/nofp/crti.o
LOAD /Applications/ArmGNUToolchain/12.3.rel1/arm-none-eabi/bin/../lib/gcc/arm-none-eabi/12.3.1/thumb/v6-m/nofp/crtbegin.o
LOAD /Applications/ArmGNUToolchain/12.3.rel1/arm-none-eabi/bin/../lib/gcc/arm-none-eabi/12.3.1/../../../../arm-none-eabi/lib/thumb/v6-m/nofp/crt0.o

.flash_begin    0x10000000        0x0
                0x10000000                        __flash_binary_start = .

.boot2          0x10000000      0x100
                0x10000000                        __boot2_start__ = .
 *(.boot2)
 .boot2         0x10000000      0x100 /var/folders/5y/px2877xx33d0yvkdr4tby6nw0000gn/T//ccuuWhFA.o
                0x10000100                        __boot2_end__ = .
                0x00000001                        ASSERT (((__boot2_end__ - __boot2_start__) == 0x100), ERROR: Pico second stage bootloader must be 256 bytes in size)

.flashtext      0x10000100      0x1d8
                0x10000100                        __logical_binary_start = .
 *(.vectors)
 .vectors       0x10000100       0xd4 CMakeFiles/dreamdrivecast_mcu2.dir/Users/kaili/Code/pico-sdk/src/rp2_common/pico_standard_link/crt0.S.obj
                0x10000100                __VECTOR_TABLE
                0x10000100                __vectors
                0x100001c0                __default_isrs_start
                0x100001c0                isr_invalid
                0x100001c2                isr_nmi
                0x100001c4                isr_hardfault
                0x100001c6                isr_svcall
                0x100001c8                isr_pendsv
                0x100001ca                isr_systick
                0x100001cc                isr_irq28
                0x100001cc                isr_irq19
                0x100001cc                isr_irq0
                0x100001cc                isr_irq6
                0x100001cc                isr_irq22
                0x100001cc                isr_irq17
                0x100001cc                isr_irq14
                0x100001cc                isr_irq2
                0x100001cc                isr_irq10
                0x100001cc                isr_irq8
                0x100001cc                isr_irq24
                0x100001cc                isr_irq1
                0x100001cc                isr_irq7
                0x100001cc                isr_irq21
                0x100001cc                isr_irq20
                0x100001cc                isr_irq15
                0x100001cc                isr_irq25
                0x100001cc                isr_irq4
                0x100001cc                isr_irq16
                0x100001cc                isr_irq29
                0x100001cc                isr_irq26
                0x100001cc                __default_isrs_end
                0x100001cc                isr_irq3
                0x100001cc                isr_irq9
                0x100001cc                __unhandled_user_irq
                0x100001cc                isr_irq13
                0x100001cc                isr_irq27
                0x100001cc                isr_irq31
                0x100001cc                isr_irq5
                0x100001cc                isr_irq11
                0x100001cc                isr_irq23
                0x100001cc                isr_irq18
                0x100001cc                isr_irq30
                0x100001cc                isr_irq12
                0x100001d2                unhandled_user_irq_num_in_r0
 *(.binary_info_header)
 .binary_info_header
                0x100001d4       0x14 CMakeFiles/dreamdrivecast_mcu2.dir/Users/kaili/Code/pico-sdk/src/rp2_common/pico_standard_link/crt0.S.obj
                0x100001e8                        __binary_info_header_end = .
 *(.reset)
 .reset         0x100001e8       0xac CMakeFiles/dreamdrivecast_mcu2.dir/Users/kaili/Code/pico-sdk/src/rp2_common/pico_standard_link/crt0.S.obj
                0x100001e8                _entry_point
 *fill*         0x10000294        0x4 
 .reset.__stub  0x10000298       0x10 linker stubs
 .reset         0x100002a8       0x30 CMakeFiles/dreamdrivecast_mcu2.dir/Users/kaili/Code/pico-sdk/src/rp2_common/pico_standard_link/binary_info.c.obj

.rodata         0x100002d8        0x0
 *(SORT_BY_ALIGNMENT(SORT_BY_NAME(.flashdata*)))
                0x100002d8                        . = ALIGN (0x4)

.ARM.extab
 *(.ARM.extab* .gnu.linkonce.armextab.*)
                0x100002d8                        __exidx_start = .

.ARM.exidx
 *(.ARM.exidx* .gnu.linkonce.armexidx.*)
                0x100002d8                        __exidx_end = .
                0x100002d8                        . = ALIGN (0x4)
                0x100002d8                        __binary_info_start = .

.binary_info    0x100002d8       0x20
 *(.binary_info.keep.*)
 .binary_info.keep.__bi_ptr22
                0x100002d8        0x4 CMakeFiles/dreamdrivecast_mcu2.dir/Users/kaili/Code/pico-sdk/src/rp2_common/pico_standard_link/binary_info.c.obj
 .binary_info.keep.__bi_ptr30
                0x100002dc        0x4 CMakeFiles/dreamdrivecast_mcu2.dir/Users/kaili/Code/pico-sdk/src/rp2_common/pico_standard_link/binary_info.c.obj
 .binary_info.keep.__bi_ptr38
                0x100002e0        0x4 CMakeFiles/dreamdrivecast_mcu2.dir/Users/kaili/Code/pico-sdk/src/rp2_common/pico_standard_link/binary_info.c.obj
 .binary_info.keep.__bi_ptr44
                0x100002e4        0x4 CMakeFiles/dreamdrivecast_mcu2.dir/Users/kaili/Code/pico-sdk/src/rp2_common/pico_standard_link/binary_info.c.obj
 .binary_info.keep.__bi_ptr50
                0x100002e8        0x4 CMakeFiles/dreamdrivecast_mcu2.dir/Users/kaili/Code/pico-sdk/src/rp2_common/pico_standard_link/binary_info.c.obj
 .binary_info.keep.__bi_ptr75
                0x100002ec        0x4 CMakeFiles/dreamdrivecast_mcu2.dir/Users/kaili/Code/pico-sdk/src/rp2_common/pico_standard_link/binary_info.c.obj
 .binary_info.keep.__bi_ptr81
                0x100002f0        0x4 CMakeFiles/dreamdrivecast_mcu2.dir/Users/kaili/Code/pico-sdk/src/rp2_common/pico_standard_link/binary_info.c.obj
 *(.binary_info.*)
 .binary_info.__bi_ptr182
                0x100002f4        0x4 CMakeFiles/dreamdrivecast_mcu2.dir/Users/kaili/Code/pico-sdk/src/rp2_common/pico_stdio_usb/stdio_usb.c.obj
                0x100002f8                        __binary_info_end = .
                0x100002f8                        . = ALIGN (0x4)

.ram_vector_table
                0x20000000       0xc0
 *(.ram_vector_table)
 .ram_vector_table
                0x20000000       0xc0 CMakeFiles/dreamdrivecast_mcu2.dir/Users/kaili/Code/pico-sdk/src/rp2_common/pico_runtime/runtime.c.obj
                0x20000000                ram_vector_table

.text           0x200000c0     0xbb3c load address 0x100002f8
                0x200000c0                        __ram_text_start__ = .
 *(.init)
 .init          0x200000c0        0x4 /Applications/ArmGNUToolchain/12.3.rel1/arm-none-eabi/bin/../lib/gcc/arm-none-eabi/12.3.1/thumb/v6-m/nofp/crti.o
                0x200000c0                _init
 *(.text*)
 .text.register_tm_clones
                0x200000c4       0x28 /Applications/ArmGNUToolchain/12.3.rel1/arm-none-eabi/bin/../lib/gcc/arm-none-eabi/12.3.1/thumb/v6-m/nofp/crtbegin.o
 .text.frame_dummy
                0x200000ec       0x24 /Applications/ArmGNUToolchain/12.3.rel1/arm-none-eabi/bin/../lib/gcc/arm-none-eabi/12.3.1/thumb/v6-m/nofp/crtbegin.o
 .text.gpio_set_dir_out_masked
                0x20000110       0x18 CMakeFiles/dreamdrivecast_mcu2.dir/mcu2.c.obj
 .text.gpio_set_dir_in_masked
                0x20000128       0x18 CMakeFiles/dreamdrivecast_mcu2.dir/mcu2.c.obj
 .text.gpio_set_dir
                0x20000140       0x3a CMakeFiles/dreamdrivecast_mcu2.dir/mcu2.c.obj
 *fill*         0x2000017a        0x2 
 .text.set_sys_clock_khz
                0x2000017c       0x58 CMakeFiles/dreamdrivecast_mcu2.dir/mcu2.c.obj
 .text.check_sm_param
                0x200001d4       0x10 CMakeFiles/dreamdrivecast_mcu2.dir/mcu2.c.obj
 .text.check_pio_param
                0x200001e4       0x10 CMakeFiles/dreamdrivecast_mcu2.dir/mcu2.c.obj
 .text.sm_config_set_out_pins
                0x200001f4       0x30 CMakeFiles/dreamdrivecast_mcu2.dir/mcu2.c.obj
 .text.sm_config_set_in_pins
                0x20000224       0x28 CMakeFiles/dreamdrivecast_mcu2.dir/mcu2.c.obj
 .text.sm_config_set_clkdiv_int_frac
                0x2000024c       0x32 CMakeFiles/dreamdrivecast_mcu2.dir/mcu2.c.obj
 *fill*         0x2000027e        0x2 
 .text.sm_config_set_wrap
                0x20000280       0x30 CMakeFiles/dreamdrivecast_mcu2.dir/mcu2.c.obj
 .text.sm_config_set_in_shift
                0x200002b0       0x68 CMakeFiles/dreamdrivecast_mcu2.dir/mcu2.c.obj
 .text.sm_config_set_out_shift
                0x20000318       0x68 CMakeFiles/dreamdrivecast_mcu2.dir/mcu2.c.obj
 .text.pio_get_default_sm_config
                0x20000380       0x5c CMakeFiles/dreamdrivecast_mcu2.dir/mcu2.c.obj
 .text.pio_gpio_init
                0x200003dc       0x38 CMakeFiles/dreamdrivecast_mcu2.dir/mcu2.c.obj
 .text.pio_sm_set_enabled
                0x20000414       0x48 CMakeFiles/dreamdrivecast_mcu2.dir/mcu2.c.obj
 .text.pio_sm_get
                0x2000045c       0x2c CMakeFiles/dreamdrivecast_mcu2.dir/mcu2.c.obj
 .text.pio_sm_is_rx_fifo_empty
                0x20000488       0x38 CMakeFiles/dreamdrivecast_mcu2.dir/mcu2.c.obj
 .text.pio_sm_get_blocking
                0x200004c0       0x44 CMakeFiles/dreamdrivecast_mcu2.dir/mcu2.c.obj
 .text.interconnect_read_from_dreamcast_program_get_default_config
                0x20000504       0x38 CMakeFiles/dreamdrivecast_mcu2.dir/mcu2.c.obj
 .text.write_to_dreamcast_program_get_default_config
                0x2000053c       0x36 CMakeFiles/dreamdrivecast_mcu2.dir/mcu2.c.obj
 *fill*         0x20000572        0x2 
 .text.setup_interconnect_read_from_dreamcast
                0x20000574       0x78 CMakeFiles/dreamdrivecast_mcu2.dir/mcu2.c.obj
                0x20000574                setup_interconnect_read_from_dreamcast
 .text.setup_send_to_dreamcast
                0x200005ec       0x78 CMakeFiles/dreamdrivecast_mcu2.dir/mcu2.c.obj
                0x200005ec                setup_send_to_dreamcast
 .text.setup_interconnect
                0x20000664       0x38 CMakeFiles/dreamdrivecast_mcu2.dir/mcu2.c.obj
                0x20000664                setup_interconnect
 .text.swap_direction
                0x2000069c       0x28 CMakeFiles/dreamdrivecast_mcu2.dir/mcu2.c.obj
 .text.main     0x200006c4       0xc8 CMakeFiles/dreamdrivecast_mcu2.dir/mcu2.c.obj
                0x200006c4                main
 .text.lock_init
                0x2000078c       0x2c CMakeFiles/dreamdrivecast_mcu2.dir/Users/kaili/Code/pico-sdk/src/common/pico_sync/lock_core.c.obj
                0x2000078c                lock_init
 .text.to_us_since_boot
                0x200007b8       0x18 CMakeFiles/dreamdrivecast_mcu2.dir/Users/kaili/Code/pico-sdk/src/common/pico_sync/mutex.c.obj
 .text.update_us_since_boot
                0x200007d0       0x1e CMakeFiles/dreamdrivecast_mcu2.dir/Users/kaili/Code/pico-sdk/src/common/pico_sync/mutex.c.obj
 .text.get_absolute_time
                0x200007ee       0x24 CMakeFiles/dreamdrivecast_mcu2.dir/Users/kaili/Code/pico-sdk/src/common/pico_sync/mutex.c.obj
 *fill*         0x20000812        0x2 
 .text.delayed_by_ms
                0x20000814       0x7c CMakeFiles/dreamdrivecast_mcu2.dir/Users/kaili/Code/pico-sdk/src/common/pico_sync/mutex.c.obj
 .text.make_timeout_time_ms
                0x20000890       0x22 CMakeFiles/dreamdrivecast_mcu2.dir/Users/kaili/Code/pico-sdk/src/common/pico_sync/mutex.c.obj
 .text.mutex_init
                0x200008b2       0x2e CMakeFiles/dreamdrivecast_mcu2.dir/Users/kaili/Code/pico-sdk/src/common/pico_sync/mutex.c.obj
                0x200008b2                mutex_init
 .text.recursive_mutex_init
                0x200008e0       0x34 CMakeFiles/dreamdrivecast_mcu2.dir/Users/kaili/Code/pico-sdk/src/common/pico_sync/mutex.c.obj
                0x200008e0                recursive_mutex_init
 .text.critical_section_init
                0x20000914       0x24 CMakeFiles/dreamdrivecast_mcu2.dir/Users/kaili/Code/pico-sdk/src/common/pico_sync/critical_section.c.obj
                0x20000914                critical_section_init
 .text.critical_section_init_with_lock_num
                0x20000938       0x34 CMakeFiles/dreamdrivecast_mcu2.dir/Users/kaili/Code/pico-sdk/src/common/pico_sync/critical_section.c.obj
                0x20000938                critical_section_init_with_lock_num
 .text.to_us_since_boot
                0x2000096c       0x18 CMakeFiles/dreamdrivecast_mcu2.dir/Users/kaili/Code/pico-sdk/src/common/pico_time/time.c.obj
 .text.update_us_since_boot
                0x20000984       0x1e CMakeFiles/dreamdrivecast_mcu2.dir/Users/kaili/Code/pico-sdk/src/common/pico_time/time.c.obj
 *fill*         0x200009a2        0x2 
 .text.time_reached
                0x200009a4       0x64 CMakeFiles/dreamdrivecast_mcu2.dir/Users/kaili/Code/pico-sdk/src/common/pico_time/time.c.obj
 .text.get_absolute_time
                0x20000a08       0x24 CMakeFiles/dreamdrivecast_mcu2.dir/Users/kaili/Code/pico-sdk/src/common/pico_time/time.c.obj
 .text.delayed_by_us
                0x20000a2c       0x64 CMakeFiles/dreamdrivecast_mcu2.dir/Users/kaili/Code/pico-sdk/src/common/pico_time/time.c.obj
 .text.absolute_time_diff_us
                0x20000a90       0x40 CMakeFiles/dreamdrivecast_mcu2.dir/Users/kaili/Code/pico-sdk/src/common/pico_time/time.c.obj
 .text.add_alarm_at
                0x20000ad0       0x34 CMakeFiles/dreamdrivecast_mcu2.dir/Users/kaili/Code/pico-sdk/src/common/pico_time/time.c.obj
 .text.cancel_alarm
                0x20000b04       0x22 CMakeFiles/dreamdrivecast_mcu2.dir/Users/kaili/Code/pico-sdk/src/common/pico_time/time.c.obj
 .text.ph_get_node
                0x20000b26       0x28 CMakeFiles/dreamdrivecast_mcu2.dir/Users/kaili/Code/pico-sdk/src/common/pico_time/time.c.obj
 .text.ph_add_child_node
                0x20000b4e       0x6e CMakeFiles/dreamdrivecast_mcu2.dir/Users/kaili/Code/pico-sdk/src/common/pico_time/time.c.obj
 .text.ph_merge_nodes
                0x20000bbc       0x7e CMakeFiles/dreamdrivecast_mcu2.dir/Users/kaili/Code/pico-sdk/src/common/pico_time/time.c.obj
 .text.ph_new_node
                0x20000c3a       0x6a CMakeFiles/dreamdrivecast_mcu2.dir/Users/kaili/Code/pico-sdk/src/common/pico_time/time.c.obj
 .text.ph_insert_node
                0x20000ca4       0x5a CMakeFiles/dreamdrivecast_mcu2.dir/Users/kaili/Code/pico-sdk/src/common/pico_time/time.c.obj
 .text.ph_peek_head
                0x20000cfe       0x14 CMakeFiles/dreamdrivecast_mcu2.dir/Users/kaili/Code/pico-sdk/src/common/pico_time/time.c.obj
 .text.ph_contains_node
                0x20000d12       0x46 CMakeFiles/dreamdrivecast_mcu2.dir/Users/kaili/Code/pico-sdk/src/common/pico_time/time.c.obj
 .text.ph_free_node
                0x20000d58       0x4c CMakeFiles/dreamdrivecast_mcu2.dir/Users/kaili/Code/pico-sdk/src/common/pico_time/time.c.obj
 .text.default_alarm_pool_initialized
                0x20000da4       0x18 CMakeFiles/dreamdrivecast_mcu2.dir/Users/kaili/Code/pico-sdk/src/common/pico_time/time.c.obj
 .text.get_entry
                0x20000dbc       0x2c CMakeFiles/dreamdrivecast_mcu2.dir/Users/kaili/Code/pico-sdk/src/common/pico_time/time.c.obj
 .text.get_entry_id_high
                0x20000de8       0x22 CMakeFiles/dreamdrivecast_mcu2.dir/Users/kaili/Code/pico-sdk/src/common/pico_time/time.c.obj
 .text.timer_pool_entry_comparator
                0x20000e0a       0x76 CMakeFiles/dreamdrivecast_mcu2.dir/Users/kaili/Code/pico-sdk/src/common/pico_time/time.c.obj
                0x20000e0a                timer_pool_entry_comparator
 .text.make_public_id
                0x20000e80       0x26 CMakeFiles/dreamdrivecast_mcu2.dir/Users/kaili/Code/pico-sdk/src/common/pico_time/time.c.obj
 *fill*         0x20000ea6        0x2 
 .text.alarm_pool_init_default
                0x20000ea8       0x50 CMakeFiles/dreamdrivecast_mcu2.dir/Users/kaili/Code/pico-sdk/src/common/pico_time/time.c.obj
                0x20000ea8                alarm_pool_init_default
 .text.alarm_pool_get_default
                0x20000ef8       0x10 CMakeFiles/dreamdrivecast_mcu2.dir/Users/kaili/Code/pico-sdk/src/common/pico_time/time.c.obj
                0x20000ef8                alarm_pool_get_default
 .text.add_alarm_under_lock
                0x20000f08       0xea CMakeFiles/dreamdrivecast_mcu2.dir/Users/kaili/Code/pico-sdk/src/common/pico_time/time.c.obj
 *fill*         0x20000ff2        0x2 
 .text.alarm_pool_alarm_callback
                0x20000ff4      0x2dc CMakeFiles/dreamdrivecast_mcu2.dir/Users/kaili/Code/pico-sdk/src/common/pico_time/time.c.obj
 .text.alarm_pool_post_alloc_init
                0x200012d0       0x68 CMakeFiles/dreamdrivecast_mcu2.dir/Users/kaili/Code/pico-sdk/src/common/pico_time/time.c.obj
 .text.alarm_pool_add_alarm_at
                0x20001338      0x176 CMakeFiles/dreamdrivecast_mcu2.dir/Users/kaili/Code/pico-sdk/src/common/pico_time/time.c.obj
                0x20001338                alarm_pool_add_alarm_at
 .text.alarm_pool_cancel_alarm
                0x200014ae       0xf4 CMakeFiles/dreamdrivecast_mcu2.dir/Users/kaili/Code/pico-sdk/src/common/pico_time/time.c.obj
                0x200014ae                alarm_pool_cancel_alarm
 .text.alarm_pool_core_num
                0x200015a2       0x14 CMakeFiles/dreamdrivecast_mcu2.dir/Users/kaili/Code/pico-sdk/src/common/pico_time/time.c.obj
                0x200015a2                alarm_pool_core_num
 *fill*         0x200015b6        0x2 
 .text.sleep_until_callback
                0x200015b8       0x80 CMakeFiles/dreamdrivecast_mcu2.dir/Users/kaili/Code/pico-sdk/src/common/pico_time/time.c.obj
 .text.best_effort_wfe_or_timeout
                0x20001638       0x7c CMakeFiles/dreamdrivecast_mcu2.dir/Users/kaili/Code/pico-sdk/src/common/pico_time/time.c.obj
                0x20001638                best_effort_wfe_or_timeout
 .text.to_us_since_boot
                0x200016b4       0x18 CMakeFiles/dreamdrivecast_mcu2.dir/Users/kaili/Code/pico-sdk/src/rp2_common/hardware_timer/timer.c.obj
 .text.check_hardware_alarm_num_param
                0x200016cc       0x10 CMakeFiles/dreamdrivecast_mcu2.dir/Users/kaili/Code/pico-sdk/src/rp2_common/hardware_timer/timer.c.obj
 .text.irq_clear
                0x200016dc       0x24 CMakeFiles/dreamdrivecast_mcu2.dir/Users/kaili/Code/pico-sdk/src/rp2_common/hardware_timer/timer.c.obj
 .text.hardware_alarm_claim
                0x20001700       0x2c CMakeFiles/dreamdrivecast_mcu2.dir/Users/kaili/Code/pico-sdk/src/rp2_common/hardware_timer/timer.c.obj
                0x20001700                hardware_alarm_claim
 .text.time_us_64
                0x2000172c       0x60 CMakeFiles/dreamdrivecast_mcu2.dir/Users/kaili/Code/pico-sdk/src/rp2_common/hardware_timer/timer.c.obj
                0x2000172c                time_us_64
 .text.harware_alarm_irq_number
                0x2000178c       0x12 CMakeFiles/dreamdrivecast_mcu2.dir/Users/kaili/Code/pico-sdk/src/rp2_common/hardware_timer/timer.c.obj
 *fill*         0x2000179e        0x2 
 .text.hardware_alarm_irq_handler
                0x200017a0      0x13c CMakeFiles/dreamdrivecast_mcu2.dir/Users/kaili/Code/pico-sdk/src/rp2_common/hardware_timer/timer.c.obj
 .text.hardware_alarm_set_callback
                0x200018dc      0x134 CMakeFiles/dreamdrivecast_mcu2.dir/Users/kaili/Code/pico-sdk/src/rp2_common/hardware_timer/timer.c.obj
                0x200018dc                hardware_alarm_set_callback
 .text.hardware_alarm_set_target
                0x20001a10      0x19c CMakeFiles/dreamdrivecast_mcu2.dir/Users/kaili/Code/pico-sdk/src/rp2_common/hardware_timer/timer.c.obj
                0x20001a10                hardware_alarm_set_target
 .text.hardware_alarm_cancel
                0x20001bac       0xb8 CMakeFiles/dreamdrivecast_mcu2.dir/Users/kaili/Code/pico-sdk/src/rp2_common/hardware_timer/timer.c.obj
                0x20001bac                hardware_alarm_cancel
 .text.running_on_fpga
                0x20001c64       0x1c CMakeFiles/dreamdrivecast_mcu2.dir/Users/kaili/Code/pico-sdk/src/rp2_common/pico_platform/platform.c.obj
                0x20001c64                running_on_fpga
 .text.hw_claim_lock
                0x20001c80       0x50 CMakeFiles/dreamdrivecast_mcu2.dir/Users/kaili/Code/pico-sdk/src/rp2_common/hardware_claim/claim.c.obj
                0x20001c80                hw_claim_lock
 .text.hw_claim_unlock
                0x20001cd0       0x4c CMakeFiles/dreamdrivecast_mcu2.dir/Users/kaili/Code/pico-sdk/src/rp2_common/hardware_claim/claim.c.obj
                0x20001cd0                hw_claim_unlock
 .text.hw_is_claimed
                0x20001d1c       0x32 CMakeFiles/dreamdrivecast_mcu2.dir/Users/kaili/Code/pico-sdk/src/rp2_common/hardware_claim/claim.c.obj
                0x20001d1c                hw_is_claimed
 .text.hw_claim_or_assert
                0x20001d4e       0x66 CMakeFiles/dreamdrivecast_mcu2.dir/Users/kaili/Code/pico-sdk/src/rp2_common/hardware_claim/claim.c.obj
                0x20001d4e                hw_claim_or_assert
 .text.hw_claim_unused_from_range
                0x20001db4       0xa6 CMakeFiles/dreamdrivecast_mcu2.dir/Users/kaili/Code/pico-sdk/src/rp2_common/hardware_claim/claim.c.obj
                0x20001db4                hw_claim_unused_from_range
 *fill*         0x20001e5a        0x2 
 .text.spin_locks_reset
                0x20001e5c       0x48 CMakeFiles/dreamdrivecast_mcu2.dir/Users/kaili/Code/pico-sdk/src/rp2_common/hardware_sync/sync.c.obj
                0x20001e5c                spin_locks_reset
 .text.next_striped_spin_lock_num
                0x20001ea4       0x30 CMakeFiles/dreamdrivecast_mcu2.dir/Users/kaili/Code/pico-sdk/src/rp2_common/hardware_sync/sync.c.obj
                0x20001ea4                next_striped_spin_lock_num
 .text.spin_lock_claim_unused
                0x20001ed4       0x30 CMakeFiles/dreamdrivecast_mcu2.dir/Users/kaili/Code/pico-sdk/src/rp2_common/hardware_sync/sync.c.obj
                0x20001ed4                spin_lock_claim_unused
 .text.hard_assert
                0x20001f04       0x26 CMakeFiles/dreamdrivecast_mcu2.dir/Users/kaili/Code/pico-sdk/src/rp2_common/hardware_irq/irq.c.obj
 .text.check_irq_param
                0x20001f2a       0x10 CMakeFiles/dreamdrivecast_mcu2.dir/Users/kaili/Code/pico-sdk/src/rp2_common/hardware_irq/irq.c.obj
 *fill*         0x20001f3a        0x2 
 .text.user_irq_claimed_ptr
                0x20001f3c       0x10 CMakeFiles/dreamdrivecast_mcu2.dir/Users/kaili/Code/pico-sdk/src/rp2_common/hardware_irq/irq.c.obj
 .text.get_vtable
                0x20001f4c       0x14 CMakeFiles/dreamdrivecast_mcu2.dir/Users/kaili/Code/pico-sdk/src/rp2_common/hardware_irq/irq.c.obj
 .text.add_thumb_bit
                0x20001f60       0x16 CMakeFiles/dreamdrivecast_mcu2.dir/Users/kaili/Code/pico-sdk/src/rp2_common/hardware_irq/irq.c.obj
 .text.remove_thumb_bit
                0x20001f76       0x16 CMakeFiles/dreamdrivecast_mcu2.dir/Users/kaili/Code/pico-sdk/src/rp2_common/hardware_irq/irq.c.obj
 .text.set_raw_irq_handler_and_unlock
                0x20001f8c       0x68 CMakeFiles/dreamdrivecast_mcu2.dir/Users/kaili/Code/pico-sdk/src/rp2_common/hardware_irq/irq.c.obj
 .text.irq_set_enabled
                0x20001ff4       0x30 CMakeFiles/dreamdrivecast_mcu2.dir/Users/kaili/Code/pico-sdk/src/rp2_common/hardware_irq/irq.c.obj
                0x20001ff4                irq_set_enabled
 .text.irq_is_enabled
                0x20002024       0x30 CMakeFiles/dreamdrivecast_mcu2.dir/Users/kaili/Code/pico-sdk/src/rp2_common/hardware_irq/irq.c.obj
                0x20002024                irq_is_enabled
 .text.irq_set_mask_enabled
                0x20002054       0x40 CMakeFiles/dreamdrivecast_mcu2.dir/Users/kaili/Code/pico-sdk/src/rp2_common/hardware_irq/irq.c.obj
                0x20002054                irq_set_mask_enabled
 .text.irq_set_pending
                0x20002094       0x28 CMakeFiles/dreamdrivecast_mcu2.dir/Users/kaili/Code/pico-sdk/src/rp2_common/hardware_irq/irq.c.obj
                0x20002094                irq_set_pending
 .text.is_shared_irq_raw_handler
                0x200020bc       0x24 CMakeFiles/dreamdrivecast_mcu2.dir/Users/kaili/Code/pico-sdk/src/rp2_common/hardware_irq/irq.c.obj
 .text.irq_has_shared_handler
                0x200020e0       0x44 CMakeFiles/dreamdrivecast_mcu2.dir/Users/kaili/Code/pico-sdk/src/rp2_common/hardware_irq/irq.c.obj
                0x200020e0                irq_has_shared_handler
 .text.irq_get_vtable_handler
                0x20002124       0x28 CMakeFiles/dreamdrivecast_mcu2.dir/Users/kaili/Code/pico-sdk/src/rp2_common/hardware_irq/irq.c.obj
                0x20002124                irq_get_vtable_handler
 .text.irq_set_exclusive_handler
                0x2000214c       0xa0 CMakeFiles/dreamdrivecast_mcu2.dir/Users/kaili/Code/pico-sdk/src/rp2_common/hardware_irq/irq.c.obj
                0x2000214c                irq_set_exclusive_handler
 .text.make_branch
                0x200021ec       0x3c CMakeFiles/dreamdrivecast_mcu2.dir/Users/kaili/Code/pico-sdk/src/rp2_common/hardware_irq/irq.c.obj
 .text.insert_branch_and_link
                0x20002228       0x54 CMakeFiles/dreamdrivecast_mcu2.dir/Users/kaili/Code/pico-sdk/src/rp2_common/hardware_irq/irq.c.obj
 .text.resolve_branch
                0x2000227c       0x38 CMakeFiles/dreamdrivecast_mcu2.dir/Users/kaili/Code/pico-sdk/src/rp2_common/hardware_irq/irq.c.obj
 .text.slot_diff
                0x200022b4       0x30 CMakeFiles/dreamdrivecast_mcu2.dir/Users/kaili/Code/pico-sdk/src/rp2_common/hardware_irq/irq.c.obj
 .text.get_slot_index
                0x200022e4       0x24 CMakeFiles/dreamdrivecast_mcu2.dir/Users/kaili/Code/pico-sdk/src/rp2_common/hardware_irq/irq.c.obj
 .text.irq_add_shared_handler
                0x20002308      0x2a0 CMakeFiles/dreamdrivecast_mcu2.dir/Users/kaili/Code/pico-sdk/src/rp2_common/hardware_irq/irq.c.obj
                0x20002308                irq_add_shared_handler
 .text.irq_remove_handler
                0x200025a8      0x234 CMakeFiles/dreamdrivecast_mcu2.dir/Users/kaili/Code/pico-sdk/src/rp2_common/hardware_irq/irq.c.obj
                0x200025a8                irq_remove_handler
 .text.irq_add_tail_to_free_list
                0x200027dc      0x15c CMakeFiles/dreamdrivecast_mcu2.dir/Users/kaili/Code/pico-sdk/src/rp2_common/hardware_irq/irq.c.obj
                0x200027dc                irq_add_tail_to_free_list
 .text.irq_init_priorities
                0x20002938       0x3c CMakeFiles/dreamdrivecast_mcu2.dir/Users/kaili/Code/pico-sdk/src/rp2_common/hardware_irq/irq.c.obj
                0x20002938                irq_init_priorities
 .text.user_irq_claim_unused
                0x20002974       0x40 CMakeFiles/dreamdrivecast_mcu2.dir/Users/kaili/Code/pico-sdk/src/rp2_common/hardware_irq/irq.c.obj
                0x20002974                user_irq_claim_unused
 .text.ph_get_node
                0x200029b4       0x28 CMakeFiles/dreamdrivecast_mcu2.dir/Users/kaili/Code/pico-sdk/src/common/pico_util/pheap.c.obj
 .text.ph_add_child_node
                0x200029dc       0x6e CMakeFiles/dreamdrivecast_mcu2.dir/Users/kaili/Code/pico-sdk/src/common/pico_util/pheap.c.obj
 .text.ph_merge_nodes
                0x20002a4a       0x7e CMakeFiles/dreamdrivecast_mcu2.dir/Users/kaili/Code/pico-sdk/src/common/pico_util/pheap.c.obj
 .text.ph_peek_head
                0x20002ac8       0x14 CMakeFiles/dreamdrivecast_mcu2.dir/Users/kaili/Code/pico-sdk/src/common/pico_util/pheap.c.obj
 .text.ph_remove_and_free_head
                0x20002adc       0x1c CMakeFiles/dreamdrivecast_mcu2.dir/Users/kaili/Code/pico-sdk/src/common/pico_util/pheap.c.obj
 .text.ph_post_alloc_init
                0x20002af8       0x32 CMakeFiles/dreamdrivecast_mcu2.dir/Users/kaili/Code/pico-sdk/src/common/pico_util/pheap.c.obj
                0x20002af8                ph_post_alloc_init
 .text.ph_clear
                0x20002b2a       0x78 CMakeFiles/dreamdrivecast_mcu2.dir/Users/kaili/Code/pico-sdk/src/common/pico_util/pheap.c.obj
                0x20002b2a                ph_clear
 .text.ph_merge_two_pass
                0x20002ba2       0xd0 CMakeFiles/dreamdrivecast_mcu2.dir/Users/kaili/Code/pico-sdk/src/common/pico_util/pheap.c.obj
                0x20002ba2                ph_merge_two_pass
 .text.ph_remove_any_head
                0x20002c72       0xba CMakeFiles/dreamdrivecast_mcu2.dir/Users/kaili/Code/pico-sdk/src/common/pico_util/pheap.c.obj
 .text.ph_remove_head
                0x20002d2c       0x44 CMakeFiles/dreamdrivecast_mcu2.dir/Users/kaili/Code/pico-sdk/src/common/pico_util/pheap.c.obj
                0x20002d2c                ph_remove_head
 .text.ph_remove_and_free_node
                0x20002d70      0x114 CMakeFiles/dreamdrivecast_mcu2.dir/Users/kaili/Code/pico-sdk/src/common/pico_util/pheap.c.obj
                0x20002d70                ph_remove_and_free_node
 .text.set_sys_clock_pll
                0x20002e84       0xa0 CMakeFiles/dreamdrivecast_mcu2.dir/Users/kaili/Code/pico-sdk/src/rp2_common/pico_stdlib/stdlib.c.obj
                0x20002e84                set_sys_clock_pll
 .text.check_sys_clock_khz
                0x20002f24       0xd0 CMakeFiles/dreamdrivecast_mcu2.dir/Users/kaili/Code/pico-sdk/src/rp2_common/pico_stdlib/stdlib.c.obj
                0x20002f24                check_sys_clock_khz
 .text.check_gpio_param
                0x20002ff4       0x10 CMakeFiles/dreamdrivecast_mcu2.dir/Users/kaili/Code/pico-sdk/src/rp2_common/hardware_gpio/gpio.c.obj
 .text.gpio_set_mask
                0x20003004       0x18 CMakeFiles/dreamdrivecast_mcu2.dir/Users/kaili/Code/pico-sdk/src/rp2_common/hardware_gpio/gpio.c.obj
 .text.gpio_clr_mask
                0x2000301c       0x18 CMakeFiles/dreamdrivecast_mcu2.dir/Users/kaili/Code/pico-sdk/src/rp2_common/hardware_gpio/gpio.c.obj
 .text.gpio_put
                0x20003034       0x3a CMakeFiles/dreamdrivecast_mcu2.dir/Users/kaili/Code/pico-sdk/src/rp2_common/hardware_gpio/gpio.c.obj
 .text.gpio_set_dir_out_masked
                0x2000306e       0x18 CMakeFiles/dreamdrivecast_mcu2.dir/Users/kaili/Code/pico-sdk/src/rp2_common/hardware_gpio/gpio.c.obj
 .text.gpio_set_dir_in_masked
                0x20003086       0x18 CMakeFiles/dreamdrivecast_mcu2.dir/Users/kaili/Code/pico-sdk/src/rp2_common/hardware_gpio/gpio.c.obj
 .text.gpio_set_dir
                0x2000309e       0x3a CMakeFiles/dreamdrivecast_mcu2.dir/Users/kaili/Code/pico-sdk/src/rp2_common/hardware_gpio/gpio.c.obj
 .text.gpio_set_function
                0x200030d8       0x6c CMakeFiles/dreamdrivecast_mcu2.dir/Users/kaili/Code/pico-sdk/src/rp2_common/hardware_gpio/gpio.c.obj
                0x200030d8                gpio_set_function
 .text.gpio_init
                0x20003144       0x2e CMakeFiles/dreamdrivecast_mcu2.dir/Users/kaili/Code/pico-sdk/src/rp2_common/hardware_gpio/gpio.c.obj
                0x20003144                gpio_init
 .text.busy_wait_at_least_cycles
                0x20003172       0x18 CMakeFiles/dreamdrivecast_mcu2.dir/Users/kaili/Code/pico-sdk/src/rp2_common/hardware_clocks/clocks.c.obj
 .text.has_glitchless_mux
                0x2000318a       0x32 CMakeFiles/dreamdrivecast_mcu2.dir/Users/kaili/Code/pico-sdk/src/rp2_common/hardware_clocks/clocks.c.obj
 .text.clock_configure
                0x200031bc      0x254 CMakeFiles/dreamdrivecast_mcu2.dir/Users/kaili/Code/pico-sdk/src/rp2_common/hardware_clocks/clocks.c.obj
                0x200031bc                clock_configure
 .text.clocks_init
                0x20003410      0x148 CMakeFiles/dreamdrivecast_mcu2.dir/Users/kaili/Code/pico-sdk/src/rp2_common/hardware_clocks/clocks.c.obj
                0x20003410                clocks_init
 .text.reset_block
                0x20003558       0x2c CMakeFiles/dreamdrivecast_mcu2.dir/Users/kaili/Code/pico-sdk/src/rp2_common/hardware_pll/pll.c.obj
 .text.unreset_block_wait
                0x20003584       0x3c CMakeFiles/dreamdrivecast_mcu2.dir/Users/kaili/Code/pico-sdk/src/rp2_common/hardware_pll/pll.c.obj
 .text.pll_init
                0x200035c0       0xec CMakeFiles/dreamdrivecast_mcu2.dir/Users/kaili/Code/pico-sdk/src/rp2_common/hardware_pll/pll.c.obj
                0x200035c0                pll_init
 .text.watchdog_start_tick
                0x200036ac       0x20 CMakeFiles/dreamdrivecast_mcu2.dir/Users/kaili/Code/pico-sdk/src/rp2_common/hardware_watchdog/watchdog.c.obj
                0x200036ac                watchdog_start_tick
 .text.watchdog_update
                0x200036cc       0x1c CMakeFiles/dreamdrivecast_mcu2.dir/Users/kaili/Code/pico-sdk/src/rp2_common/hardware_watchdog/watchdog.c.obj
                0x200036cc                watchdog_update
 .text._watchdog_enable
                0x200036e8       0xf4 CMakeFiles/dreamdrivecast_mcu2.dir/Users/kaili/Code/pico-sdk/src/rp2_common/hardware_watchdog/watchdog.c.obj
                0x200036e8                _watchdog_enable
 .text.watchdog_reboot
                0x200037dc       0x74 CMakeFiles/dreamdrivecast_mcu2.dir/Users/kaili/Code/pico-sdk/src/rp2_common/hardware_watchdog/watchdog.c.obj
                0x200037dc                watchdog_reboot
 .text.xosc_init
                0x20003850       0x48 CMakeFiles/dreamdrivecast_mcu2.dir/Users/kaili/Code/pico-sdk/src/rp2_common/hardware_xosc/xosc.c.obj
                0x20003850                xosc_init
 .text.__breakpoint
                0x20003898        0xc CMakeFiles/dreamdrivecast_mcu2.dir/Users/kaili/Code/pico-sdk/src/rp2_common/pico_runtime/runtime.c.obj
 .text.reset_block
                0x200038a4       0x2c CMakeFiles/dreamdrivecast_mcu2.dir/Users/kaili/Code/pico-sdk/src/rp2_common/pico_runtime/runtime.c.obj
 .text.unreset_block_wait
                0x200038d0       0x3c CMakeFiles/dreamdrivecast_mcu2.dir/Users/kaili/Code/pico-sdk/src/rp2_common/pico_runtime/runtime.c.obj
 .text.runtime_init
                0x2000390c      0x108 CMakeFiles/dreamdrivecast_mcu2.dir/Users/kaili/Code/pico-sdk/src/rp2_common/pico_runtime/runtime.c.obj
                0x2000390c                runtime_init
 .text._exit    0x20003a14        0xe CMakeFiles/dreamdrivecast_mcu2.dir/Users/kaili/Code/pico-sdk/src/rp2_common/pico_runtime/runtime.c.obj
                0x20003a14                _exit
 .text.exit     0x20003a22       0x10 CMakeFiles/dreamdrivecast_mcu2.dir/Users/kaili/Code/pico-sdk/src/rp2_common/pico_runtime/runtime.c.obj
                0x20003a22                exit
 *fill*         0x20003a32        0x2 
 .text.panic    0x20003a34       0x40 CMakeFiles/dreamdrivecast_mcu2.dir/Users/kaili/Code/pico-sdk/src/rp2_common/pico_runtime/runtime.c.obj
                0x20003a34                panic
 .text.hard_assertion_failure
                0x20003a74       0x10 CMakeFiles/dreamdrivecast_mcu2.dir/Users/kaili/Code/pico-sdk/src/rp2_common/pico_runtime/runtime.c.obj
                0x20003a74                hard_assertion_failure
 .text._out_null
                0x20003a84       0x1c CMakeFiles/dreamdrivecast_mcu2.dir/Users/kaili/Code/pico-sdk/src/rp2_common/pico_printf/printf.c.obj
 .text._out_fct
                0x20003aa0       0x36 CMakeFiles/dreamdrivecast_mcu2.dir/Users/kaili/Code/pico-sdk/src/rp2_common/pico_printf/printf.c.obj
 .text._strnlen_s
                0x20003ad6       0x36 CMakeFiles/dreamdrivecast_mcu2.dir/Users/kaili/Code/pico-sdk/src/rp2_common/pico_printf/printf.c.obj
 .text._is_digit
                0x20003b0c       0x32 CMakeFiles/dreamdrivecast_mcu2.dir/Users/kaili/Code/pico-sdk/src/rp2_common/pico_printf/printf.c.obj
 .text._atoi    0x20003b3e       0x46 CMakeFiles/dreamdrivecast_mcu2.dir/Users/kaili/Code/pico-sdk/src/rp2_common/pico_printf/printf.c.obj
 .text._out_rev
                0x20003b84       0x9a CMakeFiles/dreamdrivecast_mcu2.dir/Users/kaili/Code/pico-sdk/src/rp2_common/pico_printf/printf.c.obj
 .text._ntoa_format
                0x20003c1e      0x1ac CMakeFiles/dreamdrivecast_mcu2.dir/Users/kaili/Code/pico-sdk/src/rp2_common/pico_printf/printf.c.obj
 .text._ntoa_long
                0x20003dca       0xd2 CMakeFiles/dreamdrivecast_mcu2.dir/Users/kaili/Code/pico-sdk/src/rp2_common/pico_printf/printf.c.obj
 .text._ntoa_long_long
                0x20003e9c       0xe6 CMakeFiles/dreamdrivecast_mcu2.dir/Users/kaili/Code/pico-sdk/src/rp2_common/pico_printf/printf.c.obj
 *fill*         0x20003f82        0x2 
 .text._ftoa    0x20003f84      0x494 CMakeFiles/dreamdrivecast_mcu2.dir/Users/kaili/Code/pico-sdk/src/rp2_common/pico_printf/printf.c.obj
 .text._etoa    0x20004418      0x594 CMakeFiles/dreamdrivecast_mcu2.dir/Users/kaili/Code/pico-sdk/src/rp2_common/pico_printf/printf.c.obj
 .text._vsnprintf
                0x200049ac      0x904 CMakeFiles/dreamdrivecast_mcu2.dir/Users/kaili/Code/pico-sdk/src/rp2_common/pico_printf/printf.c.obj
 .text.vfctprintf
                0x200052b0       0x40 CMakeFiles/dreamdrivecast_mcu2.dir/Users/kaili/Code/pico-sdk/src/rp2_common/pico_printf/printf.c.obj
                0x200052b0                vfctprintf
 .text._putchar
                0x200052f0       0x1e CMakeFiles/dreamdrivecast_mcu2.dir/Users/kaili/Code/pico-sdk/src/rp2_common/pico_printf/printf.c.obj
 .text._out_char
                0x2000530e       0x30 CMakeFiles/dreamdrivecast_mcu2.dir/Users/kaili/Code/pico-sdk/src/rp2_common/pico_printf/printf.c.obj
 *fill*         0x2000533e        0x2 
 .text.weak_raw_vprintf
                0x20005340       0x48 CMakeFiles/dreamdrivecast_mcu2.dir/Users/kaili/Code/pico-sdk/src/rp2_common/pico_printf/printf.c.obj
                0x20005340                weak_raw_vprintf
 .text          0x20005388       0x10 CMakeFiles/dreamdrivecast_mcu2.dir/Users/kaili/Code/pico-sdk/src/rp2_common/pico_bit_ops/bit_ops_aeabi.S.obj
 .text.ctzsi    0x20005398        0xc CMakeFiles/dreamdrivecast_mcu2.dir/Users/kaili/Code/pico-sdk/src/rp2_common/pico_bit_ops/bit_ops_aeabi.S.obj
                0x20005398                __wrap___ctzsi2
 .text.rom_hword_as_ptr
                0x200053a4       0x1a CMakeFiles/dreamdrivecast_mcu2.dir/Users/kaili/Code/pico-sdk/src/rp2_common/pico_bootrom/bootrom.c.obj
 .text.rom_func_lookup
                0x200053be       0x34 CMakeFiles/dreamdrivecast_mcu2.dir/Users/kaili/Code/pico-sdk/src/rp2_common/pico_bootrom/bootrom.c.obj
                0x200053be                rom_func_lookup
 .text.rom_data_lookup
                0x200053f2       0x30 CMakeFiles/dreamdrivecast_mcu2.dir/Users/kaili/Code/pico-sdk/src/rp2_common/pico_bootrom/bootrom.c.obj
                0x200053f2                rom_data_lookup
 .text.rom_funcs_lookup
                0x20005422       0x68 CMakeFiles/dreamdrivecast_mcu2.dir/Users/kaili/Code/pico-sdk/src/rp2_common/pico_bootrom/bootrom.c.obj
                0x20005422                rom_funcs_lookup
 *fill*         0x2000548a        0x2 
 .text.__wrap___aeabi_idiv
                0x2000548c       0x50 CMakeFiles/dreamdrivecast_mcu2.dir/Users/kaili/Code/pico-sdk/src/rp2_common/pico_divider/divider.S.obj
                0x2000548c                __wrap___aeabi_idivmod
                0x2000548c                divmod_s32s32
                0x2000548c                div_s32s32
                0x2000548c                __wrap___aeabi_idiv
                0x20005494                divmod_s32s32_unsafe
                0x200054c0                divmod_s32s32_savestate
 .text.__wrap___aeabi_uidiv
                0x200054dc       0x4c CMakeFiles/dreamdrivecast_mcu2.dir/Users/kaili/Code/pico-sdk/src/rp2_common/pico_divider/divider.S.obj
                0x200054dc                __wrap___aeabi_uidiv
                0x200054dc                __wrap___aeabi_uidivmod
                0x200054dc                div_u32u32
                0x200054dc                divmod_u32u32
                0x200054e4                divmod_u32u32_unsafe
                0x2000550c                divmod_u32u32_savestate
 .text.__wrap___aeabi_ldiv
                0x20005528      0x424 CMakeFiles/dreamdrivecast_mcu2.dir/Users/kaili/Code/pico-sdk/src/rp2_common/pico_divider/divider.S.obj
                0x20005528                __wrap___aeabi_ldivmod
                0x20005528                div_s64s64
                0x20005528                divmod_s64s64
                0x20005558                divmod_u64u64
                0x20005558                div_u64u64
                0x20005558                __wrap___aeabi_uldivmod
                0x20005568                divmod_u64u64_savestate
                0x20005588                divmod_s64s64_unsafe
                0x20005610                divmod_u64u64_unsafe
 .text.__wrap___aeabi_darithmetic
                0x2000594c       0x80 CMakeFiles/dreamdrivecast_mcu2.dir/Users/kaili/Code/pico-sdk/src/rp2_common/pico_double/double_aeabi.S.obj
                0x2000594c                __wrap___aeabi_drsub
                0x20005952                __wrap___aeabi_dsub
                0x20005964                __wrap___aeabi_dadd
                0x20005976                __wrap___aeabi_ddiv
                0x200059b2                __wrap___aeabi_dmul
 .text.__wrap___aeabi_cdcmple
                0x200059cc       0x6c CMakeFiles/dreamdrivecast_mcu2.dir/Users/kaili/Code/pico-sdk/src/rp2_common/pico_double/double_aeabi.S.obj
                0x200059cc                __wrap___aeabi_cdrcmple
                0x200059dc                __wrap___aeabi_cdcmple
                0x200059dc                __wrap___aeabi_cdcmpeq
 .text.__wrap___aeabi_dcmplt
                0x20005a38        0xc CMakeFiles/dreamdrivecast_mcu2.dir/Users/kaili/Code/pico-sdk/src/rp2_common/pico_double/double_aeabi.S.obj
                0x20005a38                __wrap___aeabi_dcmplt
 .text.__wrap___aeabi_dcmpge
                0x20005a44       0x10 CMakeFiles/dreamdrivecast_mcu2.dir/Users/kaili/Code/pico-sdk/src/rp2_common/pico_double/double_aeabi.S.obj
                0x20005a44                __wrap___aeabi_dcmpge
 .text.__wrap___aeabi_dcmpgt
                0x20005a54        0xa CMakeFiles/dreamdrivecast_mcu2.dir/Users/kaili/Code/pico-sdk/src/rp2_common/pico_double/double_aeabi.S.obj
                0x20005a54                __wrap___aeabi_dcmpgt
 .text.__wrap___aeabi_dcmpun
                0x20005a5e       0x1c CMakeFiles/dreamdrivecast_mcu2.dir/Users/kaili/Code/pico-sdk/src/rp2_common/pico_double/double_aeabi.S.obj
                0x20005a5e                __wrap___aeabi_dcmpun
 *fill*         0x20005a7a        0x2 
 .text.__wrap___aeabi_i2d
                0x20005a7c       0x38 CMakeFiles/dreamdrivecast_mcu2.dir/Users/kaili/Code/pico-sdk/src/rp2_common/pico_double/double_aeabi.S.obj
                0x20005a7c                __wrap___aeabi_ui2d
                0x20005a84                __wrap___aeabi_i2d
 .text.__wrap___aeabi_d2iz
                0x20005ab4       0x48 CMakeFiles/dreamdrivecast_mcu2.dir/Users/kaili/Code/pico-sdk/src/rp2_common/pico_double/double_aeabi.S.obj
                0x20005ab4                __wrap___aeabi_d2iz
                0x20005ab4                double2int_z
 .text.__wrap___aeabi_d2uiz
                0x20005afc       0x18 CMakeFiles/dreamdrivecast_mcu2.dir/Users/kaili/Code/pico-sdk/src/rp2_common/pico_double/double_aeabi.S.obj
                0x20005afc                double2uint
                0x20005afc                __wrap___aeabi_d2uiz
 .text.rp2040_rom_version
                0x20005b14        0xe CMakeFiles/dreamdrivecast_mcu2.dir/Users/kaili/Code/pico-sdk/src/rp2_common/pico_double/double_init_rom.c.obj
 .text.rom_table_code
                0x20005b22       0x26 CMakeFiles/dreamdrivecast_mcu2.dir/Users/kaili/Code/pico-sdk/src/rp2_common/pico_double/double_init_rom.c.obj
 .text.__aeabi_double_init
                0x20005b48       0x88 CMakeFiles/dreamdrivecast_mcu2.dir/Users/kaili/Code/pico-sdk/src/rp2_common/pico_double/double_init_rom.c.obj
                0x20005b48                __aeabi_double_init
 .text.double_table_shim_on_use_helper
                0x20005bd0       0x2c CMakeFiles/dreamdrivecast_mcu2.dir/Users/kaili/Code/pico-sdk/src/rp2_common/pico_double/double_v1_rom_shim.S.obj
                0x20005bd0                double_table_shim_on_use_helper
 .text.__wrap___aeabi_dsub
                0x20005bfc       0x10 CMakeFiles/dreamdrivecast_mcu2.dir/Users/kaili/Code/pico-sdk/src/rp2_common/pico_double/double_v1_rom_shim.S.obj
                0x20005bfc                drsub_shim
                0x20005c02                dsub_shim
 .text.dadd_shim
                0x20005c0c      0x15c CMakeFiles/dreamdrivecast_mcu2.dir/Users/kaili/Code/pico-sdk/src/rp2_common/pico_double/double_v1_rom_shim.S.obj
                0x20005c0c                dadd_shim
 .text.dmul_shim
                0x20005d68      0x15c CMakeFiles/dreamdrivecast_mcu2.dir/Users/kaili/Code/pico-sdk/src/rp2_common/pico_double/double_v1_rom_shim.S.obj
                0x20005d68                dmul_shim
 .text.ddiv_shim
                0x20005ec4      0x1b0 CMakeFiles/dreamdrivecast_mcu2.dir/Users/kaili/Code/pico-sdk/src/rp2_common/pico_double/double_v1_rom_shim.S.obj
                0x20005ec4                ddiv_shim
 .text.double2uint_shim
                0x20006074        0xe CMakeFiles/dreamdrivecast_mcu2.dir/Users/kaili/Code/pico-sdk/src/rp2_common/pico_double/double_v1_rom_shim.S.obj
                0x20006074                double2uint_shim
                0x20006076                double2ufix_shim
 *fill*         0x20006082        0x2 
 .text.double2uint64_shim
                0x20006084       0x70 CMakeFiles/dreamdrivecast_mcu2.dir/Users/kaili/Code/pico-sdk/src/rp2_common/pico_double/double_v1_rom_shim.S.obj
                0x20006084                double2uint64_shim
                0x20006086                double2ufix64_shim
                0x200060a6                d2fix_a
 .text.dunpacks
                0x200060f4       0x3c CMakeFiles/dreamdrivecast_mcu2.dir/Users/kaili/Code/pico-sdk/src/rp2_common/pico_double/double_v1_rom_shim.S.obj
                0x200060f4                dunpacks
 .text.__aeabi_lmul
                0x20006130       0x32 CMakeFiles/dreamdrivecast_mcu2.dir/Users/kaili/Code/pico-sdk/src/rp2_common/pico_int64_ops/pico_int64_ops_aeabi.S.obj
                0x20006130                __wrap___aeabi_lmul
 .text.rp2040_rom_version
                0x20006162        0xe CMakeFiles/dreamdrivecast_mcu2.dir/Users/kaili/Code/pico-sdk/src/rp2_common/pico_float/float_init_rom.c.obj
 .text.rom_table_code
                0x20006170       0x26 CMakeFiles/dreamdrivecast_mcu2.dir/Users/kaili/Code/pico-sdk/src/rp2_common/pico_float/float_init_rom.c.obj
 *fill*         0x20006196        0x2 
 .text.__aeabi_float_init
                0x20006198       0x98 CMakeFiles/dreamdrivecast_mcu2.dir/Users/kaili/Code/pico-sdk/src/rp2_common/pico_float/float_init_rom.c.obj
                0x20006198                __aeabi_float_init
 .text.float_table_shim_on_use_helper
                0x20006230       0x2c CMakeFiles/dreamdrivecast_mcu2.dir/Users/kaili/Code/pico-sdk/src/rp2_common/pico_float/float_v1_rom_shim.S.obj
                0x20006230                float_table_shim_on_use_helper
 .text          0x2000625c       0x10 CMakeFiles/dreamdrivecast_mcu2.dir/Users/kaili/Code/pico-sdk/src/rp2_common/pico_mem_ops/mem_ops_aeabi.S.obj
                0x2000625c                __aeabi_mem_init
 .text.memset   0x2000626c        0xc CMakeFiles/dreamdrivecast_mcu2.dir/Users/kaili/Code/pico-sdk/src/rp2_common/pico_mem_ops/mem_ops_aeabi.S.obj
                0x2000626c                __wrap_memset
 .text.memcpy   0x20006278        0xc CMakeFiles/dreamdrivecast_mcu2.dir/Users/kaili/Code/pico-sdk/src/rp2_common/pico_mem_ops/mem_ops_aeabi.S.obj
                0x20006278                __wrap___aeabi_memcpy
                0x20006278                __wrap_memcpy
 .text.to_us_since_boot
                0x20006284       0x18 CMakeFiles/dreamdrivecast_mcu2.dir/Users/kaili/Code/pico-sdk/src/rp2_common/pico_stdio/stdio.c.obj
 .text.update_us_since_boot
                0x2000629c       0x1e CMakeFiles/dreamdrivecast_mcu2.dir/Users/kaili/Code/pico-sdk/src/rp2_common/pico_stdio/stdio.c.obj
 .text.get_absolute_time
                0x200062ba       0x24 CMakeFiles/dreamdrivecast_mcu2.dir/Users/kaili/Code/pico-sdk/src/rp2_common/pico_stdio/stdio.c.obj
 *fill*         0x200062de        0x2 
 .text.delayed_by_ms
                0x200062e0       0x7c CMakeFiles/dreamdrivecast_mcu2.dir/Users/kaili/Code/pico-sdk/src/rp2_common/pico_stdio/stdio.c.obj
 .text.make_timeout_time_ms
                0x2000635c       0x22 CMakeFiles/dreamdrivecast_mcu2.dir/Users/kaili/Code/pico-sdk/src/rp2_common/pico_stdio/stdio.c.obj
 *fill*         0x2000637e        0x2 
 .text.stdout_serialize_begin
                0x20006380       0x28 CMakeFiles/dreamdrivecast_mcu2.dir/Users/kaili/Code/pico-sdk/src/rp2_common/pico_stdio/stdio.c.obj
                0x20006380                stdout_serialize_begin
 .text.stdout_serialize_end
                0x200063a8       0x18 CMakeFiles/dreamdrivecast_mcu2.dir/Users/kaili/Code/pico-sdk/src/rp2_common/pico_stdio/stdio.c.obj
                0x200063a8                stdout_serialize_end
 .text.stdio_out_chars_no_crlf
                0x200063c0       0x20 CMakeFiles/dreamdrivecast_mcu2.dir/Users/kaili/Code/pico-sdk/src/rp2_common/pico_stdio/stdio.c.obj
 .text.stdio_out_chars_crlf
                0x200063e0       0xf4 CMakeFiles/dreamdrivecast_mcu2.dir/Users/kaili/Code/pico-sdk/src/rp2_common/pico_stdio/stdio.c.obj
 .text.stdio_put_string
                0x200064d4       0xcc CMakeFiles/dreamdrivecast_mcu2.dir/Users/kaili/Code/pico-sdk/src/rp2_common/pico_stdio/stdio.c.obj
 .text.__wrap_putchar
                0x200065a0       0x28 CMakeFiles/dreamdrivecast_mcu2.dir/Users/kaili/Code/pico-sdk/src/rp2_common/pico_stdio/stdio.c.obj
                0x200065a0                __wrap_putchar
 .text.__wrap_puts
                0x200065c8       0x2e CMakeFiles/dreamdrivecast_mcu2.dir/Users/kaili/Code/pico-sdk/src/rp2_common/pico_stdio/stdio.c.obj
                0x200065c8                __wrap_puts
 *fill*         0x200065f6        0x2 
 .text.stdio_set_driver_enabled
                0x200065f8       0x68 CMakeFiles/dreamdrivecast_mcu2.dir/Users/kaili/Code/pico-sdk/src/rp2_common/pico_stdio/stdio.c.obj
                0x200065f8                stdio_set_driver_enabled
 .text.stdio_flush
                0x20006660       0x38 CMakeFiles/dreamdrivecast_mcu2.dir/Users/kaili/Code/pico-sdk/src/rp2_common/pico_stdio/stdio.c.obj
                0x20006660                stdio_flush
 .text.stdio_stack_buffer_flush
                0x20006698       0x6c CMakeFiles/dreamdrivecast_mcu2.dir/Users/kaili/Code/pico-sdk/src/rp2_common/pico_stdio/stdio.c.obj
 .text.stdio_buffered_printer
                0x20006704       0x3e CMakeFiles/dreamdrivecast_mcu2.dir/Users/kaili/Code/pico-sdk/src/rp2_common/pico_stdio/stdio.c.obj
 *fill*         0x20006742        0x2 
 .text.__wrap_vprintf
                0x20006744       0x5c CMakeFiles/dreamdrivecast_mcu2.dir/Users/kaili/Code/pico-sdk/src/rp2_common/pico_stdio/stdio.c.obj
                0x20006744                __wrap_vprintf
 .text.__wrap_printf
                0x200067a0       0x2e CMakeFiles/dreamdrivecast_mcu2.dir/Users/kaili/Code/pico-sdk/src/rp2_common/pico_stdio/stdio.c.obj
                0x200067a0                __wrap_printf
 .text.stdio_init_all
                0x200067ce       0x32 CMakeFiles/dreamdrivecast_mcu2.dir/Users/kaili/Code/pico-sdk/src/rp2_common/pico_stdio/stdio.c.obj
                0x200067ce                stdio_init_all
 .text.reset_usb_boot
                0x20006800       0x24 CMakeFiles/dreamdrivecast_mcu2.dir/Users/kaili/Code/pico-sdk/src/rp2_common/pico_stdio_usb/reset_interface.c.obj
 .text.resetd_init
                0x20006824        0xa CMakeFiles/dreamdrivecast_mcu2.dir/Users/kaili/Code/pico-sdk/src/rp2_common/pico_stdio_usb/reset_interface.c.obj
 *fill*         0x2000682e        0x2 
 .text.resetd_reset
                0x20006830       0x20 CMakeFiles/dreamdrivecast_mcu2.dir/Users/kaili/Code/pico-sdk/src/rp2_common/pico_stdio_usb/reset_interface.c.obj
 .text.resetd_open
                0x20006850       0x64 CMakeFiles/dreamdrivecast_mcu2.dir/Users/kaili/Code/pico-sdk/src/rp2_common/pico_stdio_usb/reset_interface.c.obj
 .text.resetd_control_xfer_cb
                0x200068b4       0xb0 CMakeFiles/dreamdrivecast_mcu2.dir/Users/kaili/Code/pico-sdk/src/rp2_common/pico_stdio_usb/reset_interface.c.obj
 .text.resetd_xfer_cb
                0x20006964       0x2a CMakeFiles/dreamdrivecast_mcu2.dir/Users/kaili/Code/pico-sdk/src/rp2_common/pico_stdio_usb/reset_interface.c.obj
 *fill*         0x2000698e        0x2 
 .text.usbd_app_driver_get_cb
                0x20006990       0x1c CMakeFiles/dreamdrivecast_mcu2.dir/Users/kaili/Code/pico-sdk/src/rp2_common/pico_stdio_usb/reset_interface.c.obj
                0x20006990                usbd_app_driver_get_cb
 .text.tud_cdc_line_coding_cb
                0x200069ac       0x44 CMakeFiles/dreamdrivecast_mcu2.dir/Users/kaili/Code/pico-sdk/src/rp2_common/pico_stdio_usb/reset_interface.c.obj
                0x200069ac                tud_cdc_line_coding_cb
 .text.to_us_since_boot
                0x200069f0       0x18 CMakeFiles/dreamdrivecast_mcu2.dir/Users/kaili/Code/pico-sdk/src/rp2_common/pico_stdio_usb/stdio_usb.c.obj
 .text.update_us_since_boot
                0x20006a08       0x1e CMakeFiles/dreamdrivecast_mcu2.dir/Users/kaili/Code/pico-sdk/src/rp2_common/pico_stdio_usb/stdio_usb.c.obj
 .text.get_absolute_time
                0x20006a26       0x24 CMakeFiles/dreamdrivecast_mcu2.dir/Users/kaili/Code/pico-sdk/src/rp2_common/pico_stdio_usb/stdio_usb.c.obj
 *fill*         0x20006a4a        0x2 
 .text.delayed_by_us
                0x20006a4c       0x64 CMakeFiles/dreamdrivecast_mcu2.dir/Users/kaili/Code/pico-sdk/src/rp2_common/pico_stdio_usb/stdio_usb.c.obj
 .text.delayed_by_ms
                0x20006ab0       0x7c CMakeFiles/dreamdrivecast_mcu2.dir/Users/kaili/Code/pico-sdk/src/rp2_common/pico_stdio_usb/stdio_usb.c.obj
 .text.make_timeout_time_ms
                0x20006b2c       0x22 CMakeFiles/dreamdrivecast_mcu2.dir/Users/kaili/Code/pico-sdk/src/rp2_common/pico_stdio_usb/stdio_usb.c.obj
 .text.alarm_pool_add_alarm_in_us
                0x20006b4e       0x3c CMakeFiles/dreamdrivecast_mcu2.dir/Users/kaili/Code/pico-sdk/src/rp2_common/pico_stdio_usb/stdio_usb.c.obj
 .text.add_alarm_in_us
                0x20006b8a       0x34 CMakeFiles/dreamdrivecast_mcu2.dir/Users/kaili/Code/pico-sdk/src/rp2_common/pico_stdio_usb/stdio_usb.c.obj
 .text.critical_section_enter_blocking
                0x20006bbe       0x46 CMakeFiles/dreamdrivecast_mcu2.dir/Users/kaili/Code/pico-sdk/src/rp2_common/pico_stdio_usb/stdio_usb.c.obj
 .text.critical_section_exit
                0x20006c04       0x3e CMakeFiles/dreamdrivecast_mcu2.dir/Users/kaili/Code/pico-sdk/src/rp2_common/pico_stdio_usb/stdio_usb.c.obj
 .text.critical_section_is_initialized
                0x20006c42       0x1a CMakeFiles/dreamdrivecast_mcu2.dir/Users/kaili/Code/pico-sdk/src/rp2_common/pico_stdio_usb/stdio_usb.c.obj
 .text.tud_cdc_connected
                0x20006c5c       0x12 CMakeFiles/dreamdrivecast_mcu2.dir/Users/kaili/Code/pico-sdk/src/rp2_common/pico_stdio_usb/stdio_usb.c.obj
 .text.tud_cdc_available
                0x20006c6e       0x12 CMakeFiles/dreamdrivecast_mcu2.dir/Users/kaili/Code/pico-sdk/src/rp2_common/pico_stdio_usb/stdio_usb.c.obj
 .text.tud_cdc_read
                0x20006c80       0x20 CMakeFiles/dreamdrivecast_mcu2.dir/Users/kaili/Code/pico-sdk/src/rp2_common/pico_stdio_usb/stdio_usb.c.obj
 .text.tud_cdc_write
                0x20006ca0       0x20 CMakeFiles/dreamdrivecast_mcu2.dir/Users/kaili/Code/pico-sdk/src/rp2_common/pico_stdio_usb/stdio_usb.c.obj
 .text.tud_cdc_write_flush
                0x20006cc0       0x12 CMakeFiles/dreamdrivecast_mcu2.dir/Users/kaili/Code/pico-sdk/src/rp2_common/pico_stdio_usb/stdio_usb.c.obj
 .text.tud_cdc_write_available
                0x20006cd2       0x12 CMakeFiles/dreamdrivecast_mcu2.dir/Users/kaili/Code/pico-sdk/src/rp2_common/pico_stdio_usb/stdio_usb.c.obj
 .text.timer_task
                0x20006ce4       0x64 CMakeFiles/dreamdrivecast_mcu2.dir/Users/kaili/Code/pico-sdk/src/rp2_common/pico_stdio_usb/stdio_usb.c.obj
 .text.low_priority_worker_irq
                0x20006d48       0xa0 CMakeFiles/dreamdrivecast_mcu2.dir/Users/kaili/Code/pico-sdk/src/rp2_common/pico_stdio_usb/stdio_usb.c.obj
 .text.usb_irq  0x20006de8       0x18 CMakeFiles/dreamdrivecast_mcu2.dir/Users/kaili/Code/pico-sdk/src/rp2_common/pico_stdio_usb/stdio_usb.c.obj
 .text.stdio_usb_out_chars
                0x20006e00      0x118 CMakeFiles/dreamdrivecast_mcu2.dir/Users/kaili/Code/pico-sdk/src/rp2_common/pico_stdio_usb/stdio_usb.c.obj
 .text.stdio_usb_in_chars
                0x20006f18       0xa0 CMakeFiles/dreamdrivecast_mcu2.dir/Users/kaili/Code/pico-sdk/src/rp2_common/pico_stdio_usb/stdio_usb.c.obj
                0x20006f18                stdio_usb_in_chars
 .text.tud_cdc_rx_cb
                0x20006fb8       0x34 CMakeFiles/dreamdrivecast_mcu2.dir/Users/kaili/Code/pico-sdk/src/rp2_common/pico_stdio_usb/stdio_usb.c.obj
                0x20006fb8                tud_cdc_rx_cb
 .text.stdio_usb_set_chars_available_callback
                0x20006fec       0x28 CMakeFiles/dreamdrivecast_mcu2.dir/Users/kaili/Code/pico-sdk/src/rp2_common/pico_stdio_usb/stdio_usb.c.obj
                0x20006fec                stdio_usb_set_chars_available_callback
 .text.stdio_usb_init
                0x20007014       0xf0 CMakeFiles/dreamdrivecast_mcu2.dir/Users/kaili/Code/pico-sdk/src/rp2_common/pico_stdio_usb/stdio_usb.c.obj
                0x20007014                stdio_usb_init
 .text.stdio_usb_connected
                0x20007104       0x10 CMakeFiles/dreamdrivecast_mcu2.dir/Users/kaili/Code/pico-sdk/src/rp2_common/pico_stdio_usb/stdio_usb.c.obj
                0x20007104                stdio_usb_connected
 .text.tud_descriptor_device_cb
                0x20007114       0x10 CMakeFiles/dreamdrivecast_mcu2.dir/Users/kaili/Code/pico-sdk/src/rp2_common/pico_stdio_usb/stdio_usb_descriptors.c.obj
                0x20007114                tud_descriptor_device_cb
 .text.tud_descriptor_configuration_cb
                0x20007124       0x1c CMakeFiles/dreamdrivecast_mcu2.dir/Users/kaili/Code/pico-sdk/src/rp2_common/pico_stdio_usb/stdio_usb_descriptors.c.obj
                0x20007124                tud_descriptor_configuration_cb
 .text.tud_descriptor_string_cb
                0x20007140       0xd4 CMakeFiles/dreamdrivecast_mcu2.dir/Users/kaili/Code/pico-sdk/src/rp2_common/pico_stdio_usb/stdio_usb_descriptors.c.obj
                0x20007140                tud_descriptor_string_cb
 .text._retrieve_unique_id_on_boot
                0x20007214       0x18 CMakeFiles/dreamdrivecast_mcu2.dir/Users/kaili/Code/pico-sdk/src/rp2_common/pico_unique_id/unique_id.c.obj
 .text.pico_get_unique_board_id_string
                0x2000722c       0x80 CMakeFiles/dreamdrivecast_mcu2.dir/Users/kaili/Code/pico-sdk/src/rp2_common/pico_unique_id/unique_id.c.obj
                0x2000722c                pico_get_unique_board_id_string
 .text.rom_hword_as_ptr
                0x200072ac       0x1a CMakeFiles/dreamdrivecast_mcu2.dir/Users/kaili/Code/pico-sdk/src/rp2_common/hardware_flash/flash.c.obj
 .text.flash_get_unique_id
                0x200072c6       0x70 CMakeFiles/dreamdrivecast_mcu2.dir/Users/kaili/Code/pico-sdk/src/rp2_common/hardware_flash/flash.c.obj
                0x200072c6                flash_get_unique_id
 .text.hard_assert
                0x20007336       0x26 CMakeFiles/dreamdrivecast_mcu2.dir/Users/kaili/Code/pico-sdk/lib/tinyusb/src/portable/raspberrypi/rp2040/dcd_rp2040.c.obj
 .text.time_us_32
                0x2000735c       0x14 CMakeFiles/dreamdrivecast_mcu2.dir/Users/kaili/Code/pico-sdk/lib/tinyusb/src/portable/raspberrypi/rp2040/dcd_rp2040.c.obj
 .text.hw_data_offset
                0x20007370       0x1c CMakeFiles/dreamdrivecast_mcu2.dir/Users/kaili/Code/pico-sdk/lib/tinyusb/src/portable/raspberrypi/rp2040/dcd_rp2040.c.obj
 .text.dcd_event_sof
                0x2000738c       0x52 CMakeFiles/dreamdrivecast_mcu2.dir/Users/kaili/Code/pico-sdk/lib/tinyusb/src/portable/raspberrypi/rp2040/dcd_rp2040.c.obj
 *fill*         0x200073de        0x2 
 .text.hw_endpoint_get_by_addr
                0x200073e0       0x70 CMakeFiles/dreamdrivecast_mcu2.dir/Users/kaili/Code/pico-sdk/lib/tinyusb/src/portable/raspberrypi/rp2040/dcd_rp2040.c.obj
 .text._hw_endpoint_alloc
                0x20007450       0xa4 CMakeFiles/dreamdrivecast_mcu2.dir/Users/kaili/Code/pico-sdk/lib/tinyusb/src/portable/raspberrypi/rp2040/dcd_rp2040.c.obj
 .text.hw_endpoint_init
                0x200074f4      0x128 CMakeFiles/dreamdrivecast_mcu2.dir/Users/kaili/Code/pico-sdk/lib/tinyusb/src/portable/raspberrypi/rp2040/dcd_rp2040.c.obj
 .text.hw_endpoint_xfer
                0x2000761c       0x3a CMakeFiles/dreamdrivecast_mcu2.dir/Users/kaili/Code/pico-sdk/lib/tinyusb/src/portable/raspberrypi/rp2040/dcd_rp2040.c.obj
 *fill*         0x20007656        0x2 
 .text.dcd_init
                0x20007658       0x80 CMakeFiles/dreamdrivecast_mcu2.dir/Users/kaili/Code/pico-sdk/lib/tinyusb/src/portable/raspberrypi/rp2040/dcd_rp2040.c.obj
                0x20007658                dcd_init
 .text.dcd_int_enable
                0x200076d8       0x1c CMakeFiles/dreamdrivecast_mcu2.dir/Users/kaili/Code/pico-sdk/lib/tinyusb/src/portable/raspberrypi/rp2040/dcd_rp2040.c.obj
                0x200076d8                dcd_int_enable
 .text.dcd_set_address
                0x200076f4       0x24 CMakeFiles/dreamdrivecast_mcu2.dir/Users/kaili/Code/pico-sdk/lib/tinyusb/src/portable/raspberrypi/rp2040/dcd_rp2040.c.obj
                0x200076f4                dcd_set_address
 .text.dcd_connect
                0x20007718       0x20 CMakeFiles/dreamdrivecast_mcu2.dir/Users/kaili/Code/pico-sdk/lib/tinyusb/src/portable/raspberrypi/rp2040/dcd_rp2040.c.obj
                0x20007718                dcd_connect
 .text.dcd_edpt0_status_complete
                0x20007738       0x50 CMakeFiles/dreamdrivecast_mcu2.dir/Users/kaili/Code/pico-sdk/lib/tinyusb/src/portable/raspberrypi/rp2040/dcd_rp2040.c.obj
                0x20007738                dcd_edpt0_status_complete
 .text.dcd_edpt_open
                0x20007788       0x42 CMakeFiles/dreamdrivecast_mcu2.dir/Users/kaili/Code/pico-sdk/lib/tinyusb/src/portable/raspberrypi/rp2040/dcd_rp2040.c.obj
                0x20007788                dcd_edpt_open
 .text.dcd_edpt_close_all
                0x200077ca       0x18 CMakeFiles/dreamdrivecast_mcu2.dir/Users/kaili/Code/pico-sdk/lib/tinyusb/src/portable/raspberrypi/rp2040/dcd_rp2040.c.obj
                0x200077ca                dcd_edpt_close_all
 .text.dcd_edpt_xfer
                0x200077e2       0x3a CMakeFiles/dreamdrivecast_mcu2.dir/Users/kaili/Code/pico-sdk/lib/tinyusb/src/portable/raspberrypi/rp2040/dcd_rp2040.c.obj
                0x200077e2                dcd_edpt_xfer
 .text.dcd_edpt_stall
                0x2000781c       0x7c CMakeFiles/dreamdrivecast_mcu2.dir/Users/kaili/Code/pico-sdk/lib/tinyusb/src/portable/raspberrypi/rp2040/dcd_rp2040.c.obj
                0x2000781c                dcd_edpt_stall
 .text.dcd_edpt_clear_stall
                0x20007898       0x5e CMakeFiles/dreamdrivecast_mcu2.dir/Users/kaili/Code/pico-sdk/lib/tinyusb/src/portable/raspberrypi/rp2040/dcd_rp2040.c.obj
                0x20007898                dcd_edpt_clear_stall
 *fill*         0x200078f6        0x2 
 .text.reset_block
                0x200078f8       0x2c CMakeFiles/dreamdrivecast_mcu2.dir/Users/kaili/Code/pico-sdk/lib/tinyusb/src/portable/raspberrypi/rp2040/rp2040_usb.c.obj
 .text.unreset_block_wait
                0x20007924       0x3c CMakeFiles/dreamdrivecast_mcu2.dir/Users/kaili/Code/pico-sdk/lib/tinyusb/src/portable/raspberrypi/rp2040/rp2040_usb.c.obj
 .text.time_us_32
                0x20007960       0x14 CMakeFiles/dreamdrivecast_mcu2.dir/Users/kaili/Code/pico-sdk/lib/tinyusb/src/portable/raspberrypi/rp2040/rp2040_usb.c.obj
 .text.rp2040_usb_init
                0x20007974       0x48 CMakeFiles/dreamdrivecast_mcu2.dir/Users/kaili/Code/pico-sdk/lib/tinyusb/src/portable/raspberrypi/rp2040/rp2040_usb.c.obj
                0x20007974                rp2040_usb_init
 .text.hw_endpoint_xfer_start
                0x200079bc       0x8c CMakeFiles/dreamdrivecast_mcu2.dir/Users/kaili/Code/pico-sdk/lib/tinyusb/src/portable/raspberrypi/rp2040/rp2040_usb.c.obj
                0x200079bc                hw_endpoint_xfer_start
 .text.critical_section_enter_blocking
                0x20007a48       0x46 CMakeFiles/dreamdrivecast_mcu2.dir/Users/kaili/Code/pico-sdk/lib/tinyusb/src/device/usbd.c.obj
 .text.critical_section_exit
                0x20007a8e       0x3e CMakeFiles/dreamdrivecast_mcu2.dir/Users/kaili/Code/pico-sdk/lib/tinyusb/src/device/usbd.c.obj
 .text.get_driver
                0x20007acc       0x74 CMakeFiles/dreamdrivecast_mcu2.dir/Users/kaili/Code/pico-sdk/lib/tinyusb/src/device/usbd.c.obj
 .text.tud_mounted
                0x20007b40       0x1c CMakeFiles/dreamdrivecast_mcu2.dir/Users/kaili/Code/pico-sdk/lib/tinyusb/src/device/usbd.c.obj
                0x20007b40                tud_mounted
 .text.tud_suspended
                0x20007b5c       0x20 CMakeFiles/dreamdrivecast_mcu2.dir/Users/kaili/Code/pico-sdk/lib/tinyusb/src/device/usbd.c.obj
                0x20007b5c                tud_suspended
 .text.tud_inited
                0x20007b7c       0x1c CMakeFiles/dreamdrivecast_mcu2.dir/Users/kaili/Code/pico-sdk/lib/tinyusb/src/device/usbd.c.obj
                0x20007b7c                tud_inited
 .text.tud_init
                0x20007b98      0x10c CMakeFiles/dreamdrivecast_mcu2.dir/Users/kaili/Code/pico-sdk/lib/tinyusb/src/device/usbd.c.obj
                0x20007b98                tud_init
 .text.configuration_reset
                0x20007ca4       0x8c CMakeFiles/dreamdrivecast_mcu2.dir/Users/kaili/Code/pico-sdk/lib/tinyusb/src/device/usbd.c.obj
 .text.usbd_reset
                0x20007d30       0x22 CMakeFiles/dreamdrivecast_mcu2.dir/Users/kaili/Code/pico-sdk/lib/tinyusb/src/device/usbd.c.obj
 *fill*         0x20007d52        0x2 
 .text.tud_task_ext
                0x20007d54      0x2ac CMakeFiles/dreamdrivecast_mcu2.dir/Users/kaili/Code/pico-sdk/lib/tinyusb/src/device/usbd.c.obj
                0x20007d54                tud_task_ext
 .text.invoke_class_control
                0x20008000       0x36 CMakeFiles/dreamdrivecast_mcu2.dir/Users/kaili/Code/pico-sdk/lib/tinyusb/src/device/usbd.c.obj
 *fill*         0x20008036        0x2 
 .text.process_control_request
                0x20008038      0x4f0 CMakeFiles/dreamdrivecast_mcu2.dir/Users/kaili/Code/pico-sdk/lib/tinyusb/src/device/usbd.c.obj
 .text.process_set_config
                0x20008528      0x240 CMakeFiles/dreamdrivecast_mcu2.dir/Users/kaili/Code/pico-sdk/lib/tinyusb/src/device/usbd.c.obj
 .text.process_get_descriptor
                0x20008768      0x1d4 CMakeFiles/dreamdrivecast_mcu2.dir/Users/kaili/Code/pico-sdk/lib/tinyusb/src/device/usbd.c.obj
 .text.usbd_open_edpt_pair
                0x2000893c       0xc0 CMakeFiles/dreamdrivecast_mcu2.dir/Users/kaili/Code/pico-sdk/lib/tinyusb/src/device/usbd.c.obj
                0x2000893c                usbd_open_edpt_pair
 .text.usbd_defer_func
                0x200089fc       0x48 CMakeFiles/dreamdrivecast_mcu2.dir/Users/kaili/Code/pico-sdk/lib/tinyusb/src/device/usbd.c.obj
                0x200089fc                usbd_defer_func
 .text.usbd_edpt_open
                0x20008a44       0x74 CMakeFiles/dreamdrivecast_mcu2.dir/Users/kaili/Code/pico-sdk/lib/tinyusb/src/device/usbd.c.obj
                0x20008a44                usbd_edpt_open
 .text.usbd_edpt_claim
                0x20008ab8       0x7c CMakeFiles/dreamdrivecast_mcu2.dir/Users/kaili/Code/pico-sdk/lib/tinyusb/src/device/usbd.c.obj
                0x20008ab8                usbd_edpt_claim
 .text.usbd_edpt_release
                0x20008b34       0x7c CMakeFiles/dreamdrivecast_mcu2.dir/Users/kaili/Code/pico-sdk/lib/tinyusb/src/device/usbd.c.obj
                0x20008b34                usbd_edpt_release
 .text.usbd_edpt_xfer
                0x20008bb0      0x108 CMakeFiles/dreamdrivecast_mcu2.dir/Users/kaili/Code/pico-sdk/lib/tinyusb/src/device/usbd.c.obj
                0x20008bb0                usbd_edpt_xfer
 .text.usbd_edpt_stall
                0x20008cb8       0xc4 CMakeFiles/dreamdrivecast_mcu2.dir/Users/kaili/Code/pico-sdk/lib/tinyusb/src/device/usbd.c.obj
                0x20008cb8                usbd_edpt_stall
 .text.usbd_edpt_clear_stall
                0x20008d7c       0xc4 CMakeFiles/dreamdrivecast_mcu2.dir/Users/kaili/Code/pico-sdk/lib/tinyusb/src/device/usbd.c.obj
                0x20008d7c                usbd_edpt_clear_stall
 .text.usbd_edpt_stalled
                0x20008e40       0x74 CMakeFiles/dreamdrivecast_mcu2.dir/Users/kaili/Code/pico-sdk/lib/tinyusb/src/device/usbd.c.obj
                0x20008e40                usbd_edpt_stalled
 .text._status_stage_xact
                0x20008eb4       0x42 CMakeFiles/dreamdrivecast_mcu2.dir/Users/kaili/Code/pico-sdk/lib/tinyusb/src/device/usbd_control.c.obj
 *fill*         0x20008ef6        0x2 
 .text.tud_control_status
                0x20008ef8       0x4c CMakeFiles/dreamdrivecast_mcu2.dir/Users/kaili/Code/pico-sdk/lib/tinyusb/src/device/usbd_control.c.obj
                0x20008ef8                tud_control_status
 .text._data_stage_xact
                0x20008f44       0xb0 CMakeFiles/dreamdrivecast_mcu2.dir/Users/kaili/Code/pico-sdk/lib/tinyusb/src/device/usbd_control.c.obj
 .text.tud_control_xfer
                0x20008ff4       0xe0 CMakeFiles/dreamdrivecast_mcu2.dir/Users/kaili/Code/pico-sdk/lib/tinyusb/src/device/usbd_control.c.obj
                0x20008ff4                tud_control_xfer
 .text.usbd_control_reset
                0x200090d4       0x1c CMakeFiles/dreamdrivecast_mcu2.dir/Users/kaili/Code/pico-sdk/lib/tinyusb/src/device/usbd_control.c.obj
                0x200090d4                usbd_control_reset
 .text.usbd_control_set_complete_callback
                0x200090f0       0x1c CMakeFiles/dreamdrivecast_mcu2.dir/Users/kaili/Code/pico-sdk/lib/tinyusb/src/device/usbd_control.c.obj
                0x200090f0                usbd_control_set_complete_callback
 .text.usbd_control_set_request
                0x2000910c       0x38 CMakeFiles/dreamdrivecast_mcu2.dir/Users/kaili/Code/pico-sdk/lib/tinyusb/src/device/usbd_control.c.obj
                0x2000910c                usbd_control_set_request
 .text.usbd_control_xfer_cb
                0x20009144      0x170 CMakeFiles/dreamdrivecast_mcu2.dir/Users/kaili/Code/pico-sdk/lib/tinyusb/src/device/usbd_control.c.obj
                0x20009144                usbd_control_xfer_cb
 .text._prep_out_transaction
                0x200092b4       0xa4 CMakeFiles/dreamdrivecast_mcu2.dir/Users/kaili/Code/pico-sdk/lib/tinyusb/src/class/cdc/cdc_device.c.obj
 .text.tud_cdc_n_connected
                0x20009358       0x88 CMakeFiles/dreamdrivecast_mcu2.dir/Users/kaili/Code/pico-sdk/lib/tinyusb/src/class/cdc/cdc_device.c.obj
                0x20009358                tud_cdc_n_connected
 .text.tud_cdc_n_available
                0x200093e0       0x34 CMakeFiles/dreamdrivecast_mcu2.dir/Users/kaili/Code/pico-sdk/lib/tinyusb/src/class/cdc/cdc_device.c.obj
                0x200093e0                tud_cdc_n_available
 .text.tud_cdc_n_read
                0x20009414       0x4c CMakeFiles/dreamdrivecast_mcu2.dir/Users/kaili/Code/pico-sdk/lib/tinyusb/src/class/cdc/cdc_device.c.obj
                0x20009414                tud_cdc_n_read
 .text.tud_cdc_n_write
                0x20009460       0x68 CMakeFiles/dreamdrivecast_mcu2.dir/Users/kaili/Code/pico-sdk/lib/tinyusb/src/class/cdc/cdc_device.c.obj
                0x20009460                tud_cdc_n_write
 .text.tud_cdc_n_write_flush
                0x200094c8      0x110 CMakeFiles/dreamdrivecast_mcu2.dir/Users/kaili/Code/pico-sdk/lib/tinyusb/src/class/cdc/cdc_device.c.obj
                0x200094c8                tud_cdc_n_write_flush
 .text.tud_cdc_n_write_available
                0x200095d8       0x34 CMakeFiles/dreamdrivecast_mcu2.dir/Users/kaili/Code/pico-sdk/lib/tinyusb/src/class/cdc/cdc_device.c.obj
                0x200095d8                tud_cdc_n_write_available
 .text.cdcd_init
                0x2000960c      0x128 CMakeFiles/dreamdrivecast_mcu2.dir/Users/kaili/Code/pico-sdk/lib/tinyusb/src/class/cdc/cdc_device.c.obj
                0x2000960c                cdcd_init
 .text.cdcd_reset
                0x20009734       0x78 CMakeFiles/dreamdrivecast_mcu2.dir/Users/kaili/Code/pico-sdk/lib/tinyusb/src/class/cdc/cdc_device.c.obj
                0x20009734                cdcd_reset
 .text.cdcd_open
                0x200097ac      0x1e8 CMakeFiles/dreamdrivecast_mcu2.dir/Users/kaili/Code/pico-sdk/lib/tinyusb/src/class/cdc/cdc_device.c.obj
                0x200097ac                cdcd_open
 .text.cdcd_control_xfer_cb
                0x20009994      0x238 CMakeFiles/dreamdrivecast_mcu2.dir/Users/kaili/Code/pico-sdk/lib/tinyusb/src/class/cdc/cdc_device.c.obj
                0x20009994                cdcd_control_xfer_cb
 .text.cdcd_xfer_cb
                0x20009bcc      0x1b8 CMakeFiles/dreamdrivecast_mcu2.dir/Users/kaili/Code/pico-sdk/lib/tinyusb/src/class/cdc/cdc_device.c.obj
                0x20009bcc                cdcd_xfer_cb
 .text.tusb_init
                0x20009d84       0x24 CMakeFiles/dreamdrivecast_mcu2.dir/Users/kaili/Code/pico-sdk/lib/tinyusb/src/tusb.c.obj
                0x20009d84                tusb_init
 .text.tusb_inited
                0x20009da8       0x3a CMakeFiles/dreamdrivecast_mcu2.dir/Users/kaili/Code/pico-sdk/lib/tinyusb/src/tusb.c.obj
                0x20009da8                tusb_inited
 .text.tu_edpt_claim
                0x20009de2       0x9c CMakeFiles/dreamdrivecast_mcu2.dir/Users/kaili/Code/pico-sdk/lib/tinyusb/src/tusb.c.obj
                0x20009de2                tu_edpt_claim
 .text.tu_edpt_release
                0x20009e7e       0x7c CMakeFiles/dreamdrivecast_mcu2.dir/Users/kaili/Code/pico-sdk/lib/tinyusb/src/tusb.c.obj
                0x20009e7e                tu_edpt_release
 *fill*         0x20009efa        0x2 
 .text.tu_edpt_validate
                0x20009efc       0xd8 CMakeFiles/dreamdrivecast_mcu2.dir/Users/kaili/Code/pico-sdk/lib/tinyusb/src/tusb.c.obj
                0x20009efc                tu_edpt_validate
 .text.tu_edpt_bind_driver
                0x20009fd4       0x98 CMakeFiles/dreamdrivecast_mcu2.dir/Users/kaili/Code/pico-sdk/lib/tinyusb/src/tusb.c.obj
                0x20009fd4                tu_edpt_bind_driver
 .text.tu_fifo_config
                0x2000a06c       0xfc CMakeFiles/dreamdrivecast_mcu2.dir/Users/kaili/Code/pico-sdk/lib/tinyusb/src/common/tusb_fifo.c.obj
                0x2000a06c                tu_fifo_config
 .text._ff_push_const_addr
                0x2000a168       0xd0 CMakeFiles/dreamdrivecast_mcu2.dir/Users/kaili/Code/pico-sdk/lib/tinyusb/src/common/tusb_fifo.c.obj
 .text._ff_pull_const_addr
                0x2000a238       0x96 CMakeFiles/dreamdrivecast_mcu2.dir/Users/kaili/Code/pico-sdk/lib/tinyusb/src/common/tusb_fifo.c.obj
 .text._ff_push
                0x2000a2ce       0x40 CMakeFiles/dreamdrivecast_mcu2.dir/Users/kaili/Code/pico-sdk/lib/tinyusb/src/common/tusb_fifo.c.obj
 .text._ff_push_n
                0x2000a30e      0x22a CMakeFiles/dreamdrivecast_mcu2.dir/Users/kaili/Code/pico-sdk/lib/tinyusb/src/common/tusb_fifo.c.obj
 .text._ff_pull
                0x2000a538       0x40 CMakeFiles/dreamdrivecast_mcu2.dir/Users/kaili/Code/pico-sdk/lib/tinyusb/src/common/tusb_fifo.c.obj
 .text._ff_pull_n
                0x2000a578      0x22e CMakeFiles/dreamdrivecast_mcu2.dir/Users/kaili/Code/pico-sdk/lib/tinyusb/src/common/tusb_fifo.c.obj
 .text.advance_index
                0x2000a7a6       0x76 CMakeFiles/dreamdrivecast_mcu2.dir/Users/kaili/Code/pico-sdk/lib/tinyusb/src/common/tusb_fifo.c.obj
 .text._tu_fifo_peek
                0x2000a81c      0x140 CMakeFiles/dreamdrivecast_mcu2.dir/Users/kaili/Code/pico-sdk/lib/tinyusb/src/common/tusb_fifo.c.obj
 .text._tu_fifo_peek_n
                0x2000a95c      0x16a CMakeFiles/dreamdrivecast_mcu2.dir/Users/kaili/Code/pico-sdk/lib/tinyusb/src/common/tusb_fifo.c.obj
 .text._tu_fifo_write_n
                0x2000aac6      0x2c6 CMakeFiles/dreamdrivecast_mcu2.dir/Users/kaili/Code/pico-sdk/lib/tinyusb/src/common/tusb_fifo.c.obj
 .text._tu_fifo_read_n
                0x2000ad8c       0xa6 CMakeFiles/dreamdrivecast_mcu2.dir/Users/kaili/Code/pico-sdk/lib/tinyusb/src/common/tusb_fifo.c.obj
 .text.tu_fifo_count
                0x2000ae32       0x94 CMakeFiles/dreamdrivecast_mcu2.dir/Users/kaili/Code/pico-sdk/lib/tinyusb/src/common/tusb_fifo.c.obj
                0x2000ae32                tu_fifo_count
 .text.tu_fifo_empty
                0x2000aec6       0x24 CMakeFiles/dreamdrivecast_mcu2.dir/Users/kaili/Code/pico-sdk/lib/tinyusb/src/common/tusb_fifo.c.obj
                0x2000aec6                tu_fifo_empty
 .text.tu_fifo_full
                0x2000aeea       0x7c CMakeFiles/dreamdrivecast_mcu2.dir/Users/kaili/Code/pico-sdk/lib/tinyusb/src/common/tusb_fifo.c.obj
                0x2000aeea                tu_fifo_full
 .text.tu_fifo_remaining
                0x2000af66       0xac CMakeFiles/dreamdrivecast_mcu2.dir/Users/kaili/Code/pico-sdk/lib/tinyusb/src/common/tusb_fifo.c.obj
                0x2000af66                tu_fifo_remaining
 .text.tu_fifo_read
                0x2000b012       0x90 CMakeFiles/dreamdrivecast_mcu2.dir/Users/kaili/Code/pico-sdk/lib/tinyusb/src/common/tusb_fifo.c.obj
                0x2000b012                tu_fifo_read
 .text.tu_fifo_read_n
                0x2000b0a2       0x26 CMakeFiles/dreamdrivecast_mcu2.dir/Users/kaili/Code/pico-sdk/lib/tinyusb/src/common/tusb_fifo.c.obj
                0x2000b0a2                tu_fifo_read_n
 .text.tu_fifo_write
                0x2000b0c8       0xfe CMakeFiles/dreamdrivecast_mcu2.dir/Users/kaili/Code/pico-sdk/lib/tinyusb/src/common/tusb_fifo.c.obj
                0x2000b0c8                tu_fifo_write
 .text.tu_fifo_write_n
                0x2000b1c6       0x26 CMakeFiles/dreamdrivecast_mcu2.dir/Users/kaili/Code/pico-sdk/lib/tinyusb/src/common/tusb_fifo.c.obj
                0x2000b1c6                tu_fifo_write_n
 .text.tu_fifo_clear
                0x2000b1ec       0x9a CMakeFiles/dreamdrivecast_mcu2.dir/Users/kaili/Code/pico-sdk/lib/tinyusb/src/common/tusb_fifo.c.obj
                0x2000b1ec                tu_fifo_clear
 .text.tu_fifo_set_overwritable
                0x2000b286       0xaa CMakeFiles/dreamdrivecast_mcu2.dir/Users/kaili/Code/pico-sdk/lib/tinyusb/src/common/tusb_fifo.c.obj
                0x2000b286                tu_fifo_set_overwritable
 .text._pio_major_instr_bits
                0x2000b330       0x18 CMakeFiles/dreamdrivecast_mcu2.dir/Users/kaili/Code/pico-sdk/src/rp2_common/hardware_pio/pio.c.obj
 .text._pio_encode_instr_and_args
                0x2000b348       0x2c CMakeFiles/dreamdrivecast_mcu2.dir/Users/kaili/Code/pico-sdk/src/rp2_common/hardware_pio/pio.c.obj
 .text._pio_encode_instr_and_src_dest
                0x2000b374       0x34 CMakeFiles/dreamdrivecast_mcu2.dir/Users/kaili/Code/pico-sdk/src/rp2_common/hardware_pio/pio.c.obj
 .text.pio_encode_jmp
                0x2000b3a8       0x1e CMakeFiles/dreamdrivecast_mcu2.dir/Users/kaili/Code/pico-sdk/src/rp2_common/hardware_pio/pio.c.obj
 .text.pio_encode_set
                0x2000b3c6       0x28 CMakeFiles/dreamdrivecast_mcu2.dir/Users/kaili/Code/pico-sdk/src/rp2_common/hardware_pio/pio.c.obj
 .text.check_sm_param
                0x2000b3ee       0x10 CMakeFiles/dreamdrivecast_mcu2.dir/Users/kaili/Code/pico-sdk/src/rp2_common/hardware_pio/pio.c.obj
 .text.check_pio_param
                0x2000b3fe       0x10 CMakeFiles/dreamdrivecast_mcu2.dir/Users/kaili/Code/pico-sdk/src/rp2_common/hardware_pio/pio.c.obj
 .text.sm_config_set_clkdiv_int_frac
                0x2000b40e       0x32 CMakeFiles/dreamdrivecast_mcu2.dir/Users/kaili/Code/pico-sdk/src/rp2_common/hardware_pio/pio.c.obj
 .text.sm_config_set_wrap
                0x2000b440       0x30 CMakeFiles/dreamdrivecast_mcu2.dir/Users/kaili/Code/pico-sdk/src/rp2_common/hardware_pio/pio.c.obj
 .text.sm_config_set_in_shift
                0x2000b470       0x68 CMakeFiles/dreamdrivecast_mcu2.dir/Users/kaili/Code/pico-sdk/src/rp2_common/hardware_pio/pio.c.obj
 .text.sm_config_set_out_shift
                0x2000b4d8       0x68 CMakeFiles/dreamdrivecast_mcu2.dir/Users/kaili/Code/pico-sdk/src/rp2_common/hardware_pio/pio.c.obj
 .text.pio_get_default_sm_config
                0x2000b540       0x5c CMakeFiles/dreamdrivecast_mcu2.dir/Users/kaili/Code/pico-sdk/src/rp2_common/hardware_pio/pio.c.obj
 .text.pio_sm_set_config
                0x2000b59c       0x84 CMakeFiles/dreamdrivecast_mcu2.dir/Users/kaili/Code/pico-sdk/src/rp2_common/hardware_pio/pio.c.obj
 .text.pio_get_index
                0x2000b620       0x2c CMakeFiles/dreamdrivecast_mcu2.dir/Users/kaili/Code/pico-sdk/src/rp2_common/hardware_pio/pio.c.obj
 .text.pio_sm_set_enabled
                0x2000b64c       0x48 CMakeFiles/dreamdrivecast_mcu2.dir/Users/kaili/Code/pico-sdk/src/rp2_common/hardware_pio/pio.c.obj
 .text.pio_sm_restart
                0x2000b694       0x40 CMakeFiles/dreamdrivecast_mcu2.dir/Users/kaili/Code/pico-sdk/src/rp2_common/hardware_pio/pio.c.obj
 .text.pio_sm_clkdiv_restart
                0x2000b6d4       0x40 CMakeFiles/dreamdrivecast_mcu2.dir/Users/kaili/Code/pico-sdk/src/rp2_common/hardware_pio/pio.c.obj
 .text.pio_sm_exec
                0x2000b714       0x3a CMakeFiles/dreamdrivecast_mcu2.dir/Users/kaili/Code/pico-sdk/src/rp2_common/hardware_pio/pio.c.obj
 .text.pio_sm_clear_fifos
                0x2000b74e       0x6e CMakeFiles/dreamdrivecast_mcu2.dir/Users/kaili/Code/pico-sdk/src/rp2_common/hardware_pio/pio.c.obj
 .text._pio_find_offset_for_program
                0x2000b7bc       0xac CMakeFiles/dreamdrivecast_mcu2.dir/Users/kaili/Code/pico-sdk/src/rp2_common/hardware_pio/pio.c.obj
 .text._pio_can_add_program_at_offset
                0x2000b868       0x68 CMakeFiles/dreamdrivecast_mcu2.dir/Users/kaili/Code/pico-sdk/src/rp2_common/hardware_pio/pio.c.obj
 .text._pio_add_program_at_offset
                0x2000b8d0       0xd8 CMakeFiles/dreamdrivecast_mcu2.dir/Users/kaili/Code/pico-sdk/src/rp2_common/hardware_pio/pio.c.obj
 .text.pio_add_program
                0x2000b9a8       0x54 CMakeFiles/dreamdrivecast_mcu2.dir/Users/kaili/Code/pico-sdk/src/rp2_common/hardware_pio/pio.c.obj
                0x2000b9a8                pio_add_program
 .text.pio_sm_set_pindirs_with_mask
                0x2000b9fc      0x102 CMakeFiles/dreamdrivecast_mcu2.dir/Users/kaili/Code/pico-sdk/src/rp2_common/hardware_pio/pio.c.obj
                0x2000b9fc                pio_sm_set_pindirs_with_mask
 *fill*         0x2000bafe        0x2 
 .text.pio_sm_init
                0x2000bb00       0x98 CMakeFiles/dreamdrivecast_mcu2.dir/Users/kaili/Code/pico-sdk/src/rp2_common/hardware_pio/pio.c.obj
                0x2000bb00                pio_sm_init
 .text          0x2000bb98        0x4 /Applications/ArmGNUToolchain/12.3.rel1/arm-none-eabi/bin/../lib/gcc/arm-none-eabi/12.3.1/thumb/v6-m/nofp/libgcc.a(_dvmd_tls.o)
                0x2000bb98                __aeabi_ldiv0
                0x2000bb98                __aeabi_idiv0
 .text.strlen   0x2000bb9c       0x5c /Applications/ArmGNUToolchain/12.3.rel1/arm-none-eabi/bin/../lib/gcc/arm-none-eabi/12.3.1/../../../../arm-none-eabi/lib/thumb/v6-m/nofp/libg.a(libc_a-strlen-stub.o)
                0x2000bb9c                strlen
 *(.fini)
 .fini          0x2000bbf8        0x4 /Applications/ArmGNUToolchain/12.3.rel1/arm-none-eabi/bin/../lib/gcc/arm-none-eabi/12.3.1/thumb/v6-m/nofp/crti.o
                0x2000bbf8                _fini
 *crtbegin.o(.ctors)
 *crtbegin?.o(.ctors)
 *(EXCLUDE_FILE(*crtend.o *crtend?.o) .ctors)
 *(SORT_BY_NAME(.ctors.*))
 *(.ctors)
 *crtbegin.o(.dtors)
 *crtbegin?.o(.dtors)
 *(EXCLUDE_FILE(*crtend.o *crtend?.o) .dtors)
 *(SORT_BY_NAME(.dtors.*))
 *(.dtors)
 *(.eh_frame*)
 .eh_frame      0x2000bbfc        0x0 /Applications/ArmGNUToolchain/12.3.rel1/arm-none-eabi/bin/../lib/gcc/arm-none-eabi/12.3.1/thumb/v6-m/nofp/crtbegin.o
                0x2000bbfc                        . = ALIGN (0x4)
                0x2000bbfc                        __ram_text_end__ = .
                0x100002f8                        __ram_text_source__ = LOADADDR (.text)

.glue_7         0x2000bbfc        0x0 load address 0x1000be34
 .glue_7        0x2000bbfc        0x0 linker stubs

.glue_7t        0x2000bbfc        0x0 load address 0x1000be34
 .glue_7t       0x2000bbfc        0x0 linker stubs

.vfp11_veneer   0x2000bbfc        0x0 load address 0x1000be34
 .vfp11_veneer  0x2000bbfc        0x0 linker stubs

.v4_bx          0x2000bbfc        0x0 load address 0x1000be34
 .v4_bx         0x2000bbfc        0x0 linker stubs

.iplt           0x2000bbfc        0x0 load address 0x1000be34
 .iplt          0x2000bbfc        0x0 /Applications/ArmGNUToolchain/12.3.rel1/arm-none-eabi/bin/../lib/gcc/arm-none-eabi/12.3.1/thumb/v6-m/nofp/crtbegin.o

.rel.dyn        0x2000bbfc        0x0 load address 0x1000be34
 .rel.iplt      0x2000bbfc        0x0 /Applications/ArmGNUToolchain/12.3.rel1/arm-none-eabi/bin/../lib/gcc/arm-none-eabi/12.3.1/thumb/v6-m/nofp/crtbegin.o
                0x2000bbfc                        . = ALIGN (0x4)

.data           0x2000bc00     0x18e8 load address 0x1000be34
                0x2000bc00                        __data_start__ = .
 *(vtable)
 *(.time_critical*)
 .time_critical.mutex_try_enter
                0x2000bc00       0xb2 CMakeFiles/dreamdrivecast_mcu2.dir/Users/kaili/Code/pico-sdk/src/common/pico_sync/mutex.c.obj
                0x2000bc00                mutex_try_enter
 .time_critical.mutex_try_enter_block_until
                0x2000bcb2       0x56 CMakeFiles/dreamdrivecast_mcu2.dir/Users/kaili/Code/pico-sdk/src/common/pico_sync/mutex.c.obj
                0x2000bcb2                mutex_try_enter_block_until
 .time_critical.mutex_enter_timeout_ms
                0x2000bd08       0x28 CMakeFiles/dreamdrivecast_mcu2.dir/Users/kaili/Code/pico-sdk/src/common/pico_sync/mutex.c.obj
                0x2000bd08                mutex_enter_timeout_ms
 .time_critical.mutex_enter_block_until
                0x2000bd30       0xd6 CMakeFiles/dreamdrivecast_mcu2.dir/Users/kaili/Code/pico-sdk/src/common/pico_sync/mutex.c.obj
                0x2000bd30                mutex_enter_block_until
 .time_critical.mutex_exit
                0x2000be06       0x7a CMakeFiles/dreamdrivecast_mcu2.dir/Users/kaili/Code/pico-sdk/src/common/pico_sync/mutex.c.obj
                0x2000be06                mutex_exit
 .time_critical.flash_init_boot2_copyout
                0x2000be80       0x50 CMakeFiles/dreamdrivecast_mcu2.dir/Users/kaili/Code/pico-sdk/src/rp2_common/hardware_flash/flash.c.obj
 .time_critical.flash_enable_xip_via_boot2
                0x2000bed0       0x14 CMakeFiles/dreamdrivecast_mcu2.dir/Users/kaili/Code/pico-sdk/src/rp2_common/hardware_flash/flash.c.obj
 .time_critical.flash_cs_force
                0x2000bee4       0x5c CMakeFiles/dreamdrivecast_mcu2.dir/Users/kaili/Code/pico-sdk/src/rp2_common/hardware_flash/flash.c.obj
 .time_critical.flash_do_cmd
                0x2000bf40      0x14c CMakeFiles/dreamdrivecast_mcu2.dir/Users/kaili/Code/pico-sdk/src/rp2_common/hardware_flash/flash.c.obj
                0x2000bf40                flash_do_cmd
 .time_critical.hw_handle_buff_status
                0x2000c08c      0x138 CMakeFiles/dreamdrivecast_mcu2.dir/Users/kaili/Code/pico-sdk/lib/tinyusb/src/portable/raspberrypi/rp2040/dcd_rp2040.c.obj
 .time_critical.reset_non_control_endpoints
                0x2000c1c4       0x6c CMakeFiles/dreamdrivecast_mcu2.dir/Users/kaili/Code/pico-sdk/lib/tinyusb/src/portable/raspberrypi/rp2040/dcd_rp2040.c.obj
 .time_critical.dcd_rp2040_irq
                0x2000c230      0x340 CMakeFiles/dreamdrivecast_mcu2.dir/Users/kaili/Code/pico-sdk/lib/tinyusb/src/portable/raspberrypi/rp2040/dcd_rp2040.c.obj
 .time_critical.hw_endpoint_reset_transfer
                0x2000c570       0x28 CMakeFiles/dreamdrivecast_mcu2.dir/Users/kaili/Code/pico-sdk/lib/tinyusb/src/portable/raspberrypi/rp2040/rp2040_usb.c.obj
                0x2000c570                hw_endpoint_reset_transfer
 .time_critical._hw_endpoint_buffer_control_update32
                0x2000c598       0xb4 CMakeFiles/dreamdrivecast_mcu2.dir/Users/kaili/Code/pico-sdk/lib/tinyusb/src/portable/raspberrypi/rp2040/rp2040_usb.c.obj
                0x2000c598                _hw_endpoint_buffer_control_update32
 .time_critical.prepare_ep_buffer
                0x2000c64c       0xea CMakeFiles/dreamdrivecast_mcu2.dir/Users/kaili/Code/pico-sdk/lib/tinyusb/src/portable/raspberrypi/rp2040/rp2040_usb.c.obj
 *fill*         0x2000c736        0x2 
 .time_critical.hw_endpoint_start_next_buffer
                0x2000c738      0x110 CMakeFiles/dreamdrivecast_mcu2.dir/Users/kaili/Code/pico-sdk/lib/tinyusb/src/portable/raspberrypi/rp2040/rp2040_usb.c.obj
                0x2000c738                hw_endpoint_start_next_buffer
 .time_critical.sync_ep_buffer
                0x2000c848       0xb4 CMakeFiles/dreamdrivecast_mcu2.dir/Users/kaili/Code/pico-sdk/lib/tinyusb/src/portable/raspberrypi/rp2040/rp2040_usb.c.obj
 .time_critical._hw_endpoint_xfer_sync
                0x2000c8fc       0x52 CMakeFiles/dreamdrivecast_mcu2.dir/Users/kaili/Code/pico-sdk/lib/tinyusb/src/portable/raspberrypi/rp2040/rp2040_usb.c.obj
 *fill*         0x2000c94e        0x2 
 .time_critical.hw_endpoint_xfer_continue
                0x2000c950       0xb4 CMakeFiles/dreamdrivecast_mcu2.dir/Users/kaili/Code/pico-sdk/lib/tinyusb/src/portable/raspberrypi/rp2040/rp2040_usb.c.obj
                0x2000c950                hw_endpoint_xfer_continue
 .time_critical.e15_is_bulkin_ep
                0x2000ca04       0x58 CMakeFiles/dreamdrivecast_mcu2.dir/Users/kaili/Code/pico-sdk/lib/tinyusb/src/portable/raspberrypi/rp2040/rp2040_usb.c.obj
 .time_critical.e15_is_critical_frame_period
                0x2000ca5c       0x58 CMakeFiles/dreamdrivecast_mcu2.dir/Users/kaili/Code/pico-sdk/lib/tinyusb/src/portable/raspberrypi/rp2040/rp2040_usb.c.obj
 .time_critical.tinyusb
                0x2000cab4      0x2c4 CMakeFiles/dreamdrivecast_mcu2.dir/Users/kaili/Code/pico-sdk/lib/tinyusb/src/device/usbd.c.obj
                0x2000cab4                dcd_event_handler
                0x2000cd78                        . = ALIGN (0x4)
 *(.rodata*)
 .rodata        0x2000cd78       0x38 CMakeFiles/dreamdrivecast_mcu2.dir/mcu2.c.obj
 .rodata.interconnect_read_from_dreamcast_program_instructions
                0x2000cdb0       0x12 CMakeFiles/dreamdrivecast_mcu2.dir/mcu2.c.obj
 *fill*         0x2000cdc2        0x2 
 .rodata.interconnect_read_from_dreamcast_program
                0x2000cdc4        0x6 CMakeFiles/dreamdrivecast_mcu2.dir/mcu2.c.obj
 *fill*         0x2000cdca        0x2 
 .rodata.write_to_dreamcast_program_instructions
                0x2000cdcc       0x10 CMakeFiles/dreamdrivecast_mcu2.dir/mcu2.c.obj
 .rodata.write_to_dreamcast_program
                0x2000cddc        0x6 CMakeFiles/dreamdrivecast_mcu2.dir/mcu2.c.obj
 *fill*         0x2000cde2        0x2 
 .rodata        0x2000cde4       0x38 CMakeFiles/dreamdrivecast_mcu2.dir/Users/kaili/Code/pico-sdk/src/rp2_common/hardware_timer/timer.c.obj
 .rodata        0x2000ce1c       0x3b CMakeFiles/dreamdrivecast_mcu2.dir/Users/kaili/Code/pico-sdk/src/rp2_common/hardware_sync/sync.c.obj
 *fill*         0x2000ce57        0x1 
 .rodata        0x2000ce58       0x37 CMakeFiles/dreamdrivecast_mcu2.dir/Users/kaili/Code/pico-sdk/src/rp2_common/hardware_irq/irq.c.obj
 *fill*         0x2000ce8f        0x1 
 .rodata        0x2000ce90       0x74 CMakeFiles/dreamdrivecast_mcu2.dir/Users/kaili/Code/pico-sdk/src/rp2_common/pico_runtime/runtime.c.obj
 .rodata        0x2000cf04       0x18 CMakeFiles/dreamdrivecast_mcu2.dir/Users/kaili/Code/pico-sdk/src/rp2_common/pico_printf/printf.c.obj
 .rodata._vsnprintf
                0x2000cf1c      0x19c CMakeFiles/dreamdrivecast_mcu2.dir/Users/kaili/Code/pico-sdk/src/rp2_common/pico_printf/printf.c.obj
 .rodata.pow10.0
                0x2000d0b8       0x50 CMakeFiles/dreamdrivecast_mcu2.dir/Users/kaili/Code/pico-sdk/src/rp2_common/pico_printf/printf.c.obj
 .rodata        0x2000d108       0x4f CMakeFiles/dreamdrivecast_mcu2.dir/Users/kaili/Code/pico-sdk/src/rp2_common/pico_standard_link/binary_info.c.obj
 *fill*         0x2000d157        0x1 
 .rodata.__bi_44
                0x2000d158        0xc CMakeFiles/dreamdrivecast_mcu2.dir/Users/kaili/Code/pico-sdk/src/rp2_common/pico_standard_link/binary_info.c.obj
 .rodata.__bi_75
                0x2000d164        0xc CMakeFiles/dreamdrivecast_mcu2.dir/Users/kaili/Code/pico-sdk/src/rp2_common/pico_standard_link/binary_info.c.obj
 .rodata.__bi_81
                0x2000d170        0xc CMakeFiles/dreamdrivecast_mcu2.dir/Users/kaili/Code/pico-sdk/src/rp2_common/pico_standard_link/binary_info.c.obj
 .rodata.crlf_str.0
                0x2000d17c        0x2 CMakeFiles/dreamdrivecast_mcu2.dir/Users/kaili/Code/pico-sdk/src/rp2_common/pico_stdio/stdio.c.obj
 *fill*         0x2000d17e        0x2 
 .rodata._resetd_driver
                0x2000d180       0x18 CMakeFiles/dreamdrivecast_mcu2.dir/Users/kaili/Code/pico-sdk/src/rp2_common/pico_stdio_usb/reset_interface.c.obj
 .rodata        0x2000d198       0x13 CMakeFiles/dreamdrivecast_mcu2.dir/Users/kaili/Code/pico-sdk/src/rp2_common/pico_stdio_usb/stdio_usb.c.obj
 *fill*         0x2000d1ab        0x1 
 .rodata.__bi_182.1
                0x2000d1ac        0xc CMakeFiles/dreamdrivecast_mcu2.dir/Users/kaili/Code/pico-sdk/src/rp2_common/pico_stdio_usb/stdio_usb.c.obj
 .rodata.usbd_desc_device
                0x2000d1b8       0x12 CMakeFiles/dreamdrivecast_mcu2.dir/Users/kaili/Code/pico-sdk/src/rp2_common/pico_stdio_usb/stdio_usb_descriptors.c.obj
 *fill*         0x2000d1ca        0x2 
 .rodata.usbd_desc_cfg